195.77.230.189 - - [29/Mar/2020:16:05:50 +0000] "GET /some-url HTTP/1.1" 200 1425 0.009 "https://example.com" "Mozilla/5.0 (X11; Fedora; Linux x86_64) AppleWebKit/537.36 (KHTML, like Gecko) Chrome/61.0.3163.100 Safari/537.36" [upstream: 127.0.0.1:8000 200] request_id=-
195.77.230.189 - - [29/Mar/2020:16:05:50 +0000] "GET /some-url HTTP/1.1" 200 1425 0.009 "https://example.com" "Mozilla/5.0 (X11; Fedora; Linux x86_64) AppleWebKit/537.36 (KHTML, like Gecko) Chrome/61.0.3163.100 Safari/537.36" [upstream: 127.0.0.1:8000 200] request_id=-
195.77.230.189 - - [29/Mar/2020:16:05:50 +0000] "GET /some-url HTTP/1.1" 200 1425 0.009 "https://example.com" "Mozilla/5.0 (X11; Fedora; Linux x86_64) AppleWebKit/537.36 (KHTML, like Gecko) Chrome/61.0.3163.100 Safari/537.36" [upstream: 127.0.0.1:8000 200] request_id=-
195.77.230.189 - - [29/Mar/2020:16:05:50 +0000] "GET /some-url HTTP/1.1" 200 1425 0.009 "https://example.com" "Mozilla/5.0 (X11; Fedora; Linux x86_64) AppleWebKit/537.36 (KHTML, like Gecko) Chrome/61.0.3163.100 Safari/537.36" [upstream: 127.0.0.1:8000 200] request_id=-
195.77.230.189 - - [29/Mar/2020:16:05:50 +0000] "GET /some-url HTTP/1.1" 200 1425 0.009 "https://example.com" "Mozilla/5.0 (X11; Fedora; Linux x86_64) AppleWebKit/537.36 (KHTML, like Gecko) Chrome/61.0.3163.100 Safari/537.36" [upstream: 127.0.0.1:8000 200] request_id=-
195.77.230.189 - - [29/Mar/2020:16:05:50 +0000] "GET /some-url HTTP/1.1" 200 1425 0.009 "https://example.com" "Mozilla/5.0 (X11; Fedora; Linux x86_64) AppleWebKit/537.36 (KHTML, like Gecko) Chrome/61.0.3163.100 Safari/537.36" [upstream: 127.0.0.1:8000 200] request_id=-
195.77.230.189 - - [29/Mar/2020:16:05:50 +0000] "GET /some-url HTTP/1.1" 200 1425 0.009 "https://example.com" "Mozilla/5.0 (X11; Fedora; Linux x86_64) AppleWebKit/537.36 (KHTML, like Gecko) Chrome/61.0.3163.100 Safari/537.36" [upstream: 127.0.0.1:8000 200] request_id=-
195.77.230.189 - - [29/Mar/2020:16:05:50 +0000] "GET /some-url HTTP/1.1" 200 1425 0.009 "https://example.com" "Mozilla/5.0 (X11; Fedora; Linux x86_64) AppleWebKit/537.36 (KHTML, like Gecko) Chrome/61.0.3163.100 Safari/537.36" [upstream: 127.0.0.1:8000 200] request_id=-
195.77.230.189 - - [29/Mar/2020:16:05:50 +0000] "GET /some-url HTTP/1.1" 200 1425 0.009 "https://example.com" "Mozilla/5.0 (X11; Fedora; Linux x86_64) AppleWebKit/537.36 (KHTML, like Gecko) Chrome/61.0.3163.100 Safari/537.36" [upstream: 127.0.0.1:8000 200] request_id=-
195.77.230.189 - - [29/Mar/2020:16:05:50 +0000] "GET /some-url HTTP/1.1" 200 1425 0.009 "https://example.com" "Mozilla/5.0 (X11; Fedora; Linux x86_64) AppleWebKit/537.36 (KHTML, like Gecko) Chrome/61.0.3163.100 Safari/537.36" [upstream: 127.0.0.1:8000 200] request_id=-
195.77.230.189 - - [29/Mar/2020:16:05:50 +0000] "GET /some-url HTTP/1.1" 200 1425 0.009 "https://example.com" "Mozilla/5.0 (X11; Fedora; Linux x86_64) AppleWebKit/537.36 (KHTML, like Gecko) Chrome/61.0.3163.100 Safari/537.36" [upstream: 127.0.0.1:8000 200] request_id=-
195.77.230.189 - - [29/Mar/2020:16:05:50 +0000] "GET /some-url HTTP/1.1" 200 1425 0.009 "https://example.com" "Mozilla/5.0 (X11; Fedora; Linux x86_64) AppleWebKit/537.36 (KHTML, like Gecko) Chrome/61.0.3163.100 Safari/537.36" [upstream: 127.0.0.1:8000 200] request_id=-
195.77.230.189 - - [29/Mar/2020:16:05:50 +0000] "GET /some-url HTTP/1.1" 200 1425 0.009 "https://example.com" "Mozilla/5.0 (X11; Fedora; Linux x86_64) AppleWebKit/537.36 (KHTML, like Gecko) Chrome/61.0.3163.100 Safari/537.36" [upstream: 127.0.0.1:8000 200] request_id=-
195.77.230.189 - - [29/Mar/2020:16:05:50 +0000] "GET /some-url HTTP/1.1" 200 1425 0.009 "https://example.com" "Mozilla/5.0 (X11; Fedora; Linux x86_64) AppleWebKit/537.36 (KHTML, like Gecko) Chrome/61.0.3163.100 Safari/537.36" [upstream: 127.0.0.1:8000 200] request_id=-
195.77.230.189 - - [29/Mar/2020:16:05:50 +0000] "GET /some-url HTTP/1.1" 200 1425 0.009 "https://example.com" "Mozilla/5.0 (X11; Fedora; Linux x86_64) AppleWebKit/537.36 (KHTML, like Gecko) Chrome/61.0.3163.100 Safari/537.36" [upstream: 127.0.0.1:8000 200] request_id=-
195.77.230.189 - - [29/Mar/2020:16:05:50 +0000] "GET /some-url HTTP/1.1" 200 1793 0.009 "https://example.com" "Mozilla/5.0 (X11; Fedora; Linux x86_64) AppleWebKit/537.36 (KHTML, like Gecko) Chrome/61.0.3163.100 Safari/537.36" [upstream: 127.0.0.1:8000 200] request_id=-
195.77.230.189 - - [29/Mar/2020:16:05:50 +0000] "GET /some-url HTTP/1.1" 200 1793 0.009 "https://example.com" "Mozilla/5.0 (X11; Fedora; Linux x86_64) AppleWebKit/537.36 (KHTML, like Gecko) Chrome/61.0.3163.100 Safari/537.36" [upstream: 127.0.0.1:8000 200] request_id=-
195.77.230.189 - - [29/Mar/2020:16:05:50 +0000] "GET /some-url HTTP/1.1" 200 1793 0.009 "https://example.com" "Mozilla/5.0 (X11; Fedora; Linux x86_64) AppleWebKit/537.36 (KHTML, like Gecko) Chrome/61.0.3163.100 Safari/537.36" [upstream: 127.0.0.1:8000 200] request_id=-
195.77.230.189 - - [29/Mar/2020:16:05:50 +0000] "GET /some-url HTTP/1.1" 200 1793 0.009 "https://example.com" "Mozilla/5.0 (X11; Fedora; Linux x86_64) AppleWebKit/537.36 (KHTML, like Gecko) Chrome/61.0.3163.100 Safari/537.36" [upstream: 127.0.0.1:8000 200] request_id=-
195.77.230.189 - - [29/Mar/2020:16:05:50 +0000] "GET /some-url HTTP/1.1" 200 1793 0.009 "https://example.com" "Mozilla/5.0 (X11; Fedora; Linux x86_64) AppleWebKit/537.36 (KHTML, like Gecko) Chrome/61.0.3163.100 Safari/537.36" [upstream: 127.0.0.1:8000 200] request_id=-
195.77.230.189 - - [29/Mar/2020:16:05:50 +0000] "GET /some-url HTTP/1.1" 200 1793 0.009 "https://example.com" "Mozilla/5.0 (X11; Fedora; Linux x86_64) AppleWebKit/537.36 (KHTML, like Gecko) Chrome/61.0.3163.100 Safari/537.36" [upstream: 127.0.0.1:8000 200] request_id=-
195.77.230.189 - - [29/Mar/2020:16:05:50 +0000] "GET /some-url HTTP/1.1" 200 1793 0.009 "https://example.com" "Mozilla/5.0 (X11; Fedora; Linux x86_64) AppleWebKit/537.36 (KHTML, like Gecko) Chrome/61.0.3163.100 Safari/537.36" [upstream: 127.0.0.1:8000 200] request_id=-
195.77.230.189 - - [29/Mar/2020:16:05:50 +0000] "GET /some-url HTTP/1.1" 200 1793 0.009 "https://example.com" "Mozilla/5.0 (X11; Fedora; Linux x86_64) AppleWebKit/537.36 (KHTML, like Gecko) Chrome/61.0.3163.100 Safari/537.36" [upstream: 127.0.0.1:8000 200] request_id=-
195.77.230.189 - - [29/Mar/2020:16:05:50 +0000] "GET /some-url HTTP/1.1" 200 1793 0.009 "https://example.com" "Mozilla/5.0 (X11; Fedora; Linux x86_64) AppleWebKit/537.36 (KHTML, like Gecko) Chrome/61.0.3163.100 Safari/537.36" [upstream: 127.0.0.1:8000 200] request_id=-
195.77.230.189 - - [29/Mar/2020:16:05:50 +0000] "GET /some-url HTTP/1.1" 200 1793 0.009 "https://example.com" "Mozilla/5.0 (X11; Fedora; Linux x86_64) AppleWebKit/537.36 (KHTML, like Gecko) Chrome/61.0.3163.100 Safari/537.36" [upstream: 127.0.0.1:8000 200] request_id=-
195.77.230.189 - - [29/Mar/2020:16:05:50 +0000] "GET /some-url HTTP/1.1" 200 1793 0.009 "https://example.com" "Mozilla/5.0 (X11; Fedora; Linux x86_64) AppleWebKit/537.36 (KHTML, like Gecko) Chrome/61.0.3163.100 Safari/537.36" [upstream: 127.0.0.1:8000 200] request_id=-
195.77.230.189 - - [29/Mar/2020:16:05:50 +0000] "GET /some-url HTTP/1.1" 200 1793 0.009 "https://example.com" "Mozilla/5.0 (X11; Fedora; Linux x86_64) AppleWebKit/537.36 (KHTML, like Gecko) Chrome/61.0.3163.100 Safari/537.36" [upstream: 127.0.0.1:8000 200] request_id=-
195.77.230.189 - - [29/Mar/2020:16:05:50 +0000] "GET /some-url HTTP/1.1" 200 1793 0.009 "https://example.com" "Mozilla/5.0 (X11; Fedora; Linux x86_64) AppleWebKit/537.36 (KHTML, like Gecko) Chrome/61.0.3163.100 Safari/537.36" [upstream: 127.0.0.1:8000 200] request_id=-
195.77.230.189 - - [29/Mar/2020:16:05:50 +0000] "GET /some-url HTTP/1.1" 200 1793 0.009 "https://example.com" "Mozilla/5.0 (X11; Fedora; Linux x86_64) AppleWebKit/537.36 (KHTML, like Gecko) Chrome/61.0.3163.100 Safari/537.36" [upstream: 127.0.0.1:8000 200] request_id=-
195.77.230.189 - - [29/Mar/2020:16:05:50 +0000] "GET /some-url HTTP/1.1" 200 1793 0.009 "https://example.com" "Mozilla/5.0 (X11; Fedora; Linux x86_64) AppleWebKit/537.36 (KHTML, like Gecko) Chrome/61.0.3163.100 Safari/537.36" [upstream: 127.0.0.1:8000 200] request_id=-
195.77.230.189 - - [29/Mar/2020:16:05:50 +0000] "GET /some-url HTTP/1.1" 200 1793 0.009 "https://example.com" "Mozilla/5.0 (X11; Fedora; Linux x86_64) AppleWebKit/537.36 (KHTML, like Gecko) Chrome/61.0.3163.100 Safari/537.36" [upstream: 127.0.0.1:8000 200] request_id=-
195.77.230.189 - - [29/Mar/2020:16:05:50 +0000] "GET /some-url HTTP/1.1" 200 1793 0.009 "https://example.com" "Mozilla/5.0 (X11; Fedora; Linux x86_64) AppleWebKit/537.36 (KHTML, like Gecko) Chrome/61.0.3163.100 Safari/537.36" [upstream: 127.0.0.1:8000 200] request_id=-
195.77.230.189 - - [29/Mar/2020:16:05:50 +0000] "GET /some-url HTTP/1.1" 200 1793 0.009 "https://example.com" "Mozilla/5.0 (X11; Fedora; Linux x86_64) AppleWebKit/537.36 (KHTML, like Gecko) Chrome/61.0.3163.100 Safari/537.36" [upstream: 127.0.0.1:8000 200] request_id=-
195.77.230.189 - - [29/Mar/2020:16:05:50 +0000] "GET /some-url HTTP/1.1" 200 1793 0.009 "https://example.com" "Mozilla/5.0 (X11; Fedora; Linux x86_64) AppleWebKit/537.36 (KHTML, like Gecko) Chrome/61.0.3163.100 Safari/537.36" [upstream: 127.0.0.1:8000 200] request_id=-
195.77.230.189 - - [29/Mar/2020:16:05:50 +0000] "GET /some-url HTTP/1.1" 200 1793 0.009 "https://example.com" "Mozilla/5.0 (X11; Fedora; Linux x86_64) AppleWebKit/537.36 (KHTML, like Gecko) Chrome/61.0.3163.100 Safari/537.36" [upstream: 127.0.0.1:8000 200] request_id=-
195.77.230.189 - - [29/Mar/2020:16:05:50 +0000] "GET /some-url HTTP/1.1" 200 1793 0.009 "https://example.com" "Mozilla/5.0 (X11; Fedora; Linux x86_64) AppleWebKit/537.36 (KHTML, like Gecko) Chrome/61.0.3163.100 Safari/537.36" [upstream: 127.0.0.1:8000 200] request_id=-
195.77.230.189 - - [29/Mar/2020:16:05:50 +0000] "GET /some-url HTTP/1.1" 200 1793 0.009 "https://example.com" "Mozilla/5.0 (X11; Fedora; Linux x86_64) AppleWebKit/537.36 (KHTML, like Gecko) Chrome/61.0.3163.100 Safari/537.36" [upstream: 127.0.0.1:8000 200] request_id=-
195.77.230.189 - - [29/Mar/2020:16:05:50 +0000] "GET /some-url HTTP/1.1" 200 1793 0.009 "https://example.com" "Mozilla/5.0 (X11; Fedora; Linux x86_64) AppleWebKit/537.36 (KHTML, like Gecko) Chrome/61.0.3163.100 Safari/537.36" [upstream: 127.0.0.1:8000 200] request_id=-
195.77.230.189 - - [29/Mar/2020:16:05:50 +0000] "GET /some-url HTTP/1.1" 200 1793 0.009 "https://example.com" "Mozilla/5.0 (X11; Fedora; Linux x86_64) AppleWebKit/537.36 (KHTML, like Gecko) Chrome/61.0.3163.100 Safari/537.36" [upstream: 127.0.0.1:8000 200] request_id=-
195.77.230.189 - - [29/Mar/2020:16:05:50 +0000] "GET /some-url HTTP/1.1" 200 1793 0.009 "https://example.com" "Mozilla/5.0 (X11; Fedora; Linux x86_64) AppleWebKit/537.36 (KHTML, like Gecko) Chrome/61.0.3163.100 Safari/537.36" [upstream: 127.0.0.1:8000 200] request_id=-
195.77.230.189 - - [29/Mar/2020:16:05:50 +0000] "GET /some-url HTTP/1.1" 200 1793 0.009 "https://example.com" "Mozilla/5.0 (X11; Fedora; Linux x86_64) AppleWebKit/537.36 (KHTML, like Gecko) Chrome/61.0.3163.100 Safari/537.36" [upstream: 127.0.0.1:8000 200] request_id=-
195.77.230.189 - - [29/Mar/2020:16:05:50 +0000] "GET /some-url HTTP/1.1" 200 1793 0.009 "https://example.com" "Mozilla/5.0 (X11; Fedora; Linux x86_64) AppleWebKit/537.36 (KHTML, like Gecko) Chrome/61.0.3163.100 Safari/537.36" [upstream: 127.0.0.1:8000 200] request_id=-
195.77.230.189 - - [29/Mar/2020:16:05:50 +0000] "GET /some-url HTTP/1.1" 200 1793 0.009 "https://example.com" "Mozilla/5.0 (X11; Fedora; Linux x86_64) AppleWebKit/537.36 (KHTML, like Gecko) Chrome/61.0.3163.100 Safari/537.36" [upstream: 127.0.0.1:8000 200] request_id=-
195.77.230.189 - - [29/Mar/2020:16:05:50 +0000] "GET /some-url HTTP/1.1" 200 1793 0.009 "https://example.com" "Mozilla/5.0 (X11; Fedora; Linux x86_64) AppleWebKit/537.36 (KHTML, like Gecko) Chrome/61.0.3163.100 Safari/537.36" [upstream: 127.0.0.1:8000 200] request_id=-
195.77.230.189 - - [29/Mar/2020:16:05:50 +0000] "GET /some-url HTTP/1.1" 200 1793 0.009 "https://example.com" "Mozilla/5.0 (X11; Fedora; Linux x86_64) AppleWebKit/537.36 (KHTML, like Gecko) Chrome/61.0.3163.100 Safari/537.36" [upstream: 127.0.0.1:8000 200] request_id=-
195.77.230.189 - - [29/Mar/2020:16:05:50 +0000] "GET /some-url HTTP/1.1" 200 1793 0.009 "https://example.com" "Mozilla/5.0 (X11; Fedora; Linux x86_64) AppleWebKit/537.36 (KHTML, like Gecko) Chrome/61.0.3163.100 Safari/537.36" [upstream: 127.0.0.1:8000 200] request_id=-
195.77.230.189 - - [29/Mar/2020:16:05:50 +0000] "GET /some-url HTTP/1.1" 200 1793 0.009 "https://example.com" "Mozilla/5.0 (X11; Fedora; Linux x86_64) AppleWebKit/537.36 (KHTML, like Gecko) Chrome/61.0.3163.100 Safari/537.36" [upstream: 127.0.0.1:8000 200] request_id=-
195.77.230.189 - - [29/Mar/2020:16:05:50 +0000] "GET /some-url HTTP/1.1" 200 1793 0.009 "https://example.com" "Mozilla/5.0 (X11; Fedora; Linux x86_64) AppleWebKit/537.36 (KHTML, like Gecko) Chrome/61.0.3163.100 Safari/537.36" [upstream: 127.0.0.1:8000 200] request_id=-
195.77.230.189 - - [29/Mar/2020:16:05:50 +0000] "GET /some-url HTTP/1.1" 200 1793 0.009 "https://example.com" "Mozilla/5.0 (X11; Fedora; Linux x86_64) AppleWebKit/537.36 (KHTML, like Gecko) Chrome/61.0.3163.100 Safari/537.36" [upstream: 127.0.0.1:8000 200] request_id=-
195.77.230.189 - - [29/Mar/2020:16:05:50 +0000] "GET /some-url HTTP/1.1" 200 1793 0.009 "https://example.com" "Mozilla/5.0 (X11; Fedora; Linux x86_64) AppleWebKit/537.36 (KHTML, like Gecko) Chrome/61.0.3163.100 Safari/537.36" [upstream: 127.0.0.1:8000 200] request_id=-
195.77.230.189 - - [29/Mar/2020:16:05:50 +0000] "GET /some-url HTTP/1.1" 200 1793 0.009 "https://example.com" "Mozilla/5.0 (X11; Fedora; Linux x86_64) AppleWebKit/537.36 (KHTML, like Gecko) Chrome/61.0.3163.100 Safari/537.36" [upstream: 127.0.0.1:8000 200] request_id=-
195.77.230.189 - - [29/Mar/2020:16:05:50 +0000] "GET /some-url HTTP/1.1" 200 1793 0.009 "https://example.com" "Mozilla/5.0 (X11; Fedora; Linux x86_64) AppleWebKit/537.36 (KHTML, like Gecko) Chrome/61.0.3163.100 Safari/537.36" [upstream: 127.0.0.1:8000 200] request_id=-
195.77.230.189 - - [29/Mar/2020:16:05:50 +0000] "GET /some-url HTTP/1.1" 200 1793 0.009 "https://example.com" "Mozilla/5.0 (X11; Fedora; Linux x86_64) AppleWebKit/537.36 (KHTML, like Gecko) Chrome/61.0.3163.100 Safari/537.36" [upstream: 127.0.0.1:8000 200] request_id=-
195.77.230.189 - - [29/Mar/2020:16:05:50 +0000] "GET /some-url HTTP/1.1" 200 1793 0.009 "https://example.com" "Mozilla/5.0 (X11; Fedora; Linux x86_64) AppleWebKit/537.36 (KHTML, like Gecko) Chrome/61.0.3163.100 Safari/537.36" [upstream: 127.0.0.1:8000 200] request_id=-
195.77.230.189 - - [29/Mar/2020:16:05:50 +0000] "GET /some-url HTTP/1.1" 200 1793 0.009 "https://example.com" "Mozilla/5.0 (X11; Fedora; Linux x86_64) AppleWebKit/537.36 (KHTML, like Gecko) Chrome/61.0.3163.100 Safari/537.36" [upstream: 127.0.0.1:8000 200] request_id=-
195.77.230.189 - - [29/Mar/2020:16:05:50 +0000] "GET /some-url HTTP/1.1" 200 1793 0.009 "https://example.com" "Mozilla/5.0 (X11; Fedora; Linux x86_64) AppleWebKit/537.36 (KHTML, like Gecko) Chrome/61.0.3163.100 Safari/537.36" [upstream: 127.0.0.1:8000 200] request_id=-
195.77.230.189 - - [29/Mar/2020:16:05:50 +0000] "GET /some-url HTTP/1.1" 200 1793 0.009 "https://example.com" "Mozilla/5.0 (X11; Fedora; Linux x86_64) AppleWebKit/537.36 (KHTML, like Gecko) Chrome/61.0.3163.100 Safari/537.36" [upstream: 127.0.0.1:8000 200] request_id=-
195.77.230.189 - - [29/Mar/2020:16:05:50 +0000] "GET /some-url HTTP/1.1" 200 1793 0.009 "https://example.com" "Mozilla/5.0 (X11; Fedora; Linux x86_64) AppleWebKit/537.36 (KHTML, like Gecko) Chrome/61.0.3163.100 Safari/537.36" [upstream: 127.0.0.1:8000 200] request_id=-
195.77.230.189 - - [29/Mar/2020:16:05:50 +0000] "GET /some-url HTTP/1.1" 200 1793 0.009 "https://example.com" "Mozilla/5.0 (X11; Fedora; Linux x86_64) AppleWebKit/537.36 (KHTML, like Gecko) Chrome/61.0.3163.100 Safari/537.36" [upstream: 127.0.0.1:8000 200] request_id=-
195.77.230.189 - - [29/Mar/2020:16:05:50 +0000] "GET /some-url HTTP/1.1" 200 1793 0.009 "https://example.com" "Mozilla/5.0 (X11; Fedora; Linux x86_64) AppleWebKit/537.36 (KHTML, like Gecko) Chrome/61.0.3163.100 Safari/537.36" [upstream: 127.0.0.1:8000 200] request_id=-
195.77.230.189 - - [29/Mar/2020:16:05:50 +0000] "GET /some-url HTTP/1.1" 200 1793 0.009 "https://example.com" "Mozilla/5.0 (X11; Fedora; Linux x86_64) AppleWebKit/537.36 (KHTML, like Gecko) Chrome/61.0.3163.100 Safari/537.36" [upstream: 127.0.0.1:8000 200] request_id=-
195.77.230.189 - - [29/Mar/2020:16:05:50 +0000] "GET /some-url HTTP/1.1" 200 1793 0.009 "https://example.com" "Mozilla/5.0 (X11; Fedora; Linux x86_64) AppleWebKit/537.36 (KHTML, like Gecko) Chrome/61.0.3163.100 Safari/537.36" [upstream: 127.0.0.1:8000 200] request_id=-
195.77.230.189 - - [29/Mar/2020:16:05:50 +0000] "GET /some-url HTTP/1.1" 200 1793 0.009 "https://example.com" "Mozilla/5.0 (X11; Fedora; Linux x86_64) AppleWebKit/537.36 (KHTML, like Gecko) Chrome/61.0.3163.100 Safari/537.36" [upstream: 127.0.0.1:8000 200] request_id=-
195.77.230.189 - - [29/Mar/2020:16:05:50 +0000] "GET /some-url HTTP/1.1" 200 1265 0.009 "https://example.com" "Mozilla/5.0 (X11; Fedora; Linux x86_64) AppleWebKit/537.36 (KHTML, like Gecko) Chrome/61.0.3163.100 Safari/537.36" [upstream: 127.0.0.1:8000 200] request_id=-
195.77.230.189 - - [29/Mar/2020:16:05:50 +0000] "GET /some-url HTTP/1.1" 200 1265 0.009 "https://example.com" "Mozilla/5.0 (X11; Fedora; Linux x86_64) AppleWebKit/537.36 (KHTML, like Gecko) Chrome/61.0.3163.100 Safari/537.36" [upstream: 127.0.0.1:8000 200] request_id=-
195.77.230.189 - - [29/Mar/2020:16:05:50 +0000] "GET /some-url HTTP/1.1" 200 1265 0.009 "https://example.com" "Mozilla/5.0 (X11; Fedora; Linux x86_64) AppleWebKit/537.36 (KHTML, like Gecko) Chrome/61.0.3163.100 Safari/537.36" [upstream: 127.0.0.1:8000 200] request_id=-
195.77.230.189 - - [29/Mar/2020:16:05:50 +0000] "GET /some-url HTTP/1.1" 200 1265 0.009 "https://example.com" "Mozilla/5.0 (X11; Fedora; Linux x86_64) AppleWebKit/537.36 (KHTML, like Gecko) Chrome/61.0.3163.100 Safari/537.36" [upstream: 127.0.0.1:8000 200] request_id=-
195.77.230.189 - - [29/Mar/2020:16:05:50 +0000] "GET /some-url HTTP/1.1" 200 1265 0.009 "https://example.com" "Mozilla/5.0 (X11; Fedora; Linux x86_64) AppleWebKit/537.36 (KHTML, like Gecko) Chrome/61.0.3163.100 Safari/537.36" [upstream: 127.0.0.1:8000 200] request_id=-
195.77.230.189 - - [29/Mar/2020:16:05:50 +0000] "GET /some-url HTTP/1.1" 200 1265 0.009 "https://example.com" "Mozilla/5.0 (X11; Fedora; Linux x86_64) AppleWebKit/537.36 (KHTML, like Gecko) Chrome/61.0.3163.100 Safari/537.36" [upstream: 127.0.0.1:8000 200] request_id=-
195.77.230.189 - - [29/Mar/2020:16:05:50 +0000] "GET /some-url HTTP/1.1" 200 1265 0.009 "https://example.com" "Mozilla/5.0 (X11; Fedora; Linux x86_64) AppleWebKit/537.36 (KHTML, like Gecko) Chrome/61.0.3163.100 Safari/537.36" [upstream: 127.0.0.1:8000 200] request_id=-
195.77.230.189 - - [29/Mar/2020:16:05:50 +0000] "GET /some-url HTTP/1.1" 200 1265 0.009 "https://example.com" "Mozilla/5.0 (X11; Fedora; Linux x86_64) AppleWebKit/537.36 (KHTML, like Gecko) Chrome/61.0.3163.100 Safari/537.36" [upstream: 127.0.0.1:8000 200] request_id=-
195.77.230.189 - - [29/Mar/2020:16:05:50 +0000] "GET /some-url HTTP/1.1" 200 1265 0.009 "https://example.com" "Mozilla/5.0 (X11; Fedora; Linux x86_64) AppleWebKit/537.36 (KHTML, like Gecko) Chrome/61.0.3163.100 Safari/537.36" [upstream: 127.0.0.1:8000 200] request_id=-
195.77.230.189 - - [29/Mar/2020:16:05:50 +0000] "GET /some-url HTTP/1.1" 200 1265 0.009 "https://example.com" "Mozilla/5.0 (X11; Fedora; Linux x86_64) AppleWebKit/537.36 (KHTML, like Gecko) Chrome/61.0.3163.100 Safari/537.36" [upstream: 127.0.0.1:8000 200] request_id=-
195.77.230.189 - - [29/Mar/2020:16:05:50 +0000] "GET /some-url HTTP/1.1" 200 1265 0.009 "https://example.com" "Mozilla/5.0 (X11; Fedora; Linux x86_64) AppleWebKit/537.36 (KHTML, like Gecko) Chrome/61.0.3163.100 Safari/537.36" [upstream: 127.0.0.1:8000 200] request_id=-
195.77.230.189 - - [29/Mar/2020:16:05:50 +0000] "GET /some-url HTTP/1.1" 200 1265 0.009 "https://example.com" "Mozilla/5.0 (X11; Fedora; Linux x86_64) AppleWebKit/537.36 (KHTML, like Gecko) Chrome/61.0.3163.100 Safari/537.36" [upstream: 127.0.0.1:8000 200] request_id=-
195.77.230.189 - - [29/Mar/2020:16:05:50 +0000] "GET /some-url HTTP/1.1" 200 1793 0.009 "https://example.com" "Mozilla/5.0 (X11; Fedora; Linux x86_64) AppleWebKit/537.36 (KHTML, like Gecko) Chrome/61.0.3163.100 Safari/537.36" [upstream: 127.0.0.1:8000 200] request_id=-
195.77.230.189 - - [29/Mar/2020:16:05:50 +0000] "GET /some-url HTTP/1.1" 200 1793 0.009 "https://example.com" "Mozilla/5.0 (X11; Fedora; Linux x86_64) AppleWebKit/537.36 (KHTML, like Gecko) Chrome/61.0.3163.100 Safari/537.36" [upstream: 127.0.0.1:8000 200] request_id=-
195.77.230.189 - - [29/Mar/2020:16:05:50 +0000] "GET /some-url HTTP/1.1" 200 1793 0.009 "https://example.com" "Mozilla/5.0 (X11; Fedora; Linux x86_64) AppleWebKit/537.36 (KHTML, like Gecko) Chrome/61.0.3163.100 Safari/537.36" [upstream: 127.0.0.1:8000 200] request_id=-
195.77.230.189 - - [29/Mar/2020:16:05:50 +0000] "GET /some-url HTTP/1.1" 200 1793 0.009 "https://example.com" "Mozilla/5.0 (X11; Fedora; Linux x86_64) AppleWebKit/537.36 (KHTML, like Gecko) Chrome/61.0.3163.100 Safari/537.36" [upstream: 127.0.0.1:8000 200] request_id=-
195.77.230.189 - - [29/Mar/2020:16:05:50 +0000] "GET /some-url HTTP/1.1" 200 1793 0.009 "https://example.com" "Mozilla/5.0 (X11; Fedora; Linux x86_64) AppleWebKit/537.36 (KHTML, like Gecko) Chrome/61.0.3163.100 Safari/537.36" [upstream: 127.0.0.1:8000 200] request_id=-
195.77.230.189 - - [29/Mar/2020:16:05:50 +0000] "GET /some-url HTTP/1.1" 200 1793 0.009 "https://example.com" "Mozilla/5.0 (X11; Fedora; Linux x86_64) AppleWebKit/537.36 (KHTML, like Gecko) Chrome/61.0.3163.100 Safari/537.36" [upstream: 127.0.0.1:8000 200] request_id=-
195.77.230.189 - - [29/Mar/2020:16:05:50 +0000] "GET /some-url HTTP/1.1" 200 1793 0.009 "https://example.com" "Mozilla/5.0 (X11; Fedora; Linux x86_64) AppleWebKit/537.36 (KHTML, like Gecko) Chrome/61.0.3163.100 Safari/537.36" [upstream: 127.0.0.1:8000 200] request_id=-
195.77.230.189 - - [29/Mar/2020:16:05:50 +0000] "GET /some-url HTTP/1.1" 200 1793 0.009 "https://example.com" "Mozilla/5.0 (X11; Fedora; Linux x86_64) AppleWebKit/537.36 (KHTML, like Gecko) Chrome/61.0.3163.100 Safari/537.36" [upstream: 127.0.0.1:8000 200] request_id=-
195.77.230.189 - - [29/Mar/2020:16:05:50 +0000] "GET /some-url HTTP/1.1" 200 1793 0.009 "https://example.com" "Mozilla/5.0 (X11; Fedora; Linux x86_64) AppleWebKit/537.36 (KHTML, like Gecko) Chrome/61.0.3163.100 Safari/537.36" [upstream: 127.0.0.1:8000 200] request_id=-
195.77.230.189 - - [29/Mar/2020:16:05:50 +0000] "GET /some-url HTTP/1.1" 200 1793 0.009 "https://example.com" "Mozilla/5.0 (X11; Fedora; Linux x86_64) AppleWebKit/537.36 (KHTML, like Gecko) Chrome/61.0.3163.100 Safari/537.36" [upstream: 127.0.0.1:8000 200] request_id=-
195.77.230.189 - - [29/Mar/2020:16:05:50 +0000] "GET /some-url HTTP/1.1" 200 1793 0.009 "https://example.com" "Mozilla/5.0 (X11; Fedora; Linux x86_64) AppleWebKit/537.36 (KHTML, like Gecko) Chrome/61.0.3163.100 Safari/537.36" [upstream: 127.0.0.1:8000 200] request_id=-
195.77.230.189 - - [29/Mar/2020:16:05:50 +0000] "GET /some-url HTTP/1.1" 200 1793 0.009 "https://example.com" "Mozilla/5.0 (X11; Fedora; Linux x86_64) AppleWebKit/537.36 (KHTML, like Gecko) Chrome/61.0.3163.100 Safari/537.36" [upstream: 127.0.0.1:8000 200] request_id=-
195.77.230.189 - - [29/Mar/2020:16:05:50 +0000] "GET /some-url HTTP/1.1" 200 1793 0.009 "https://example.com" "Mozilla/5.0 (X11; Fedora; Linux x86_64) AppleWebKit/537.36 (KHTML, like Gecko) Chrome/61.0.3163.100 Safari/537.36" [upstream: 127.0.0.1:8000 200] request_id=-
195.77.230.189 - - [29/Mar/2020:16:05:50 +0000] "GET /some-url HTTP/1.1" 200 1793 0.009 "https://example.com" "Mozilla/5.0 (X11; Fedora; Linux x86_64) AppleWebKit/537.36 (KHTML, like Gecko) Chrome/61.0.3163.100 Safari/537.36" [upstream: 127.0.0.1:8000 200] request_id=-
195.77.230.189 - - [29/Mar/2020:16:05:50 +0000] "GET /some-url HTTP/1.1" 200 1793 0.009 "https://example.com" "Mozilla/5.0 (X11; Fedora; Linux x86_64) AppleWebKit/537.36 (KHTML, like Gecko) Chrome/61.0.3163.100 Safari/537.36" [upstream: 127.0.0.1:8000 200] request_id=-
195.77.230.189 - - [29/Mar/2020:16:05:50 +0000] "GET /some-url HTTP/1.1" 200 1793 0.009 "https://example.com" "Mozilla/5.0 (X11; Fedora; Linux x86_64) AppleWebKit/537.36 (KHTML, like Gecko) Chrome/61.0.3163.100 Safari/537.36" [upstream: 127.0.0.1:8000 200] request_id=-
195.77.230.189 - - [29/Mar/2020:16:05:50 +0000] "GET /some-url HTTP/1.1" 200 1793 0.009 "https://example.com" "Mozilla/5.0 (X11; Fedora; Linux x86_64) AppleWebKit/537.36 (KHTML, like Gecko) Chrome/61.0.3163.100 Safari/537.36" [upstream: 127.0.0.1:8000 200] request_id=-
195.77.230.189 - - [29/Mar/2020:16:05:50 +0000] "GET /some-url HTTP/1.1" 200 1793 0.009 "https://example.com" "Mozilla/5.0 (X11; Fedora; Linux x86_64) AppleWebKit/537.36 (KHTML, like Gecko) Chrome/61.0.3163.100 Safari/537.36" [upstream: 127.0.0.1:8000 200] request_id=-
195.77.230.189 - - [29/Mar/2020:16:05:50 +0000] "GET /some-url HTTP/1.1" 200 1793 0.009 "https://example.com" "Mozilla/5.0 (X11; Fedora; Linux x86_64) AppleWebKit/537.36 (KHTML, like Gecko) Chrome/61.0.3163.100 Safari/537.36" [upstream: 127.0.0.1:8000 200] request_id=-
195.77.230.189 - - [29/Mar/2020:16:05:50 +0000] "GET /some-url HTTP/1.1" 200 1793 0.009 "https://example.com" "Mozilla/5.0 (X11; Fedora; Linux x86_64) AppleWebKit/537.36 (KHTML, like Gecko) Chrome/61.0.3163.100 Safari/537.36" [upstream: 127.0.0.1:8000 200] request_id=-
195.77.230.189 - - [29/Mar/2020:16:05:50 +0000] "GET /some-url HTTP/1.1" 200 1793 0.009 "https://example.com" "Mozilla/5.0 (X11; Fedora; Linux x86_64) AppleWebKit/537.36 (KHTML, like Gecko) Chrome/61.0.3163.100 Safari/537.36" [upstream: 127.0.0.1:8000 200] request_id=-
195.77.230.189 - - [29/Mar/2020:16:05:50 +0000] "GET /some-url HTTP/1.1" 200 1793 0.009 "https://example.com" "Mozilla/5.0 (X11; Fedora; Linux x86_64) AppleWebKit/537.36 (KHTML, like Gecko) Chrome/61.0.3163.100 Safari/537.36" [upstream: 127.0.0.1:8000 200] request_id=-
195.77.230.189 - - [29/Mar/2020:16:05:50 +0000] "GET /some-url HTTP/1.1" 200 1793 0.009 "https://example.com" "Mozilla/5.0 (X11; Fedora; Linux x86_64) AppleWebKit/537.36 (KHTML, like Gecko) Chrome/61.0.3163.100 Safari/537.36" [upstream: 127.0.0.1:8000 200] request_id=-
195.77.230.189 - - [29/Mar/2020:16:05:50 +0000] "GET /some-url HTTP/1.1" 200 1793 0.009 "https://example.com" "Mozilla/5.0 (X11; Fedora; Linux x86_64) AppleWebKit/537.36 (KHTML, like Gecko) Chrome/61.0.3163.100 Safari/537.36" [upstream: 127.0.0.1:8000 200] request_id=-
195.77.230.189 - - [29/Mar/2020:16:05:50 +0000] "GET /some-url HTTP/1.1" 200 1793 0.009 "https://example.com" "Mozilla/5.0 (X11; Fedora; Linux x86_64) AppleWebKit/537.36 (KHTML, like Gecko) Chrome/61.0.3163.100 Safari/537.36" [upstream: 127.0.0.1:8000 200] request_id=-
195.77.230.189 - - [29/Mar/2020:16:05:50 +0000] "GET /some-url HTTP/1.1" 200 1793 0.009 "https://example.com" "Mozilla/5.0 (X11; Fedora; Linux x86_64) AppleWebKit/537.36 (KHTML, like Gecko) Chrome/61.0.3163.100 Safari/537.36" [upstream: 127.0.0.1:8000 200] request_id=-
195.77.230.189 - - [29/Mar/2020:16:05:50 +0000] "GET /some-url HTTP/1.1" 200 1793 0.009 "https://example.com" "Mozilla/5.0 (X11; Fedora; Linux x86_64) AppleWebKit/537.36 (KHTML, like Gecko) Chrome/61.0.3163.100 Safari/537.36" [upstream: 127.0.0.1:8000 200] request_id=-
195.77.230.189 - - [29/Mar/2020:16:05:50 +0000] "GET /some-url HTTP/1.1" 200 1793 0.009 "https://example.com" "Mozilla/5.0 (X11; Fedora; Linux x86_64) AppleWebKit/537.36 (KHTML, like Gecko) Chrome/61.0.3163.100 Safari/537.36" [upstream: 127.0.0.1:8000 200] request_id=-
195.77.230.189 - - [29/Mar/2020:16:05:50 +0000] "GET /some-url HTTP/1.1" 200 1793 0.009 "https://example.com" "Mozilla/5.0 (X11; Fedora; Linux x86_64) AppleWebKit/537.36 (KHTML, like Gecko) Chrome/61.0.3163.100 Safari/537.36" [upstream: 127.0.0.1:8000 200] request_id=-
195.77.230.189 - - [29/Mar/2020:16:05:50 +0000] "GET /some-url HTTP/1.1" 200 1793 0.009 "https://example.com" "Mozilla/5.0 (X11; Fedora; Linux x86_64) AppleWebKit/537.36 (KHTML, like Gecko) Chrome/61.0.3163.100 Safari/537.36" [upstream: 127.0.0.1:8000 200] request_id=-
195.77.230.189 - - [29/Mar/2020:16:05:50 +0000] "GET /some-url HTTP/1.1" 200 1793 0.009 "https://example.com" "Mozilla/5.0 (X11; Fedora; Linux x86_64) AppleWebKit/537.36 (KHTML, like Gecko) Chrome/61.0.3163.100 Safari/537.36" [upstream: 127.0.0.1:8000 200] request_id=-
195.77.230.189 - - [29/Mar/2020:16:05:50 +0000] "GET /some-url HTTP/1.1" 200 1793 0.009 "https://example.com" "Mozilla/5.0 (X11; Fedora; Linux x86_64) AppleWebKit/537.36 (KHTML, like Gecko) Chrome/61.0.3163.100 Safari/537.36" [upstream: 127.0.0.1:8000 200] request_id=-
195.77.230.189 - - [29/Mar/2020:16:05:50 +0000] "GET /some-url HTTP/1.1" 200 1793 0.009 "https://example.com" "Mozilla/5.0 (X11; Fedora; Linux x86_64) AppleWebKit/537.36 (KHTML, like Gecko) Chrome/61.0.3163.100 Safari/537.36" [upstream: 127.0.0.1:8000 200] request_id=-
195.77.230.189 - - [29/Mar/2020:16:05:50 +0000] "GET /some-url HTTP/1.1" 200 1793 0.009 "https://example.com" "Mozilla/5.0 (X11; Fedora; Linux x86_64) AppleWebKit/537.36 (KHTML, like Gecko) Chrome/61.0.3163.100 Safari/537.36" [upstream: 127.0.0.1:8000 200] request_id=-
195.77.230.189 - - [29/Mar/2020:16:05:50 +0000] "GET /some-url HTTP/1.1" 200 1793 0.009 "https://example.com" "Mozilla/5.0 (X11; Fedora; Linux x86_64) AppleWebKit/537.36 (KHTML, like Gecko) Chrome/61.0.3163.100 Safari/537.36" [upstream: 127.0.0.1:8000 200] request_id=-
195.77.230.189 - - [29/Mar/2020:16:05:50 +0000] "GET /some-url HTTP/1.1" 200 1793 0.009 "https://example.com" "Mozilla/5.0 (X11; Fedora; Linux x86_64) AppleWebKit/537.36 (KHTML, like Gecko) Chrome/61.0.3163.100 Safari/537.36" [upstream: 127.0.0.1:8000 200] request_id=-
195.77.230.189 - - [29/Mar/2020:16:05:50 +0000] "GET /some-url HTTP/1.1" 200 1793 0.009 "https://example.com" "Mozilla/5.0 (X11; Fedora; Linux x86_64) AppleWebKit/537.36 (KHTML, like Gecko) Chrome/61.0.3163.100 Safari/537.36" [upstream: 127.0.0.1:8000 200] request_id=-
195.77.230.189 - - [29/Mar/2020:16:05:50 +0000] "GET /some-url HTTP/1.1" 200 1793 0.009 "https://example.com" "Mozilla/5.0 (X11; Fedora; Linux x86_64) AppleWebKit/537.36 (KHTML, like Gecko) Chrome/61.0.3163.100 Safari/537.36" [upstream: 127.0.0.1:8000 200] request_id=-
195.77.230.187 - - [29/Mar/2020:16:05:50 +0000] "GET /some-url HTTP/1.1" 200 1793 0.009 "https://example.com" "Mozilla/5.0 (X11; Fedora; Linux x86_64) AppleWebKit/537.36 (KHTML, like Gecko) Chrome/61.0.3163.100 Safari/537.36" [upstream: 127.0.0.1:8000 200] request_id=-
195.77.230.187 - - [29/Mar/2020:16:05:50 +0000] "GET /some-url HTTP/1.1" 200 1793 0.009 "https://example.com" "Mozilla/5.0 (X11; Fedora; Linux x86_64) AppleWebKit/537.36 (KHTML, like Gecko) Chrome/61.0.3163.100 Safari/537.36" [upstream: 127.0.0.1:8000 200] request_id=-
195.77.230.187 - - [29/Mar/2020:16:05:50 +0000] "GET /some-url HTTP/1.1" 200 1793 0.009 "https://example.com" "Mozilla/5.0 (X11; Fedora; Linux x86_64) AppleWebKit/537.36 (KHTML, like Gecko) Chrome/61.0.3163.100 Safari/537.36" [upstream: 127.0.0.1:8000 200] request_id=-
195.77.230.187 - - [29/Mar/2020:16:05:50 +0000] "GET /some-url HTTP/1.1" 200 1793 0.009 "https://example.com" "Mozilla/5.0 (X11; Fedora; Linux x86_64) AppleWebKit/537.36 (KHTML, like Gecko) Chrome/61.0.3163.100 Safari/537.36" [upstream: 127.0.0.1:8000 200] request_id=-
195.77.230.187 - - [29/Mar/2020:16:05:50 +0000] "GET /some-url HTTP/1.1" 200 1793 0.009 "https://example.com" "Mozilla/5.0 (X11; Fedora; Linux x86_64) AppleWebKit/537.36 (KHTML, like Gecko) Chrome/61.0.3163.100 Safari/537.36" [upstream: 127.0.0.1:8000 200] request_id=-
195.77.230.187 - - [29/Mar/2020:16:05:50 +0000] "GET /some-url HTTP/1.1" 200 1793 0.009 "https://example.com" "Mozilla/5.0 (X11; Fedora; Linux x86_64) AppleWebKit/537.36 (KHTML, like Gecko) Chrome/61.0.3163.100 Safari/537.36" [upstream: 127.0.0.1:8000 200] request_id=-
195.77.230.187 - - [29/Mar/2020:16:05:50 +0000] "GET /some-url HTTP/1.1" 200 1793 0.009 "https://example.com" "Mozilla/5.0 (X11; Fedora; Linux x86_64) AppleWebKit/537.36 (KHTML, like Gecko) Chrome/61.0.3163.100 Safari/537.36" [upstream: 127.0.0.1:8000 200] request_id=-
195.77.230.187 - - [29/Mar/2020:16:05:50 +0000] "GET /some-url HTTP/1.1" 200 1793 0.009 "https://example.com" "Mozilla/5.0 (X11; Fedora; Linux x86_64) AppleWebKit/537.36 (KHTML, like Gecko) Chrome/61.0.3163.100 Safari/537.36" [upstream: 127.0.0.1:8000 200] request_id=-
195.77.230.187 - - [29/Mar/2020:16:05:50 +0000] "GET /some-url HTTP/1.1" 200 1793 0.009 "https://example.com" "Mozilla/5.0 (X11; Fedora; Linux x86_64) AppleWebKit/537.36 (KHTML, like Gecko) Chrome/61.0.3163.100 Safari/537.36" [upstream: 127.0.0.1:8000 200] request_id=-
195.77.230.187 - - [29/Mar/2020:16:05:50 +0000] "GET /some-url HTTP/1.1" 200 1793 0.009 "https://example.com" "Mozilla/5.0 (X11; Fedora; Linux x86_64) AppleWebKit/537.36 (KHTML, like Gecko) Chrome/61.0.3163.100 Safari/537.36" [upstream: 127.0.0.1:8000 200] request_id=-
195.77.230.187 - - [29/Mar/2020:16:05:50 +0000] "GET /some-url HTTP/1.1" 200 1793 0.009 "https://example.com" "Mozilla/5.0 (X11; Fedora; Linux x86_64) AppleWebKit/537.36 (KHTML, like Gecko) Chrome/61.0.3163.100 Safari/537.36" [upstream: 127.0.0.1:8000 200] request_id=-
195.77.230.187 - - [29/Mar/2020:16:05:50 +0000] "GET /some-url HTTP/1.1" 200 1793 0.009 "https://example.com" "Mozilla/5.0 (X11; Fedora; Linux x86_64) AppleWebKit/537.36 (KHTML, like Gecko) Chrome/61.0.3163.100 Safari/537.36" [upstream: 127.0.0.1:8000 200] request_id=-
195.77.230.187 - - [29/Mar/2020:16:05:50 +0000] "GET /some-url HTTP/1.1" 200 1793 0.009 "https://example.com" "Mozilla/5.0 (X11; Fedora; Linux x86_64) AppleWebKit/537.36 (KHTML, like Gecko) Chrome/61.0.3163.100 Safari/537.36" [upstream: 127.0.0.1:8000 200] request_id=-
195.77.230.187 - - [29/Mar/2020:16:05:50 +0000] "GET /some-url HTTP/1.1" 200 1793 0.009 "https://example.com" "Mozilla/5.0 (X11; Fedora; Linux x86_64) AppleWebKit/537.36 (KHTML, like Gecko) Chrome/61.0.3163.100 Safari/537.36" [upstream: 127.0.0.1:8000 200] request_id=-
195.77.230.187 - - [29/Mar/2020:16:05:50 +0000] "GET /some-url HTTP/1.1" 200 1793 0.009 "https://example.com" "Mozilla/5.0 (X11; Fedora; Linux x86_64) AppleWebKit/537.36 (KHTML, like Gecko) Chrome/61.0.3163.100 Safari/537.36" [upstream: 127.0.0.1:8000 200] request_id=-
195.77.230.187 - - [29/Mar/2020:16:05:50 +0000] "GET /some-url HTTP/1.1" 200 1793 0.009 "https://example.com" "Mozilla/5.0 (X11; Fedora; Linux x86_64) AppleWebKit/537.36 (KHTML, like Gecko) Chrome/61.0.3163.100 Safari/537.36" [upstream: 127.0.0.1:8000 200] request_id=-
195.77.230.187 - - [29/Mar/2020:16:05:50 +0000] "GET /some-url HTTP/1.1" 200 1793 0.009 "https://example.com" "Mozilla/5.0 (X11; Fedora; Linux x86_64) AppleWebKit/537.36 (KHTML, like Gecko) Chrome/61.0.3163.100 Safari/537.36" [upstream: 127.0.0.1:8000 200] request_id=-
195.77.230.187 - - [29/Mar/2020:16:05:50 +0000] "GET /some-url HTTP/1.1" 200 1793 0.009 "https://example.com" "Mozilla/5.0 (X11; Fedora; Linux x86_64) AppleWebKit/537.36 (KHTML, like Gecko) Chrome/61.0.3163.100 Safari/537.36" [upstream: 127.0.0.1:8000 200] request_id=-
195.77.230.187 - - [29/Mar/2020:16:05:50 +0000] "GET /some-url HTTP/1.1" 200 1793 0.009 "https://example.com" "Mozilla/5.0 (X11; Fedora; Linux x86_64) AppleWebKit/537.36 (KHTML, like Gecko) Chrome/61.0.3163.100 Safari/537.36" [upstream: 127.0.0.1:8000 200] request_id=-
195.77.230.187 - - [29/Mar/2020:16:05:50 +0000] "GET /some-url HTTP/1.1" 200 1793 0.009 "https://example.com" "Mozilla/5.0 (X11; Fedora; Linux x86_64) AppleWebKit/537.36 (KHTML, like Gecko) Chrome/61.0.3163.100 Safari/537.36" [upstream: 127.0.0.1:8000 200] request_id=-
195.77.230.187 - - [29/Mar/2020:16:05:50 +0000] "GET /some-url HTTP/1.1" 200 1793 0.009 "https://example.com" "Mozilla/5.0 (X11; Fedora; Linux x86_64) AppleWebKit/537.36 (KHTML, like Gecko) Chrome/61.0.3163.100 Safari/537.36" [upstream: 127.0.0.1:8000 200] request_id=-
195.77.230.187 - - [29/Mar/2020:16:05:50 +0000] "GET /some-url HTTP/1.1" 200 1793 0.009 "https://example.com" "Mozilla/5.0 (X11; Fedora; Linux x86_64) AppleWebKit/537.36 (KHTML, like Gecko) Chrome/61.0.3163.100 Safari/537.36" [upstream: 127.0.0.1:8000 200] request_id=-
195.77.230.187 - - [29/Mar/2020:16:05:50 +0000] "GET /some-url HTTP/1.1" 200 1793 0.009 "https://example.com" "Mozilla/5.0 (X11; Fedora; Linux x86_64) AppleWebKit/537.36 (KHTML, like Gecko) Chrome/61.0.3163.100 Safari/537.36" [upstream: 127.0.0.1:8000 200] request_id=-
195.77.230.187 - - [29/Mar/2020:16:05:50 +0000] "GET /some-url HTTP/1.1" 200 1793 0.009 "https://example.com" "Mozilla/5.0 (X11; Fedora; Linux x86_64) AppleWebKit/537.36 (KHTML, like Gecko) Chrome/61.0.3163.100 Safari/537.36" [upstream: 127.0.0.1:8000 200] request_id=-
195.77.230.187 - - [29/Mar/2020:16:05:50 +0000] "GET /some-url HTTP/1.1" 200 1793 0.009 "https://example.com" "Mozilla/5.0 (X11; Fedora; Linux x86_64) AppleWebKit/537.36 (KHTML, like Gecko) Chrome/61.0.3163.100 Safari/537.36" [upstream: 127.0.0.1:8000 200] request_id=-
195.77.230.187 - - [29/Mar/2020:16:05:50 +0000] "GET /some-url HTTP/1.1" 200 1793 0.009 "https://example.com" "Mozilla/5.0 (X11; Fedora; Linux x86_64) AppleWebKit/537.36 (KHTML, like Gecko) Chrome/61.0.3163.100 Safari/537.36" [upstream: 127.0.0.1:8000 200] request_id=-
195.77.230.187 - - [29/Mar/2020:16:05:50 +0000] "GET /some-url HTTP/1.1" 200 1793 0.009 "https://example.com" "Mozilla/5.0 (X11; Fedora; Linux x86_64) AppleWebKit/537.36 (KHTML, like Gecko) Chrome/61.0.3163.100 Safari/537.36" [upstream: 127.0.0.1:8000 200] request_id=-
195.77.230.187 - - [29/Mar/2020:16:05:50 +0000] "GET /some-url HTTP/1.1" 200 1793 0.009 "https://example.com" "Mozilla/5.0 (X11; Fedora; Linux x86_64) AppleWebKit/537.36 (KHTML, like Gecko) Chrome/61.0.3163.100 Safari/537.36" [upstream: 127.0.0.1:8000 200] request_id=-
195.77.230.187 - - [29/Mar/2020:16:05:50 +0000] "GET /some-url HTTP/1.1" 200 1793 0.009 "https://example.com" "Mozilla/5.0 (X11; Fedora; Linux x86_64) AppleWebKit/537.36 (KHTML, like Gecko) Chrome/61.0.3163.100 Safari/537.36" [upstream: 127.0.0.1:8000 200] request_id=-
195.77.230.187 - - [29/Mar/2020:16:05:50 +0000] "GET /some-url HTTP/1.1" 200 1793 0.009 "https://example.com" "Mozilla/5.0 (X11; Fedora; Linux x86_64) AppleWebKit/537.36 (KHTML, like Gecko) Chrome/61.0.3163.100 Safari/537.36" [upstream: 127.0.0.1:8000 200] request_id=-
195.77.230.187 - - [29/Mar/2020:16:05:50 +0000] "GET /some-url HTTP/1.1" 200 1793 0.009 "https://example.com" "Mozilla/5.0 (X11; Fedora; Linux x86_64) AppleWebKit/537.36 (KHTML, like Gecko) Chrome/61.0.3163.100 Safari/537.36" [upstream: 127.0.0.1:8000 200] request_id=-
195.77.230.187 - - [29/Mar/2020:16:05:50 +0000] "GET /some-url HTTP/1.1" 200 1793 0.009 "https://example.com" "Mozilla/5.0 (X11; Fedora; Linux x86_64) AppleWebKit/537.36 (KHTML, like Gecko) Chrome/61.0.3163.100 Safari/537.36" [upstream: 127.0.0.1:8000 200] request_id=-
195.77.230.187 - - [29/Mar/2020:16:05:50 +0000] "GET /some-url HTTP/1.1" 200 1793 0.009 "https://example.com" "Mozilla/5.0 (X11; Fedora; Linux x86_64) AppleWebKit/537.36 (KHTML, like Gecko) Chrome/61.0.3163.100 Safari/537.36" [upstream: 127.0.0.1:8000 200] request_id=-
195.77.230.187 - - [29/Mar/2020:16:05:50 +0000] "GET /some-url HTTP/1.1" 200 1793 0.009 "https://example.com" "Mozilla/5.0 (X11; Fedora; Linux x86_64) AppleWebKit/537.36 (KHTML, like Gecko) Chrome/61.0.3163.100 Safari/537.36" [upstream: 127.0.0.1:8000 200] request_id=-
195.77.230.187 - - [29/Mar/2020:16:05:50 +0000] "GET /some-url HTTP/1.1" 200 1793 0.009 "https://example.com" "Mozilla/5.0 (X11; Fedora; Linux x86_64) AppleWebKit/537.36 (KHTML, like Gecko) Chrome/61.0.3163.100 Safari/537.36" [upstream: 127.0.0.1:8000 200] request_id=-
195.77.230.187 - - [29/Mar/2020:16:05:50 +0000] "GET /some-url HTTP/1.1" 200 1793 0.009 "https://example.com" "Mozilla/5.0 (X11; Fedora; Linux x86_64) AppleWebKit/537.36 (KHTML, like Gecko) Chrome/61.0.3163.100 Safari/537.36" [upstream: 127.0.0.1:8000 200] request_id=-
195.77.230.187 - - [29/Mar/2020:16:05:50 +0000] "GET /some-url HTTP/1.1" 200 1793 0.009 "https://example.com" "Mozilla/5.0 (X11; Fedora; Linux x86_64) AppleWebKit/537.36 (KHTML, like Gecko) Chrome/61.0.3163.100 Safari/537.36" [upstream: 127.0.0.1:8000 200] request_id=-
195.77.230.187 - - [29/Mar/2020:16:05:50 +0000] "GET /some-url HTTP/1.1" 200 1793 0.009 "https://example.com" "Mozilla/5.0 (X11; Fedora; Linux x86_64) AppleWebKit/537.36 (KHTML, like Gecko) Chrome/61.0.3163.100 Safari/537.36" [upstream: 127.0.0.1:8000 200] request_id=-
195.77.230.187 - - [29/Mar/2020:16:05:50 +0000] "GET /some-url HTTP/1.1" 200 1793 0.009 "https://example.com" "Mozilla/5.0 (X11; Fedora; Linux x86_64) AppleWebKit/537.36 (KHTML, like Gecko) Chrome/61.0.3163.100 Safari/537.36" [upstream: 127.0.0.1:8000 200] request_id=-
195.77.230.187 - - [29/Mar/2020:16:05:50 +0000] "GET /some-url HTTP/1.1" 200 1793 0.009 "https://example.com" "Mozilla/5.0 (X11; Fedora; Linux x86_64) AppleWebKit/537.36 (KHTML, like Gecko) Chrome/61.0.3163.100 Safari/537.36" [upstream: 127.0.0.1:8000 200] request_id=-
195.77.230.187 - - [29/Mar/2020:16:05:50 +0000] "GET /some-url HTTP/1.1" 200 1793 0.009 "https://example.com" "Mozilla/5.0 (X11; Fedora; Linux x86_64) AppleWebKit/537.36 (KHTML, like Gecko) Chrome/61.0.3163.100 Safari/537.36" [upstream: 127.0.0.1:8000 200] request_id=-
195.77.230.187 - - [29/Mar/2020:16:05:50 +0000] "GET /some-url HTTP/1.1" 200 1793 0.009 "https://example.com" "Mozilla/5.0 (X11; Fedora; Linux x86_64) AppleWebKit/537.36 (KHTML, like Gecko) Chrome/61.0.3163.100 Safari/537.36" [upstream: 127.0.0.1:8000 200] request_id=-
195.77.230.187 - - [29/Mar/2020:16:05:50 +0000] "GET /some-url HTTP/1.1" 200 1793 0.009 "https://example.com" "Mozilla/5.0 (X11; Fedora; Linux x86_64) AppleWebKit/537.36 (KHTML, like Gecko) Chrome/61.0.3163.100 Safari/537.36" [upstream: 127.0.0.1:8000 200] request_id=-
195.77.230.187 - - [29/Mar/2020:16:05:50 +0000] "GET /some-url HTTP/1.1" 200 1793 0.009 "https://example.com" "Mozilla/5.0 (X11; Fedora; Linux x86_64) AppleWebKit/537.36 (KHTML, like Gecko) Chrome/61.0.3163.100 Safari/537.36" [upstream: 127.0.0.1:8000 200] request_id=-
195.77.230.187 - - [29/Mar/2020:16:05:50 +0000] "GET /some-url HTTP/1.1" 200 1793 0.009 "https://example.com" "Mozilla/5.0 (X11; Fedora; Linux x86_64) AppleWebKit/537.36 (KHTML, like Gecko) Chrome/61.0.3163.100 Safari/537.36" [upstream: 127.0.0.1:8000 200] request_id=-
195.77.230.187 - - [29/Mar/2020:16:05:50 +0000] "GET /some-url HTTP/1.1" 200 1793 0.009 "https://example.com" "Mozilla/5.0 (X11; Fedora; Linux x86_64) AppleWebKit/537.36 (KHTML, like Gecko) Chrome/61.0.3163.100 Safari/537.36" [upstream: 127.0.0.1:8000 200] request_id=-
195.77.230.187 - - [29/Mar/2020:16:05:50 +0000] "GET /some-url HTTP/1.1" 200 1793 0.009 "https://example.com" "Mozilla/5.0 (X11; Fedora; Linux x86_64) AppleWebKit/537.36 (KHTML, like Gecko) Chrome/61.0.3163.100 Safari/537.36" [upstream: 127.0.0.1:8000 200] request_id=-
195.77.230.187 - - [29/Mar/2020:16:05:50 +0000] "GET /some-url HTTP/1.1" 200 1793 0.009 "https://example.com" "Mozilla/5.0 (X11; Fedora; Linux x86_64) AppleWebKit/537.36 (KHTML, like Gecko) Chrome/61.0.3163.100 Safari/537.36" [upstream: 127.0.0.1:8000 200] request_id=-
195.77.230.187 - - [29/Mar/2020:16:05:50 +0000] "GET /some-url HTTP/1.1" 200 1793 0.009 "https://example.com" "Mozilla/5.0 (X11; Fedora; Linux x86_64) AppleWebKit/537.36 (KHTML, like Gecko) Chrome/61.0.3163.100 Safari/537.36" [upstream: 127.0.0.1:8000 200] request_id=-
195.77.230.187 - - [29/Mar/2020:16:05:50 +0000] "GET /some-url HTTP/1.1" 200 1793 0.009 "https://example.com" "Mozilla/5.0 (X11; Fedora; Linux x86_64) AppleWebKit/537.36 (KHTML, like Gecko) Chrome/61.0.3163.100 Safari/537.36" [upstream: 127.0.0.1:8000 200] request_id=-
195.77.230.187 - - [29/Mar/2020:16:05:50 +0000] "GET /some-url HTTP/1.1" 200 1793 0.009 "https://example.com" "Mozilla/5.0 (X11; Fedora; Linux x86_64) AppleWebKit/537.36 (KHTML, like Gecko) Chrome/61.0.3163.100 Safari/537.36" [upstream: 127.0.0.1:8000 200] request_id=-
195.77.230.187 - - [29/Mar/2020:16:05:50 +0000] "GET /some-url HTTP/1.1" 200 1793 0.009 "https://example.com" "Mozilla/5.0 (X11; Fedora; Linux x86_64) AppleWebKit/537.36 (KHTML, like Gecko) Chrome/61.0.3163.100 Safari/537.36" [upstream: 127.0.0.1:8000 200] request_id=-
195.77.230.187 - - [29/Mar/2020:16:05:50 +0000] "GET /some-url HTTP/1.1" 200 1793 0.009 "https://example.com" "Mozilla/5.0 (X11; Fedora; Linux x86_64) AppleWebKit/537.36 (KHTML, like Gecko) Chrome/61.0.3163.100 Safari/537.36" [upstream: 127.0.0.1:8000 200] request_id=-
195.77.230.187 - - [29/Mar/2020:16:05:50 +0000] "GET /some-url HTTP/1.1" 200 1793 0.009 "https://example.com" "Mozilla/5.0 (X11; Fedora; Linux x86_64) AppleWebKit/537.36 (KHTML, like Gecko) Chrome/61.0.3163.100 Safari/537.36" [upstream: 127.0.0.1:8000 200] request_id=-
195.77.230.187 - - [29/Mar/2020:16:05:50 +0000] "GET /some-url HTTP/1.1" 200 1793 0.009 "https://example.com" "Mozilla/5.0 (X11; Fedora; Linux x86_64) AppleWebKit/537.36 (KHTML, like Gecko) Chrome/61.0.3163.100 Safari/537.36" [upstream: 127.0.0.1:8000 200] request_id=-
195.77.230.187 - - [29/Mar/2020:16:05:50 +0000] "GET /some-url HTTP/1.1" 200 1793 0.009 "https://example.com" "Mozilla/5.0 (X11; Fedora; Linux x86_64) AppleWebKit/537.36 (KHTML, like Gecko) Chrome/61.0.3163.100 Safari/537.36" [upstream: 127.0.0.1:8000 200] request_id=-
195.77.230.187 - - [29/Mar/2020:16:05:50 +0000] "GET /some-url HTTP/1.1" 200 1793 0.009 "https://example.com" "Mozilla/5.0 (X11; Fedora; Linux x86_64) AppleWebKit/537.36 (KHTML, like Gecko) Chrome/61.0.3163.100 Safari/537.36" [upstream: 127.0.0.1:8000 200] request_id=-
195.77.230.187 - - [29/Mar/2020:16:05:50 +0000] "GET /some-url HTTP/1.1" 200 1793 0.009 "https://example.com" "Mozilla/5.0 (X11; Fedora; Linux x86_64) AppleWebKit/537.36 (KHTML, like Gecko) Chrome/61.0.3163.100 Safari/537.36" [upstream: 127.0.0.1:8000 200] request_id=-
195.77.230.187 - - [29/Mar/2020:16:05:50 +0000] "GET /some-url HTTP/1.1" 200 1793 0.009 "https://example.com" "Mozilla/5.0 (X11; Fedora; Linux x86_64) AppleWebKit/537.36 (KHTML, like Gecko) Chrome/61.0.3163.100 Safari/537.36" [upstream: 127.0.0.1:8000 200] request_id=-
195.77.230.187 - - [29/Mar/2020:16:05:50 +0000] "GET /some-url HTTP/1.1" 200 1793 0.009 "https://example.com" "Mozilla/5.0 (X11; Fedora; Linux x86_64) AppleWebKit/537.36 (KHTML, like Gecko) Chrome/61.0.3163.100 Safari/537.36" [upstream: 127.0.0.1:8000 200] request_id=-
195.77.230.187 - - [29/Mar/2020:16:05:50 +0000] "GET /some-url HTTP/1.1" 200 1793 0.009 "https://example.com" "Mozilla/5.0 (X11; Fedora; Linux x86_64) AppleWebKit/537.36 (KHTML, like Gecko) Chrome/61.0.3163.100 Safari/537.36" [upstream: 127.0.0.1:8000 200] request_id=-
195.77.230.187 - - [29/Mar/2020:16:05:50 +0000] "GET /some-url HTTP/1.1" 200 1793 0.009 "https://example.com" "Mozilla/5.0 (X11; Fedora; Linux x86_64) AppleWebKit/537.36 (KHTML, like Gecko) Chrome/61.0.3163.100 Safari/537.36" [upstream: 127.0.0.1:8000 200] request_id=-
195.77.230.187 - - [29/Mar/2020:16:05:50 +0000] "GET /some-url HTTP/1.1" 200 1793 0.009 "https://example.com" "Mozilla/5.0 (X11; Fedora; Linux x86_64) AppleWebKit/537.36 (KHTML, like Gecko) Chrome/61.0.3163.100 Safari/537.36" [upstream: 127.0.0.1:8000 200] request_id=-
195.77.230.187 - - [29/Mar/2020:16:05:50 +0000] "GET /some-url HTTP/1.1" 200 1793 0.009 "https://example.com" "Mozilla/5.0 (X11; Fedora; Linux x86_64) AppleWebKit/537.36 (KHTML, like Gecko) Chrome/61.0.3163.100 Safari/537.36" [upstream: 127.0.0.1:8000 200] request_id=-
195.77.230.187 - - [29/Mar/2020:16:05:50 +0000] "GET /some-url HTTP/1.1" 200 1793 0.009 "https://example.com" "Mozilla/5.0 (X11; Fedora; Linux x86_64) AppleWebKit/537.36 (KHTML, like Gecko) Chrome/61.0.3163.100 Safari/537.36" [upstream: 127.0.0.1:8000 200] request_id=-
195.77.230.187 - - [29/Mar/2020:16:05:50 +0000] "GET /some-url HTTP/1.1" 200 1793 0.009 "https://example.com" "Mozilla/5.0 (X11; Fedora; Linux x86_64) AppleWebKit/537.36 (KHTML, like Gecko) Chrome/61.0.3163.100 Safari/537.36" [upstream: 127.0.0.1:8000 200] request_id=-
195.77.230.187 - - [29/Mar/2020:16:05:50 +0000] "GET /some-url HTTP/1.1" 200 1793 0.009 "https://example.com" "Mozilla/5.0 (X11; Fedora; Linux x86_64) AppleWebKit/537.36 (KHTML, like Gecko) Chrome/61.0.3163.100 Safari/537.36" [upstream: 127.0.0.1:8000 200] request_id=-
195.77.230.187 - - [29/Mar/2020:16:05:50 +0000] "GET /some-url HTTP/1.1" 200 1793 0.009 "https://example.com" "Mozilla/5.0 (X11; Fedora; Linux x86_64) AppleWebKit/537.36 (KHTML, like Gecko) Chrome/61.0.3163.100 Safari/537.36" [upstream: 127.0.0.1:8000 200] request_id=-
195.77.230.187 - - [29/Mar/2020:16:05:50 +0000] "GET /some-url HTTP/1.1" 200 1793 0.009 "https://example.com" "Mozilla/5.0 (X11; Fedora; Linux x86_64) AppleWebKit/537.36 (KHTML, like Gecko) Chrome/61.0.3163.100 Safari/537.36" [upstream: 127.0.0.1:8000 200] request_id=-
195.77.230.187 - - [29/Mar/2020:16:05:50 +0000] "GET /some-url HTTP/1.1" 200 1793 0.009 "https://example.com" "Mozilla/5.0 (X11; Fedora; Linux x86_64) AppleWebKit/537.36 (KHTML, like Gecko) Chrome/61.0.3163.100 Safari/537.36" [upstream: 127.0.0.1:8000 200] request_id=-
195.77.230.187 - - [29/Mar/2020:16:05:50 +0000] "GET /some-url HTTP/1.1" 200 1793 0.009 "https://example.com" "Mozilla/5.0 (X11; Fedora; Linux x86_64) AppleWebKit/537.36 (KHTML, like Gecko) Chrome/61.0.3163.100 Safari/537.36" [upstream: 127.0.0.1:8000 200] request_id=-
195.77.230.187 - - [29/Mar/2020:16:05:50 +0000] "GET /some-url HTTP/1.1" 200 1793 0.009 "https://example.com" "Mozilla/5.0 (X11; Fedora; Linux x86_64) AppleWebKit/537.36 (KHTML, like Gecko) Chrome/61.0.3163.100 Safari/537.36" [upstream: 127.0.0.1:8000 200] request_id=-
195.77.230.187 - - [29/Mar/2020:16:05:50 +0000] "GET /some-url HTTP/1.1" 200 1793 0.009 "https://example.com" "Mozilla/5.0 (X11; Fedora; Linux x86_64) AppleWebKit/537.36 (KHTML, like Gecko) Chrome/61.0.3163.100 Safari/537.36" [upstream: 127.0.0.1:8000 200] request_id=-
195.77.230.187 - - [29/Mar/2020:16:05:50 +0000] "GET /some-url HTTP/1.1" 200 1793 0.009 "https://example.com" "Mozilla/5.0 (X11; Fedora; Linux x86_64) AppleWebKit/537.36 (KHTML, like Gecko) Chrome/61.0.3163.100 Safari/537.36" [upstream: 127.0.0.1:8000 200] request_id=-
195.77.230.187 - - [29/Mar/2020:16:05:50 +0000] "GET /some-url HTTP/1.1" 200 1793 0.009 "https://example.com" "Mozilla/5.0 (X11; Fedora; Linux x86_64) AppleWebKit/537.36 (KHTML, like Gecko) Chrome/61.0.3163.100 Safari/537.36" [upstream: 127.0.0.1:8000 200] request_id=-
195.77.230.187 - - [29/Mar/2020:16:05:50 +0000] "GET /some-url HTTP/1.1" 200 1793 0.009 "https://example.com" "Mozilla/5.0 (X11; Fedora; Linux x86_64) AppleWebKit/537.36 (KHTML, like Gecko) Chrome/61.0.3163.100 Safari/537.36" [upstream: 127.0.0.1:8000 200] request_id=-
195.77.230.187 - - [29/Mar/2020:16:05:50 +0000] "GET /some-url HTTP/1.1" 200 1793 0.009 "https://example.com" "Mozilla/5.0 (X11; Fedora; Linux x86_64) AppleWebKit/537.36 (KHTML, like Gecko) Chrome/61.0.3163.100 Safari/537.36" [upstream: 127.0.0.1:8000 200] request_id=-
195.77.230.187 - - [29/Mar/2020:16:05:50 +0000] "GET /some-url HTTP/1.1" 200 1793 0.009 "https://example.com" "Mozilla/5.0 (X11; Fedora; Linux x86_64) AppleWebKit/537.36 (KHTML, like Gecko) Chrome/61.0.3163.100 Safari/537.36" [upstream: 127.0.0.1:8000 200] request_id=-
195.77.230.187 - - [29/Mar/2020:16:05:50 +0000] "GET /some-url HTTP/1.1" 200 1793 0.009 "https://example.com" "Mozilla/5.0 (X11; Fedora; Linux x86_64) AppleWebKit/537.36 (KHTML, like Gecko) Chrome/61.0.3163.100 Safari/537.36" [upstream: 127.0.0.1:8000 200] request_id=-
195.77.230.187 - - [29/Mar/2020:16:05:50 +0000] "GET /some-url HTTP/1.1" 200 1793 0.009 "https://example.com" "Mozilla/5.0 (X11; Fedora; Linux x86_64) AppleWebKit/537.36 (KHTML, like Gecko) Chrome/61.0.3163.100 Safari/537.36" [upstream: 127.0.0.1:8000 200] request_id=-
195.77.230.187 - - [29/Mar/2020:16:05:50 +0000] "GET /some-url HTTP/1.1" 200 1793 0.009 "https://example.com" "Mozilla/5.0 (X11; Fedora; Linux x86_64) AppleWebKit/537.36 (KHTML, like Gecko) Chrome/61.0.3163.100 Safari/537.36" [upstream: 127.0.0.1:8000 200] request_id=-
195.77.230.187 - - [29/Mar/2020:16:05:50 +0000] "GET /some-url HTTP/1.1" 200 1793 0.009 "https://example.com" "Mozilla/5.0 (X11; Fedora; Linux x86_64) AppleWebKit/537.36 (KHTML, like Gecko) Chrome/61.0.3163.100 Safari/537.36" [upstream: 127.0.0.1:8000 200] request_id=-
195.77.230.187 - - [29/Mar/2020:16:05:50 +0000] "GET /some-url HTTP/1.1" 200 1793 0.009 "https://example.com" "Mozilla/5.0 (X11; Fedora; Linux x86_64) AppleWebKit/537.36 (KHTML, like Gecko) Chrome/61.0.3163.100 Safari/537.36" [upstream: 127.0.0.1:8000 200] request_id=-
195.77.230.187 - - [29/Mar/2020:16:05:50 +0000] "GET /some-url HTTP/1.1" 200 1793 0.009 "https://example.com" "Mozilla/5.0 (X11; Fedora; Linux x86_64) AppleWebKit/537.36 (KHTML, like Gecko) Chrome/61.0.3163.100 Safari/537.36" [upstream: 127.0.0.1:8000 200] request_id=-
195.77.230.187 - - [29/Mar/2020:16:05:50 +0000] "GET /some-url HTTP/1.1" 200 1793 0.009 "https://example.com" "Mozilla/5.0 (X11; Fedora; Linux x86_64) AppleWebKit/537.36 (KHTML, like Gecko) Chrome/61.0.3163.100 Safari/537.36" [upstream: 127.0.0.1:8000 200] request_id=-
195.77.230.187 - - [29/Mar/2020:16:05:50 +0000] "GET /some-url HTTP/1.1" 200 1793 0.009 "https://example.com" "Mozilla/5.0 (X11; Fedora; Linux x86_64) AppleWebKit/537.36 (KHTML, like Gecko) Chrome/61.0.3163.100 Safari/537.36" [upstream: 127.0.0.1:8000 200] request_id=-
195.77.230.187 - - [29/Mar/2020:16:05:50 +0000] "GET /some-url HTTP/1.1" 200 1793 0.009 "https://example.com" "Mozilla/5.0 (X11; Fedora; Linux x86_64) AppleWebKit/537.36 (KHTML, like Gecko) Chrome/61.0.3163.100 Safari/537.36" [upstream: 127.0.0.1:8000 200] request_id=-
195.77.230.187 - - [29/Mar/2020:16:05:50 +0000] "GET /some-url HTTP/1.1" 200 1793 0.009 "https://example.com" "Mozilla/5.0 (X11; Fedora; Linux x86_64) AppleWebKit/537.36 (KHTML, like Gecko) Chrome/61.0.3163.100 Safari/537.36" [upstream: 127.0.0.1:8000 200] request_id=-
195.77.230.187 - - [29/Mar/2020:16:05:50 +0000] "GET /some-url HTTP/1.1" 200 1793 0.009 "https://example.com" "Mozilla/5.0 (X11; Fedora; Linux x86_64) AppleWebKit/537.36 (KHTML, like Gecko) Chrome/61.0.3163.100 Safari/537.36" [upstream: 127.0.0.1:8000 200] request_id=-
195.77.230.187 - - [29/Mar/2020:16:05:50 +0000] "GET /some-url HTTP/1.1" 200 1793 0.009 "https://example.com" "Mozilla/5.0 (X11; Fedora; Linux x86_64) AppleWebKit/537.36 (KHTML, like Gecko) Chrome/61.0.3163.100 Safari/537.36" [upstream: 127.0.0.1:8000 200] request_id=-
195.77.230.187 - - [29/Mar/2020:16:05:50 +0000] "GET /some-url HTTP/1.1" 200 1793 0.009 "https://example.com" "Mozilla/5.0 (X11; Fedora; Linux x86_64) AppleWebKit/537.36 (KHTML, like Gecko) Chrome/61.0.3163.100 Safari/537.36" [upstream: 127.0.0.1:8000 200] request_id=-
195.77.230.187 - - [29/Mar/2020:16:05:50 +0000] "GET /some-url HTTP/1.1" 200 1793 0.009 "https://example.com" "Mozilla/5.0 (X11; Fedora; Linux x86_64) AppleWebKit/537.36 (KHTML, like Gecko) Chrome/61.0.3163.100 Safari/537.36" [upstream: 127.0.0.1:8000 200] request_id=-
195.77.230.187 - - [29/Mar/2020:16:05:50 +0000] "GET /some-url HTTP/1.1" 200 1793 0.009 "https://example.com" "Mozilla/5.0 (X11; Fedora; Linux x86_64) AppleWebKit/537.36 (KHTML, like Gecko) Chrome/61.0.3163.100 Safari/537.36" [upstream: 127.0.0.1:8000 200] request_id=-
195.77.230.187 - - [29/Mar/2020:16:05:50 +0000] "GET /some-url HTTP/1.1" 200 1793 0.009 "https://example.com" "Mozilla/5.0 (X11; Fedora; Linux x86_64) AppleWebKit/537.36 (KHTML, like Gecko) Chrome/61.0.3163.100 Safari/537.36" [upstream: 127.0.0.1:8000 200] request_id=-
195.77.230.187 - - [29/Mar/2020:16:05:50 +0000] "GET /some-url HTTP/1.1" 200 1793 0.009 "https://example.com" "Mozilla/5.0 (X11; Fedora; Linux x86_64) AppleWebKit/537.36 (KHTML, like Gecko) Chrome/61.0.3163.100 Safari/537.36" [upstream: 127.0.0.1:8000 200] request_id=-
195.77.230.187 - - [29/Mar/2020:16:05:50 +0000] "GET /some-url HTTP/1.1" 200 1793 0.009 "https://example.com" "Mozilla/5.0 (X11; Fedora; Linux x86_64) AppleWebKit/537.36 (KHTML, like Gecko) Chrome/61.0.3163.100 Safari/537.36" [upstream: 127.0.0.1:8000 200] request_id=-
195.77.230.187 - - [29/Mar/2020:16:05:50 +0000] "GET /some-url HTTP/1.1" 200 1793 0.009 "https://example.com" "Mozilla/5.0 (X11; Fedora; Linux x86_64) AppleWebKit/537.36 (KHTML, like Gecko) Chrome/61.0.3163.100 Safari/537.36" [upstream: 127.0.0.1:8000 200] request_id=-
195.77.230.187 - - [29/Mar/2020:16:05:50 +0000] "GET /some-url HTTP/1.1" 200 1793 0.009 "https://example.com" "Mozilla/5.0 (X11; Fedora; Linux x86_64) AppleWebKit/537.36 (KHTML, like Gecko) Chrome/61.0.3163.100 Safari/537.36" [upstream: 127.0.0.1:8000 200] request_id=-
195.77.230.187 - - [29/Mar/2020:16:05:50 +0000] "GET /some-url HTTP/1.1" 200 1793 0.009 "https://example.com" "Mozilla/5.0 (X11; Fedora; Linux x86_64) AppleWebKit/537.36 (KHTML, like Gecko) Chrome/61.0.3163.100 Safari/537.36" [upstream: 127.0.0.1:8000 200] request_id=-
195.77.230.187 - - [29/Mar/2020:16:05:50 +0000] "GET /some-url HTTP/1.1" 200 1793 0.009 "https://example.com" "Mozilla/5.0 (X11; Fedora; Linux x86_64) AppleWebKit/537.36 (KHTML, like Gecko) Chrome/61.0.3163.100 Safari/537.36" [upstream: 127.0.0.1:8000 200] request_id=-
195.77.230.187 - - [29/Mar/2020:16:05:50 +0000] "GET /some-url HTTP/1.1" 200 1793 0.009 "https://example.com" "Mozilla/5.0 (X11; Fedora; Linux x86_64) AppleWebKit/537.36 (KHTML, like Gecko) Chrome/61.0.3163.100 Safari/537.36" [upstream: 127.0.0.1:8000 200] request_id=-
195.77.230.187 - - [29/Mar/2020:16:05:50 +0000] "GET /some-url HTTP/1.1" 200 1793 0.009 "https://example.com" "Mozilla/5.0 (X11; Fedora; Linux x86_64) AppleWebKit/537.36 (KHTML, like Gecko) Chrome/61.0.3163.100 Safari/537.36" [upstream: 127.0.0.1:8000 200] request_id=-
195.77.230.187 - - [29/Mar/2020:16:05:50 +0000] "GET /some-url HTTP/1.1" 200 1793 0.009 "https://example.com" "Mozilla/5.0 (X11; Fedora; Linux x86_64) AppleWebKit/537.36 (KHTML, like Gecko) Chrome/61.0.3163.100 Safari/537.36" [upstream: 127.0.0.1:8000 200] request_id=-
195.77.230.187 - - [29/Mar/2020:16:05:50 +0000] "GET /some-url HTTP/1.1" 200 1793 0.009 "https://example.com" "Mozilla/5.0 (X11; Fedora; Linux x86_64) AppleWebKit/537.36 (KHTML, like Gecko) Chrome/61.0.3163.100 Safari/537.36" [upstream: 127.0.0.1:8000 200] request_id=-
195.77.230.187 - - [29/Mar/2020:16:05:50 +0000] "GET /some-url HTTP/1.1" 200 1793 0.009 "https://example.com" "Mozilla/5.0 (X11; Fedora; Linux x86_64) AppleWebKit/537.36 (KHTML, like Gecko) Chrome/61.0.3163.100 Safari/537.36" [upstream: 127.0.0.1:8000 200] request_id=-
195.77.230.187 - - [29/Mar/2020:16:05:50 +0000] "GET /some-url HTTP/1.1" 200 1793 0.009 "https://example.com" "Mozilla/5.0 (X11; Fedora; Linux x86_64) AppleWebKit/537.36 (KHTML, like Gecko) Chrome/61.0.3163.100 Safari/537.36" [upstream: 127.0.0.1:8000 200] request_id=-
195.77.230.187 - - [29/Mar/2020:16:05:50 +0000] "GET /some-url HTTP/1.1" 200 1793 0.009 "https://example.com" "Mozilla/5.0 (X11; Fedora; Linux x86_64) AppleWebKit/537.36 (KHTML, like Gecko) Chrome/61.0.3163.100 Safari/537.36" [upstream: 127.0.0.1:8000 200] request_id=-
195.77.230.187 - - [29/Mar/2020:16:05:50 +0000] "GET /some-url HTTP/1.1" 200 1793 0.009 "https://example.com" "Mozilla/5.0 (X11; Fedora; Linux x86_64) AppleWebKit/537.36 (KHTML, like Gecko) Chrome/61.0.3163.100 Safari/537.36" [upstream: 127.0.0.1:8000 200] request_id=-
195.77.230.187 - - [29/Mar/2020:16:05:50 +0000] "GET /some-url HTTP/1.1" 200 1793 0.009 "https://example.com" "Mozilla/5.0 (X11; Fedora; Linux x86_64) AppleWebKit/537.36 (KHTML, like Gecko) Chrome/61.0.3163.100 Safari/537.36" [upstream: 127.0.0.1:8000 200] request_id=-
195.77.230.187 - - [29/Mar/2020:16:05:50 +0000] "GET /some-url HTTP/1.1" 200 1425 0.009 "https://example.com" "Mozilla/5.0 (X11; Fedora; Linux x86_64) AppleWebKit/537.36 (KHTML, like Gecko) Chrome/61.0.3163.100 Safari/537.36" [upstream: 127.0.0.1:8000 200] request_id=-
195.77.230.187 - - [29/Mar/2020:16:05:50 +0000] "GET /some-url HTTP/1.1" 200 1425 0.009 "https://example.com" "Mozilla/5.0 (X11; Fedora; Linux x86_64) AppleWebKit/537.36 (KHTML, like Gecko) Chrome/61.0.3163.100 Safari/537.36" [upstream: 127.0.0.1:8000 200] request_id=-
195.77.230.187 - - [29/Mar/2020:16:05:50 +0000] "GET /some-url HTTP/1.1" 200 1793 0.009 "https://example.com" "Mozilla/5.0 (X11; Fedora; Linux x86_64) AppleWebKit/537.36 (KHTML, like Gecko) Chrome/61.0.3163.100 Safari/537.36" [upstream: 127.0.0.1:8000 200] request_id=-
195.77.230.187 - - [29/Mar/2020:16:05:50 +0000] "GET /some-url HTTP/1.1" 200 1793 0.009 "https://example.com" "Mozilla/5.0 (X11; Fedora; Linux x86_64) AppleWebKit/537.36 (KHTML, like Gecko) Chrome/61.0.3163.100 Safari/537.36" [upstream: 127.0.0.1:8000 200] request_id=-
195.77.230.187 - - [29/Mar/2020:16:05:50 +0000] "GET /some-url HTTP/1.1" 200 1793 0.009 "https://example.com" "Mozilla/5.0 (X11; Fedora; Linux x86_64) AppleWebKit/537.36 (KHTML, like Gecko) Chrome/61.0.3163.100 Safari/537.36" [upstream: 127.0.0.1:8000 200] request_id=-
195.77.230.187 - - [29/Mar/2020:16:05:50 +0000] "GET /some-url HTTP/1.1" 200 1793 0.009 "https://example.com" "Mozilla/5.0 (X11; Fedora; Linux x86_64) AppleWebKit/537.36 (KHTML, like Gecko) Chrome/61.0.3163.100 Safari/537.36" [upstream: 127.0.0.1:8000 200] request_id=-
195.77.230.187 - - [29/Mar/2020:16:05:50 +0000] "GET /some-url HTTP/1.1" 200 1793 0.009 "https://example.com" "Mozilla/5.0 (X11; Fedora; Linux x86_64) AppleWebKit/537.36 (KHTML, like Gecko) Chrome/61.0.3163.100 Safari/537.36" [upstream: 127.0.0.1:8000 200] request_id=-
195.77.230.187 - - [29/Mar/2020:16:05:50 +0000] "GET /some-url HTTP/1.1" 200 1793 0.009 "https://example.com" "Mozilla/5.0 (X11; Fedora; Linux x86_64) AppleWebKit/537.36 (KHTML, like Gecko) Chrome/61.0.3163.100 Safari/537.36" [upstream: 127.0.0.1:8000 200] request_id=-
195.77.230.187 - - [29/Mar/2020:16:05:50 +0000] "GET /some-url HTTP/1.1" 200 1793 0.009 "https://example.com" "Mozilla/5.0 (X11; Fedora; Linux x86_64) AppleWebKit/537.36 (KHTML, like Gecko) Chrome/61.0.3163.100 Safari/537.36" [upstream: 127.0.0.1:8000 200] request_id=-
195.77.230.187 - - [29/Mar/2020:16:05:50 +0000] "GET /some-url HTTP/1.1" 200 1793 0.009 "https://example.com" "Mozilla/5.0 (X11; Fedora; Linux x86_64) AppleWebKit/537.36 (KHTML, like Gecko) Chrome/61.0.3163.100 Safari/537.36" [upstream: 127.0.0.1:8000 200] request_id=-
195.77.230.187 - - [29/Mar/2020:16:05:50 +0000] "GET /some-url HTTP/1.1" 200 1793 0.009 "https://example.com" "Mozilla/5.0 (X11; Fedora; Linux x86_64) AppleWebKit/537.36 (KHTML, like Gecko) Chrome/61.0.3163.100 Safari/537.36" [upstream: 127.0.0.1:8000 200] request_id=-
195.77.230.187 - - [29/Mar/2020:16:05:50 +0000] "GET /some-url HTTP/1.1" 200 1793 0.009 "https://example.com" "Mozilla/5.0 (X11; Fedora; Linux x86_64) AppleWebKit/537.36 (KHTML, like Gecko) Chrome/61.0.3163.100 Safari/537.36" [upstream: 127.0.0.1:8000 200] request_id=-
195.77.230.187 - - [29/Mar/2020:16:05:50 +0000] "GET /some-url HTTP/1.1" 200 1793 0.009 "https://example.com" "Mozilla/5.0 (X11; Fedora; Linux x86_64) AppleWebKit/537.36 (KHTML, like Gecko) Chrome/61.0.3163.100 Safari/537.36" [upstream: 127.0.0.1:8000 200] request_id=-
195.77.230.187 - - [29/Mar/2020:16:05:50 +0000] "GET /some-url HTTP/1.1" 200 1793 0.009 "https://example.com" "Mozilla/5.0 (X11; Fedora; Linux x86_64) AppleWebKit/537.36 (KHTML, like Gecko) Chrome/61.0.3163.100 Safari/537.36" [upstream: 127.0.0.1:8000 200] request_id=-
195.77.230.187 - - [29/Mar/2020:16:05:50 +0000] "GET /some-url HTTP/1.1" 200 1793 0.009 "https://example.com" "Mozilla/5.0 (X11; Fedora; Linux x86_64) AppleWebKit/537.36 (KHTML, like Gecko) Chrome/61.0.3163.100 Safari/537.36" [upstream: 127.0.0.1:8000 200] request_id=-
195.77.230.187 - - [29/Mar/2020:16:05:50 +0000] "GET /some-url HTTP/1.1" 200 1793 0.009 "https://example.com" "Mozilla/5.0 (X11; Fedora; Linux x86_64) AppleWebKit/537.36 (KHTML, like Gecko) Chrome/61.0.3163.100 Safari/537.36" [upstream: 127.0.0.1:8000 200] request_id=-
195.77.230.187 - - [29/Mar/2020:16:05:50 +0000] "GET /some-url HTTP/1.1" 200 1793 0.009 "https://example.com" "Mozilla/5.0 (X11; Fedora; Linux x86_64) AppleWebKit/537.36 (KHTML, like Gecko) Chrome/61.0.3163.100 Safari/537.36" [upstream: 127.0.0.1:8000 200] request_id=-
195.77.230.187 - - [29/Mar/2020:16:05:50 +0000] "GET /some-url HTTP/1.1" 200 1793 0.009 "https://example.com" "Mozilla/5.0 (X11; Fedora; Linux x86_64) AppleWebKit/537.36 (KHTML, like Gecko) Chrome/61.0.3163.100 Safari/537.36" [upstream: 127.0.0.1:8000 200] request_id=-
195.77.230.187 - - [29/Mar/2020:16:05:50 +0000] "GET /some-url HTTP/1.1" 200 1793 0.009 "https://example.com" "Mozilla/5.0 (X11; Fedora; Linux x86_64) AppleWebKit/537.36 (KHTML, like Gecko) Chrome/61.0.3163.100 Safari/537.36" [upstream: 127.0.0.1:8000 200] request_id=-
195.77.230.187 - - [29/Mar/2020:16:05:50 +0000] "GET /some-url HTTP/1.1" 200 1793 0.009 "https://example.com" "Mozilla/5.0 (X11; Fedora; Linux x86_64) AppleWebKit/537.36 (KHTML, like Gecko) Chrome/61.0.3163.100 Safari/537.36" [upstream: 127.0.0.1:8000 200] request_id=-
195.77.230.187 - - [29/Mar/2020:16:05:50 +0000] "GET /some-url HTTP/1.1" 200 1793 0.009 "https://example.com" "Mozilla/5.0 (X11; Fedora; Linux x86_64) AppleWebKit/537.36 (KHTML, like Gecko) Chrome/61.0.3163.100 Safari/537.36" [upstream: 127.0.0.1:8000 200] request_id=-
195.77.230.187 - - [29/Mar/2020:16:05:50 +0000] "GET /some-url HTTP/1.1" 200 1793 0.009 "https://example.com" "Mozilla/5.0 (X11; Fedora; Linux x86_64) AppleWebKit/537.36 (KHTML, like Gecko) Chrome/61.0.3163.100 Safari/537.36" [upstream: 127.0.0.1:8000 200] request_id=-
195.77.230.187 - - [29/Mar/2020:16:05:50 +0000] "GET /some-url HTTP/1.1" 200 1793 0.009 "https://example.com" "Mozilla/5.0 (X11; Fedora; Linux x86_64) AppleWebKit/537.36 (KHTML, like Gecko) Chrome/61.0.3163.100 Safari/537.36" [upstream: 127.0.0.1:8000 200] request_id=-
195.77.230.187 - - [29/Mar/2020:16:05:50 +0000] "GET /some-url HTTP/1.1" 200 1793 0.009 "https://example.com" "Mozilla/5.0 (X11; Fedora; Linux x86_64) AppleWebKit/537.36 (KHTML, like Gecko) Chrome/61.0.3163.100 Safari/537.36" [upstream: 127.0.0.1:8000 200] request_id=-
195.77.230.187 - - [29/Mar/2020:16:05:50 +0000] "GET /some-url HTTP/1.1" 200 1265 0.009 "https://example.com" "Mozilla/5.0 (X11; Fedora; Linux x86_64) AppleWebKit/537.36 (KHTML, like Gecko) Chrome/61.0.3163.100 Safari/537.36" [upstream: 127.0.0.1:8000 200] request_id=-
195.77.230.187 - - [29/Mar/2020:16:05:50 +0000] "GET /some-url HTTP/1.1" 200 1265 0.009 "https://example.com" "Mozilla/5.0 (X11; Fedora; Linux x86_64) AppleWebKit/537.36 (KHTML, like Gecko) Chrome/61.0.3163.100 Safari/537.36" [upstream: 127.0.0.1:8000 200] request_id=-
195.77.230.187 - - [29/Mar/2020:16:05:50 +0000] "GET /some-url HTTP/1.1" 200 1265 0.009 "https://example.com" "Mozilla/5.0 (X11; Fedora; Linux x86_64) AppleWebKit/537.36 (KHTML, like Gecko) Chrome/61.0.3163.100 Safari/537.36" [upstream: 127.0.0.1:8000 200] request_id=-
195.77.230.187 - - [29/Mar/2020:16:05:50 +0000] "GET /some-url HTTP/1.1" 200 1265 0.009 "https://example.com" "Mozilla/5.0 (X11; Fedora; Linux x86_64) AppleWebKit/537.36 (KHTML, like Gecko) Chrome/61.0.3163.100 Safari/537.36" [upstream: 127.0.0.1:8000 200] request_id=-
195.77.230.187 - - [29/Mar/2020:16:05:50 +0000] "GET /some-url HTTP/1.1" 200 1265 0.009 "https://example.com" "Mozilla/5.0 (X11; Fedora; Linux x86_64) AppleWebKit/537.36 (KHTML, like Gecko) Chrome/61.0.3163.100 Safari/537.36" [upstream: 127.0.0.1:8000 200] request_id=-
195.77.230.187 - - [29/Mar/2020:16:05:50 +0000] "GET /some-url HTTP/1.1" 200 1265 0.009 "https://example.com" "Mozilla/5.0 (X11; Fedora; Linux x86_64) AppleWebKit/537.36 (KHTML, like Gecko) Chrome/61.0.3163.100 Safari/537.36" [upstream: 127.0.0.1:8000 200] request_id=-
195.77.230.187 - - [29/Mar/2020:16:05:50 +0000] "GET /some-url HTTP/1.1" 200 1264 0.009 "https://example.com" "Mozilla/5.0 (X11; Fedora; Linux x86_64) AppleWebKit/537.36 (KHTML, like Gecko) Chrome/61.0.3163.100 Safari/537.36" [upstream: 127.0.0.1:8000 200] request_id=-
195.77.230.187 - - [29/Mar/2020:16:05:50 +0000] "GET /some-url HTTP/1.1" 200 1264 0.009 "https://example.com" "Mozilla/5.0 (X11; Fedora; Linux x86_64) AppleWebKit/537.36 (KHTML, like Gecko) Chrome/61.0.3163.100 Safari/537.36" [upstream: 127.0.0.1:8000 200] request_id=-
195.77.230.187 - - [29/Mar/2020:16:05:50 +0000] "GET /some-url HTTP/1.1" 200 1264 0.009 "https://example.com" "Mozilla/5.0 (X11; Fedora; Linux x86_64) AppleWebKit/537.36 (KHTML, like Gecko) Chrome/61.0.3163.100 Safari/537.36" [upstream: 127.0.0.1:8000 200] request_id=-
195.77.230.187 - - [29/Mar/2020:16:05:50 +0000] "GET /some-url HTTP/1.1" 200 1263 0.009 "https://example.com" "Mozilla/5.0 (X11; Fedora; Linux x86_64) AppleWebKit/537.36 (KHTML, like Gecko) Chrome/61.0.3163.100 Safari/537.36" [upstream: 127.0.0.1:8000 200] request_id=-
195.77.230.187 - - [29/Mar/2020:16:05:50 +0000] "GET /some-url HTTP/1.1" 200 1263 0.009 "https://example.com" "Mozilla/5.0 (X11; Fedora; Linux x86_64) AppleWebKit/537.36 (KHTML, like Gecko) Chrome/61.0.3163.100 Safari/537.36" [upstream: 127.0.0.1:8000 200] request_id=-
195.77.230.187 - - [29/Mar/2020:16:05:50 +0000] "GET /some-url HTTP/1.1" 200 1263 0.009 "https://example.com" "Mozilla/5.0 (X11; Fedora; Linux x86_64) AppleWebKit/537.36 (KHTML, like Gecko) Chrome/61.0.3163.100 Safari/537.36" [upstream: 127.0.0.1:8000 200] request_id=-
195.77.230.187 - - [29/Mar/2020:16:05:50 +0000] "GET /some-url HTTP/1.1" 200 1263 0.009 "https://example.com" "Mozilla/5.0 (X11; Fedora; Linux x86_64) AppleWebKit/537.36 (KHTML, like Gecko) Chrome/61.0.3163.100 Safari/537.36" [upstream: 127.0.0.1:8000 200] request_id=-
195.77.230.187 - - [29/Mar/2020:16:05:50 +0000] "GET /some-url HTTP/1.1" 200 1595 0.009 "https://example.com" "Mozilla/5.0 (X11; Fedora; Linux x86_64) AppleWebKit/537.36 (KHTML, like Gecko) Chrome/61.0.3163.100 Safari/537.36" [upstream: 127.0.0.1:8000 200] request_id=-
195.77.230.187 - - [29/Mar/2020:16:05:50 +0000] "GET /some-url HTTP/1.1" 200 1595 0.009 "https://example.com" "Mozilla/5.0 (X11; Fedora; Linux x86_64) AppleWebKit/537.36 (KHTML, like Gecko) Chrome/61.0.3163.100 Safari/537.36" [upstream: 127.0.0.1:8000 200] request_id=-
195.77.230.187 - - [29/Mar/2020:16:05:50 +0000] "GET /some-url HTTP/1.1" 200 1595 0.009 "https://example.com" "Mozilla/5.0 (X11; Fedora; Linux x86_64) AppleWebKit/537.36 (KHTML, like Gecko) Chrome/61.0.3163.100 Safari/537.36" [upstream: 127.0.0.1:8000 200] request_id=-
195.77.230.187 - - [29/Mar/2020:16:05:50 +0000] "GET /some-url HTTP/1.1" 200 1595 0.009 "https://example.com" "Mozilla/5.0 (X11; Fedora; Linux x86_64) AppleWebKit/537.36 (KHTML, like Gecko) Chrome/61.0.3163.100 Safari/537.36" [upstream: 127.0.0.1:8000 200] request_id=-
195.77.230.187 - - [29/Mar/2020:16:05:50 +0000] "GET /some-url HTTP/1.1" 200 1591 0.009 "https://example.com" "Mozilla/5.0 (X11; Fedora; Linux x86_64) AppleWebKit/537.36 (KHTML, like Gecko) Chrome/61.0.3163.100 Safari/537.36" [upstream: 127.0.0.1:8000 200] request_id=-
195.77.230.187 - - [29/Mar/2020:16:05:50 +0000] "GET /some-url HTTP/1.1" 200 1591 0.009 "https://example.com" "Mozilla/5.0 (X11; Fedora; Linux x86_64) AppleWebKit/537.36 (KHTML, like Gecko) Chrome/61.0.3163.100 Safari/537.36" [upstream: 127.0.0.1:8000 200] request_id=-
195.77.230.187 - - [29/Mar/2020:16:05:50 +0000] "GET /some-url HTTP/1.1" 200 1591 0.009 "https://example.com" "Mozilla/5.0 (X11; Fedora; Linux x86_64) AppleWebKit/537.36 (KHTML, like Gecko) Chrome/61.0.3163.100 Safari/537.36" [upstream: 127.0.0.1:8000 200] request_id=-
195.77.230.187 - - [29/Mar/2020:16:05:50 +0000] "GET /some-url HTTP/1.1" 200 1591 0.009 "https://example.com" "Mozilla/5.0 (X11; Fedora; Linux x86_64) AppleWebKit/537.36 (KHTML, like Gecko) Chrome/61.0.3163.100 Safari/537.36" [upstream: 127.0.0.1:8000 200] request_id=-
195.77.230.187 - - [29/Mar/2020:16:05:50 +0000] "GET /some-url HTTP/1.1" 200 1793 0.009 "https://example.com" "Mozilla/5.0 (X11; Fedora; Linux x86_64) AppleWebKit/537.36 (KHTML, like Gecko) Chrome/61.0.3163.100 Safari/537.36" [upstream: 127.0.0.1:8000 200] request_id=-
195.77.230.187 - - [29/Mar/2020:16:05:50 +0000] "GET /some-url HTTP/1.1" 200 1793 0.009 "https://example.com" "Mozilla/5.0 (X11; Fedora; Linux x86_64) AppleWebKit/537.36 (KHTML, like Gecko) Chrome/61.0.3163.100 Safari/537.36" [upstream: 127.0.0.1:8000 200] request_id=-
195.77.230.187 - - [29/Mar/2020:16:05:50 +0000] "GET /some-url HTTP/1.1" 200 1793 0.009 "https://example.com" "Mozilla/5.0 (X11; Fedora; Linux x86_64) AppleWebKit/537.36 (KHTML, like Gecko) Chrome/61.0.3163.100 Safari/537.36" [upstream: 127.0.0.1:8000 200] request_id=-
195.77.230.187 - - [29/Mar/2020:16:05:50 +0000] "GET /some-url HTTP/1.1" 200 1793 0.009 "https://example.com" "Mozilla/5.0 (X11; Fedora; Linux x86_64) AppleWebKit/537.36 (KHTML, like Gecko) Chrome/61.0.3163.100 Safari/537.36" [upstream: 127.0.0.1:8000 200] request_id=-
195.77.230.187 - - [29/Mar/2020:16:05:50 +0000] "GET /some-url HTTP/1.1" 200 1793 0.009 "https://example.com" "Mozilla/5.0 (X11; Fedora; Linux x86_64) AppleWebKit/537.36 (KHTML, like Gecko) Chrome/61.0.3163.100 Safari/537.36" [upstream: 127.0.0.1:8000 200] request_id=-
195.77.230.187 - - [29/Mar/2020:16:05:50 +0000] "GET /some-url HTTP/1.1" 200 1793 0.009 "https://example.com" "Mozilla/5.0 (X11; Fedora; Linux x86_64) AppleWebKit/537.36 (KHTML, like Gecko) Chrome/61.0.3163.100 Safari/537.36" [upstream: 127.0.0.1:8000 200] request_id=-
195.77.230.187 - - [29/Mar/2020:16:05:50 +0000] "GET /some-url HTTP/1.1" 200 1793 0.009 "https://example.com" "Mozilla/5.0 (X11; Fedora; Linux x86_64) AppleWebKit/537.36 (KHTML, like Gecko) Chrome/61.0.3163.100 Safari/537.36" [upstream: 127.0.0.1:8000 200] request_id=-
195.77.230.187 - - [29/Mar/2020:16:05:50 +0000] "GET /some-url HTTP/1.1" 200 1793 0.009 "https://example.com" "Mozilla/5.0 (X11; Fedora; Linux x86_64) AppleWebKit/537.36 (KHTML, like Gecko) Chrome/61.0.3163.100 Safari/537.36" [upstream: 127.0.0.1:8000 200] request_id=-
195.77.230.187 - - [29/Mar/2020:16:05:50 +0000] "GET /some-url HTTP/1.1" 200 1793 0.009 "https://example.com" "Mozilla/5.0 (X11; Fedora; Linux x86_64) AppleWebKit/537.36 (KHTML, like Gecko) Chrome/61.0.3163.100 Safari/537.36" [upstream: 127.0.0.1:8000 200] request_id=-
195.77.230.187 - - [29/Mar/2020:16:05:50 +0000] "GET /some-url HTTP/1.1" 200 1793 0.009 "https://example.com" "Mozilla/5.0 (X11; Fedora; Linux x86_64) AppleWebKit/537.36 (KHTML, like Gecko) Chrome/61.0.3163.100 Safari/537.36" [upstream: 127.0.0.1:8000 200] request_id=-
195.77.230.187 - - [29/Mar/2020:16:05:50 +0000] "GET /some-url HTTP/1.1" 200 1793 0.009 "https://example.com" "Mozilla/5.0 (X11; Fedora; Linux x86_64) AppleWebKit/537.36 (KHTML, like Gecko) Chrome/61.0.3163.100 Safari/537.36" [upstream: 127.0.0.1:8000 200] request_id=-
195.77.230.186 - - [29/Mar/2020:16:05:50 +0000] "GET /some-url HTTP/1.1" 200 1793 0.009 "https://example.com" "Mozilla/5.0 (X11; Fedora; Linux x86_64) AppleWebKit/537.36 (KHTML, like Gecko) Chrome/61.0.3163.100 Safari/537.36" [upstream: 127.0.0.1:8000 200] request_id=-
195.77.230.186 - - [29/Mar/2020:16:05:50 +0000] "GET /some-url HTTP/1.1" 200 1793 0.009 "https://example.com" "Mozilla/5.0 (X11; Fedora; Linux x86_64) AppleWebKit/537.36 (KHTML, like Gecko) Chrome/61.0.3163.100 Safari/537.36" [upstream: 127.0.0.1:8000 200] request_id=-
195.77.230.186 - - [29/Mar/2020:16:05:50 +0000] "GET /some-url HTTP/1.1" 200 1793 0.009 "https://example.com" "Mozilla/5.0 (X11; Fedora; Linux x86_64) AppleWebKit/537.36 (KHTML, like Gecko) Chrome/61.0.3163.100 Safari/537.36" [upstream: 127.0.0.1:8000 200] request_id=-
195.77.230.186 - - [29/Mar/2020:16:05:50 +0000] "GET /some-url HTTP/1.1" 200 1793 0.009 "https://example.com" "Mozilla/5.0 (X11; Fedora; Linux x86_64) AppleWebKit/537.36 (KHTML, like Gecko) Chrome/61.0.3163.100 Safari/537.36" [upstream: 127.0.0.1:8000 200] request_id=-
195.77.230.186 - - [29/Mar/2020:16:05:50 +0000] "GET /some-url HTTP/1.1" 200 1793 0.009 "https://example.com" "Mozilla/5.0 (X11; Fedora; Linux x86_64) AppleWebKit/537.36 (KHTML, like Gecko) Chrome/61.0.3163.100 Safari/537.36" [upstream: 127.0.0.1:8000 200] request_id=-
195.77.230.186 - - [29/Mar/2020:16:05:50 +0000] "GET /some-url HTTP/1.1" 200 1793 0.009 "https://example.com" "Mozilla/5.0 (X11; Fedora; Linux x86_64) AppleWebKit/537.36 (KHTML, like Gecko) Chrome/61.0.3163.100 Safari/537.36" [upstream: 127.0.0.1:8000 200] request_id=-
195.77.230.186 - - [29/Mar/2020:16:05:50 +0000] "GET /some-url HTTP/1.1" 200 1793 0.009 "https://example.com" "Mozilla/5.0 (X11; Fedora; Linux x86_64) AppleWebKit/537.36 (KHTML, like Gecko) Chrome/61.0.3163.100 Safari/537.36" [upstream: 127.0.0.1:8000 200] request_id=-
195.77.230.186 - - [29/Mar/2020:16:05:50 +0000] "GET /some-url HTTP/1.1" 200 1793 0.009 "https://example.com" "Mozilla/5.0 (X11; Fedora; Linux x86_64) AppleWebKit/537.36 (KHTML, like Gecko) Chrome/61.0.3163.100 Safari/537.36" [upstream: 127.0.0.1:8000 200] request_id=-
195.77.230.186 - - [29/Mar/2020:16:05:50 +0000] "GET /some-url HTTP/1.1" 200 1793 0.009 "https://example.com" "Mozilla/5.0 (X11; Fedora; Linux x86_64) AppleWebKit/537.36 (KHTML, like Gecko) Chrome/61.0.3163.100 Safari/537.36" [upstream: 127.0.0.1:8000 200] request_id=-
195.77.230.186 - - [29/Mar/2020:16:05:50 +0000] "GET /some-url HTTP/1.1" 200 1793 0.009 "https://example.com" "Mozilla/5.0 (X11; Fedora; Linux x86_64) AppleWebKit/537.36 (KHTML, like Gecko) Chrome/61.0.3163.100 Safari/537.36" [upstream: 127.0.0.1:8000 200] request_id=-
195.77.230.186 - - [29/Mar/2020:16:05:50 +0000] "GET /some-url HTTP/1.1" 200 1793 0.009 "https://example.com" "Mozilla/5.0 (X11; Fedora; Linux x86_64) AppleWebKit/537.36 (KHTML, like Gecko) Chrome/61.0.3163.100 Safari/537.36" [upstream: 127.0.0.1:8000 200] request_id=-
195.77.230.186 - - [29/Mar/2020:16:05:50 +0000] "GET /some-url HTTP/1.1" 200 1793 0.009 "https://example.com" "Mozilla/5.0 (X11; Fedora; Linux x86_64) AppleWebKit/537.36 (KHTML, like Gecko) Chrome/61.0.3163.100 Safari/537.36" [upstream: 127.0.0.1:8000 200] request_id=-
195.77.230.186 - - [29/Mar/2020:16:05:50 +0000] "GET /some-url HTTP/1.1" 200 1793 0.009 "https://example.com" "Mozilla/5.0 (X11; Fedora; Linux x86_64) AppleWebKit/537.36 (KHTML, like Gecko) Chrome/61.0.3163.100 Safari/537.36" [upstream: 127.0.0.1:8000 200] request_id=-
195.77.230.186 - - [29/Mar/2020:16:05:50 +0000] "GET /some-url HTTP/1.1" 200 1793 0.009 "https://example.com" "Mozilla/5.0 (X11; Fedora; Linux x86_64) AppleWebKit/537.36 (KHTML, like Gecko) Chrome/61.0.3163.100 Safari/537.36" [upstream: 127.0.0.1:8000 200] request_id=-
195.77.230.186 - - [29/Mar/2020:16:05:50 +0000] "GET /some-url HTTP/1.1" 200 1793 0.009 "https://example.com" "Mozilla/5.0 (X11; Fedora; Linux x86_64) AppleWebKit/537.36 (KHTML, like Gecko) Chrome/61.0.3163.100 Safari/537.36" [upstream: 127.0.0.1:8000 200] request_id=-
195.77.230.186 - - [29/Mar/2020:16:05:50 +0000] "GET /some-url HTTP/1.1" 200 1793 0.009 "https://example.com" "Mozilla/5.0 (X11; Fedora; Linux x86_64) AppleWebKit/537.36 (KHTML, like Gecko) Chrome/61.0.3163.100 Safari/537.36" [upstream: 127.0.0.1:8000 200] request_id=-
195.77.230.186 - - [29/Mar/2020:16:05:50 +0000] "GET /some-url HTTP/1.1" 200 1793 0.009 "https://example.com" "Mozilla/5.0 (X11; Fedora; Linux x86_64) AppleWebKit/537.36 (KHTML, like Gecko) Chrome/61.0.3163.100 Safari/537.36" [upstream: 127.0.0.1:8000 200] request_id=-
195.77.230.186 - - [29/Mar/2020:16:05:50 +0000] "GET /some-url HTTP/1.1" 200 1793 0.009 "https://example.com" "Mozilla/5.0 (X11; Fedora; Linux x86_64) AppleWebKit/537.36 (KHTML, like Gecko) Chrome/61.0.3163.100 Safari/537.36" [upstream: 127.0.0.1:8000 200] request_id=-
195.77.230.186 - - [29/Mar/2020:16:05:50 +0000] "GET /some-url HTTP/1.1" 200 1793 0.009 "https://example.com" "Mozilla/5.0 (X11; Fedora; Linux x86_64) AppleWebKit/537.36 (KHTML, like Gecko) Chrome/61.0.3163.100 Safari/537.36" [upstream: 127.0.0.1:8000 200] request_id=-
195.77.230.186 - - [29/Mar/2020:16:05:50 +0000] "GET /some-url HTTP/1.1" 200 1793 0.009 "https://example.com" "Mozilla/5.0 (X11; Fedora; Linux x86_64) AppleWebKit/537.36 (KHTML, like Gecko) Chrome/61.0.3163.100 Safari/537.36" [upstream: 127.0.0.1:8000 200] request_id=-
195.77.230.186 - - [29/Mar/2020:16:05:50 +0000] "GET /some-url HTTP/1.1" 200 1793 0.009 "https://example.com" "Mozilla/5.0 (X11; Fedora; Linux x86_64) AppleWebKit/537.36 (KHTML, like Gecko) Chrome/61.0.3163.100 Safari/537.36" [upstream: 127.0.0.1:8000 200] request_id=-
195.77.230.186 - - [29/Mar/2020:16:05:50 +0000] "GET /some-url HTTP/1.1" 200 1793 0.009 "https://example.com" "Mozilla/5.0 (X11; Fedora; Linux x86_64) AppleWebKit/537.36 (KHTML, like Gecko) Chrome/61.0.3163.100 Safari/537.36" [upstream: 127.0.0.1:8000 200] request_id=-
195.77.230.186 - - [29/Mar/2020:16:05:50 +0000] "GET /some-url HTTP/1.1" 200 1793 0.009 "https://example.com" "Mozilla/5.0 (X11; Fedora; Linux x86_64) AppleWebKit/537.36 (KHTML, like Gecko) Chrome/61.0.3163.100 Safari/537.36" [upstream: 127.0.0.1:8000 200] request_id=-
195.77.230.186 - - [29/Mar/2020:16:05:50 +0000] "GET /some-url HTTP/1.1" 200 1793 0.009 "https://example.com" "Mozilla/5.0 (X11; Fedora; Linux x86_64) AppleWebKit/537.36 (KHTML, like Gecko) Chrome/61.0.3163.100 Safari/537.36" [upstream: 127.0.0.1:8000 200] request_id=-
195.77.230.185 - - [29/Mar/2020:16:05:50 +0000] "GET /some-url HTTP/1.1" 200 1793 0.009 "https://example.com" "Mozilla/5.0 (X11; Fedora; Linux x86_64) AppleWebKit/537.36 (KHTML, like Gecko) Chrome/61.0.3163.100 Safari/537.36" [upstream: 127.0.0.1:8000 200] request_id=-
195.77.230.185 - - [29/Mar/2020:16:05:50 +0000] "GET /some-url HTTP/1.1" 200 1793 0.009 "https://example.com" "Mozilla/5.0 (X11; Fedora; Linux x86_64) AppleWebKit/537.36 (KHTML, like Gecko) Chrome/61.0.3163.100 Safari/537.36" [upstream: 127.0.0.1:8000 200] request_id=-
195.77.230.185 - - [29/Mar/2020:16:05:50 +0000] "GET /some-url HTTP/1.1" 200 1793 0.009 "https://example.com" "Mozilla/5.0 (X11; Fedora; Linux x86_64) AppleWebKit/537.36 (KHTML, like Gecko) Chrome/61.0.3163.100 Safari/537.36" [upstream: 127.0.0.1:8000 200] request_id=-
195.77.230.185 - - [29/Mar/2020:16:05:50 +0000] "GET /some-url HTTP/1.1" 200 1793 0.009 "https://example.com" "Mozilla/5.0 (X11; Fedora; Linux x86_64) AppleWebKit/537.36 (KHTML, like Gecko) Chrome/61.0.3163.100 Safari/537.36" [upstream: 127.0.0.1:8000 200] request_id=-
195.77.230.185 - - [29/Mar/2020:16:05:50 +0000] "GET /some-url HTTP/1.1" 200 1793 0.009 "https://example.com" "Mozilla/5.0 (X11; Fedora; Linux x86_64) AppleWebKit/537.36 (KHTML, like Gecko) Chrome/61.0.3163.100 Safari/537.36" [upstream: 127.0.0.1:8000 200] request_id=-
195.77.230.185 - - [29/Mar/2020:16:05:50 +0000] "GET /some-url HTTP/1.1" 200 1793 0.009 "https://example.com" "Mozilla/5.0 (X11; Fedora; Linux x86_64) AppleWebKit/537.36 (KHTML, like Gecko) Chrome/61.0.3163.100 Safari/537.36" [upstream: 127.0.0.1:8000 200] request_id=-
195.77.230.185 - - [29/Mar/2020:16:05:50 +0000] "GET /some-url HTTP/1.1" 200 1793 0.009 "https://example.com" "Mozilla/5.0 (X11; Fedora; Linux x86_64) AppleWebKit/537.36 (KHTML, like Gecko) Chrome/61.0.3163.100 Safari/537.36" [upstream: 127.0.0.1:8000 200] request_id=-
195.77.230.185 - - [29/Mar/2020:16:05:50 +0000] "GET /some-url HTTP/1.1" 200 1425 0.009 "https://example.com" "Mozilla/5.0 (X11; Fedora; Linux x86_64) AppleWebKit/537.36 (KHTML, like Gecko) Chrome/61.0.3163.100 Safari/537.36" [upstream: 127.0.0.1:8000 200] request_id=-
195.77.230.185 - - [29/Mar/2020:16:05:50 +0000] "GET /some-url HTTP/1.1" 200 1425 0.009 "https://example.com" "Mozilla/5.0 (X11; Fedora; Linux x86_64) AppleWebKit/537.36 (KHTML, like Gecko) Chrome/61.0.3163.100 Safari/537.36" [upstream: 127.0.0.1:8000 200] request_id=-
195.77.230.185 - - [29/Mar/2020:16:05:50 +0000] "GET /some-url HTTP/1.1" 200 1793 0.009 "https://example.com" "Mozilla/5.0 (X11; Fedora; Linux x86_64) AppleWebKit/537.36 (KHTML, like Gecko) Chrome/61.0.3163.100 Safari/537.36" [upstream: 127.0.0.1:8000 200] request_id=-
195.77.230.185 - - [29/Mar/2020:16:05:50 +0000] "GET /some-url HTTP/1.1" 200 1793 0.009 "https://example.com" "Mozilla/5.0 (X11; Fedora; Linux x86_64) AppleWebKit/537.36 (KHTML, like Gecko) Chrome/61.0.3163.100 Safari/537.36" [upstream: 127.0.0.1:8000 200] request_id=-
195.77.230.185 - - [29/Mar/2020:16:05:50 +0000] "GET /some-url HTTP/1.1" 200 1793 0.009 "https://example.com" "Mozilla/5.0 (X11; Fedora; Linux x86_64) AppleWebKit/537.36 (KHTML, like Gecko) Chrome/61.0.3163.100 Safari/537.36" [upstream: 127.0.0.1:8000 200] request_id=-
195.77.230.185 - - [29/Mar/2020:16:05:50 +0000] "GET /some-url HTTP/1.1" 200 1793 0.009 "https://example.com" "Mozilla/5.0 (X11; Fedora; Linux x86_64) AppleWebKit/537.36 (KHTML, like Gecko) Chrome/61.0.3163.100 Safari/537.36" [upstream: 127.0.0.1:8000 200] request_id=-
195.77.230.185 - - [29/Mar/2020:16:05:50 +0000] "GET /some-url HTTP/1.1" 200 1793 0.009 "https://example.com" "Mozilla/5.0 (X11; Fedora; Linux x86_64) AppleWebKit/537.36 (KHTML, like Gecko) Chrome/61.0.3163.100 Safari/537.36" [upstream: 127.0.0.1:8000 200] request_id=-
195.77.230.185 - - [29/Mar/2020:16:05:50 +0000] "GET /some-url HTTP/1.1" 200 1793 0.009 "https://example.com" "Mozilla/5.0 (X11; Fedora; Linux x86_64) AppleWebKit/537.36 (KHTML, like Gecko) Chrome/61.0.3163.100 Safari/537.36" [upstream: 127.0.0.1:8000 200] request_id=-
195.77.230.185 - - [29/Mar/2020:16:05:50 +0000] "GET /some-url HTTP/1.1" 200 1793 0.009 "https://example.com" "Mozilla/5.0 (X11; Fedora; Linux x86_64) AppleWebKit/537.36 (KHTML, like Gecko) Chrome/61.0.3163.100 Safari/537.36" [upstream: 127.0.0.1:8000 200] request_id=-
195.77.230.185 - - [29/Mar/2020:16:05:50 +0000] "GET /some-url HTTP/1.1" 200 1793 0.009 "https://example.com" "Mozilla/5.0 (X11; Fedora; Linux x86_64) AppleWebKit/537.36 (KHTML, like Gecko) Chrome/61.0.3163.100 Safari/537.36" [upstream: 127.0.0.1:8000 200] request_id=-
195.77.230.185 - - [29/Mar/2020:16:05:50 +0000] "GET /some-url HTTP/1.1" 200 1793 0.009 "https://example.com" "Mozilla/5.0 (X11; Fedora; Linux x86_64) AppleWebKit/537.36 (KHTML, like Gecko) Chrome/61.0.3163.100 Safari/537.36" [upstream: 127.0.0.1:8000 200] request_id=-
195.77.230.185 - - [29/Mar/2020:16:05:50 +0000] "GET /some-url HTTP/1.1" 200 1793 0.009 "https://example.com" "Mozilla/5.0 (X11; Fedora; Linux x86_64) AppleWebKit/537.36 (KHTML, like Gecko) Chrome/61.0.3163.100 Safari/537.36" [upstream: 127.0.0.1:8000 200] request_id=-
195.77.230.185 - - [29/Mar/2020:16:05:50 +0000] "GET /some-url HTTP/1.1" 200 1793 0.009 "https://example.com" "Mozilla/5.0 (X11; Fedora; Linux x86_64) AppleWebKit/537.36 (KHTML, like Gecko) Chrome/61.0.3163.100 Safari/537.36" [upstream: 127.0.0.1:8000 200] request_id=-
195.77.230.185 - - [29/Mar/2020:16:05:50 +0000] "GET /some-url HTTP/1.1" 200 1793 0.009 "https://example.com" "Mozilla/5.0 (X11; Fedora; Linux x86_64) AppleWebKit/537.36 (KHTML, like Gecko) Chrome/61.0.3163.100 Safari/537.36" [upstream: 127.0.0.1:8000 200] request_id=-
195.77.230.185 - - [29/Mar/2020:16:05:50 +0000] "GET /some-url HTTP/1.1" 200 1793 0.009 "https://example.com" "Mozilla/5.0 (X11; Fedora; Linux x86_64) AppleWebKit/537.36 (KHTML, like Gecko) Chrome/61.0.3163.100 Safari/537.36" [upstream: 127.0.0.1:8000 200] request_id=-
195.77.230.185 - - [29/Mar/2020:16:05:50 +0000] "GET /some-url HTTP/1.1" 200 1793 0.009 "https://example.com" "Mozilla/5.0 (X11; Fedora; Linux x86_64) AppleWebKit/537.36 (KHTML, like Gecko) Chrome/61.0.3163.100 Safari/537.36" [upstream: 127.0.0.1:8000 200] request_id=-
195.77.230.185 - - [29/Mar/2020:16:05:50 +0000] "GET /some-url HTTP/1.1" 200 1793 0.009 "https://example.com" "Mozilla/5.0 (X11; Fedora; Linux x86_64) AppleWebKit/537.36 (KHTML, like Gecko) Chrome/61.0.3163.100 Safari/537.36" [upstream: 127.0.0.1:8000 200] request_id=-
195.77.230.185 - - [29/Mar/2020:16:05:50 +0000] "GET /some-url HTTP/1.1" 200 1793 0.009 "https://example.com" "Mozilla/5.0 (X11; Fedora; Linux x86_64) AppleWebKit/537.36 (KHTML, like Gecko) Chrome/61.0.3163.100 Safari/537.36" [upstream: 127.0.0.1:8000 200] request_id=-
195.77.230.185 - - [29/Mar/2020:16:05:50 +0000] "GET /some-url HTTP/1.1" 200 1793 0.009 "https://example.com" "Mozilla/5.0 (X11; Fedora; Linux x86_64) AppleWebKit/537.36 (KHTML, like Gecko) Chrome/61.0.3163.100 Safari/537.36" [upstream: 127.0.0.1:8000 200] request_id=-
195.77.230.185 - - [29/Mar/2020:16:05:50 +0000] "GET /some-url HTTP/1.1" 200 1793 0.009 "https://example.com" "Mozilla/5.0 (X11; Fedora; Linux x86_64) AppleWebKit/537.36 (KHTML, like Gecko) Chrome/61.0.3163.100 Safari/537.36" [upstream: 127.0.0.1:8000 200] request_id=-
195.77.230.185 - - [29/Mar/2020:16:05:50 +0000] "GET /some-url HTTP/1.1" 200 1793 0.009 "https://example.com" "Mozilla/5.0 (X11; Fedora; Linux x86_64) AppleWebKit/537.36 (KHTML, like Gecko) Chrome/61.0.3163.100 Safari/537.36" [upstream: 127.0.0.1:8000 200] request_id=-
195.77.230.185 - - [29/Mar/2020:16:05:50 +0000] "GET /some-url HTTP/1.1" 200 1793 0.009 "https://example.com" "Mozilla/5.0 (X11; Fedora; Linux x86_64) AppleWebKit/537.36 (KHTML, like Gecko) Chrome/61.0.3163.100 Safari/537.36" [upstream: 127.0.0.1:8000 200] request_id=-
195.77.230.25 - - [29/Mar/2020:16:05:50 +0000] "GET /some-url HTTP/1.1" 200 1793 0.009 "https://example.com" "Mozilla/5.0 (X11; Fedora; Linux x86_64) AppleWebKit/537.36 (KHTML, like Gecko) Chrome/61.0.3163.100 Safari/537.36" [upstream: 127.0.0.1:8000 200] request_id=-
195.77.230.25 - - [29/Mar/2020:16:05:50 +0000] "GET /some-url HTTP/1.1" 200 1793 0.009 "https://example.com" "Mozilla/5.0 (X11; Fedora; Linux x86_64) AppleWebKit/537.36 (KHTML, like Gecko) Chrome/61.0.3163.100 Safari/537.36" [upstream: 127.0.0.1:8000 200] request_id=-
195.77.230.25 - - [29/Mar/2020:16:05:50 +0000] "GET /some-url HTTP/1.1" 200 1793 0.009 "https://example.com" "Mozilla/5.0 (X11; Fedora; Linux x86_64) AppleWebKit/537.36 (KHTML, like Gecko) Chrome/61.0.3163.100 Safari/537.36" [upstream: 127.0.0.1:8000 200] request_id=-
195.77.230.25 - - [29/Mar/2020:16:05:50 +0000] "GET /some-url HTTP/1.1" 200 1793 0.009 "https://example.com" "Mozilla/5.0 (X11; Fedora; Linux x86_64) AppleWebKit/537.36 (KHTML, like Gecko) Chrome/61.0.3163.100 Safari/537.36" [upstream: 127.0.0.1:8000 200] request_id=-
195.77.230.25 - - [29/Mar/2020:16:05:50 +0000] "GET /some-url HTTP/1.1" 200 1793 0.009 "https://example.com" "Mozilla/5.0 (X11; Fedora; Linux x86_64) AppleWebKit/537.36 (KHTML, like Gecko) Chrome/61.0.3163.100 Safari/537.36" [upstream: 127.0.0.1:8000 200] request_id=-
195.77.230.25 - - [29/Mar/2020:16:05:50 +0000] "GET /some-url HTTP/1.1" 200 1793 0.009 "https://example.com" "Mozilla/5.0 (X11; Fedora; Linux x86_64) AppleWebKit/537.36 (KHTML, like Gecko) Chrome/61.0.3163.100 Safari/537.36" [upstream: 127.0.0.1:8000 200] request_id=-
195.77.230.25 - - [29/Mar/2020:16:05:50 +0000] "GET /some-url HTTP/1.1" 200 1793 0.009 "https://example.com" "Mozilla/5.0 (X11; Fedora; Linux x86_64) AppleWebKit/537.36 (KHTML, like Gecko) Chrome/61.0.3163.100 Safari/537.36" [upstream: 127.0.0.1:8000 200] request_id=-
195.77.230.25 - - [29/Mar/2020:16:05:50 +0000] "GET /some-url HTTP/1.1" 200 1793 0.009 "https://example.com" "Mozilla/5.0 (X11; Fedora; Linux x86_64) AppleWebKit/537.36 (KHTML, like Gecko) Chrome/61.0.3163.100 Safari/537.36" [upstream: 127.0.0.1:8000 200] request_id=-
195.77.230.25 - - [29/Mar/2020:16:05:50 +0000] "GET /some-url HTTP/1.1" 200 1793 0.009 "https://example.com" "Mozilla/5.0 (X11; Fedora; Linux x86_64) AppleWebKit/537.36 (KHTML, like Gecko) Chrome/61.0.3163.100 Safari/537.36" [upstream: 127.0.0.1:8000 200] request_id=-
195.77.230.25 - - [29/Mar/2020:16:05:50 +0000] "GET /some-url HTTP/1.1" 200 1793 0.009 "https://example.com" "Mozilla/5.0 (X11; Fedora; Linux x86_64) AppleWebKit/537.36 (KHTML, like Gecko) Chrome/61.0.3163.100 Safari/537.36" [upstream: 127.0.0.1:8000 200] request_id=-
195.77.230.25 - - [29/Mar/2020:16:05:50 +0000] "GET /some-url HTTP/1.1" 200 1793 0.009 "https://example.com" "Mozilla/5.0 (X11; Fedora; Linux x86_64) AppleWebKit/537.36 (KHTML, like Gecko) Chrome/61.0.3163.100 Safari/537.36" [upstream: 127.0.0.1:8000 200] request_id=-
195.77.230.25 - - [29/Mar/2020:16:05:50 +0000] "GET /some-url HTTP/1.1" 200 1793 0.009 "https://example.com" "Mozilla/5.0 (X11; Fedora; Linux x86_64) AppleWebKit/537.36 (KHTML, like Gecko) Chrome/61.0.3163.100 Safari/537.36" [upstream: 127.0.0.1:8000 200] request_id=-
195.77.230.25 - - [29/Mar/2020:16:05:50 +0000] "GET /some-url HTTP/1.1" 200 1793 0.009 "https://example.com" "Mozilla/5.0 (X11; Fedora; Linux x86_64) AppleWebKit/537.36 (KHTML, like Gecko) Chrome/61.0.3163.100 Safari/537.36" [upstream: 127.0.0.1:8000 200] request_id=-
195.77.230.25 - - [29/Mar/2020:16:05:50 +0000] "GET /some-url HTTP/1.1" 200 1793 0.009 "https://example.com" "Mozilla/5.0 (X11; Fedora; Linux x86_64) AppleWebKit/537.36 (KHTML, like Gecko) Chrome/61.0.3163.100 Safari/537.36" [upstream: 127.0.0.1:8000 200] request_id=-
195.77.230.25 - - [29/Mar/2020:16:05:50 +0000] "GET /some-url HTTP/1.1" 200 1793 0.009 "https://example.com" "Mozilla/5.0 (X11; Fedora; Linux x86_64) AppleWebKit/537.36 (KHTML, like Gecko) Chrome/61.0.3163.100 Safari/537.36" [upstream: 127.0.0.1:8000 200] request_id=-
195.77.230.25 - - [29/Mar/2020:16:05:50 +0000] "GET /some-url HTTP/1.1" 200 1793 0.009 "https://example.com" "Mozilla/5.0 (X11; Fedora; Linux x86_64) AppleWebKit/537.36 (KHTML, like Gecko) Chrome/61.0.3163.100 Safari/537.36" [upstream: 127.0.0.1:8000 200] request_id=-
195.77.230.25 - - [29/Mar/2020:16:05:50 +0000] "GET /some-url HTTP/1.1" 200 1793 0.009 "https://example.com" "Mozilla/5.0 (X11; Fedora; Linux x86_64) AppleWebKit/537.36 (KHTML, like Gecko) Chrome/61.0.3163.100 Safari/537.36" [upstream: 127.0.0.1:8000 200] request_id=-
195.77.230.25 - - [29/Mar/2020:16:05:50 +0000] "GET /some-url HTTP/1.1" 200 1793 0.009 "https://example.com" "Mozilla/5.0 (X11; Fedora; Linux x86_64) AppleWebKit/537.36 (KHTML, like Gecko) Chrome/61.0.3163.100 Safari/537.36" [upstream: 127.0.0.1:8000 200] request_id=-
195.77.230.24 - - [29/Mar/2020:16:05:50 +0000] "GET /some-url HTTP/1.1" 200 1793 0.009 "https://example.com" "Mozilla/5.0 (X11; Fedora; Linux x86_64) AppleWebKit/537.36 (KHTML, like Gecko) Chrome/61.0.3163.100 Safari/537.36" [upstream: 127.0.0.1:8000 200] request_id=-
195.77.230.24 - - [29/Mar/2020:16:05:50 +0000] "GET /some-url HTTP/1.1" 200 1793 0.009 "https://example.com" "Mozilla/5.0 (X11; Fedora; Linux x86_64) AppleWebKit/537.36 (KHTML, like Gecko) Chrome/61.0.3163.100 Safari/537.36" [upstream: 127.0.0.1:8000 200] request_id=-
195.77.230.24 - - [29/Mar/2020:16:05:50 +0000] "GET /some-url HTTP/1.1" 200 1793 0.009 "https://example.com" "Mozilla/5.0 (X11; Fedora; Linux x86_64) AppleWebKit/537.36 (KHTML, like Gecko) Chrome/61.0.3163.100 Safari/537.36" [upstream: 127.0.0.1:8000 200] request_id=-
195.77.230.24 - - [29/Mar/2020:16:05:50 +0000] "GET /some-url HTTP/1.1" 200 1793 0.009 "https://example.com" "Mozilla/5.0 (X11; Fedora; Linux x86_64) AppleWebKit/537.36 (KHTML, like Gecko) Chrome/61.0.3163.100 Safari/537.36" [upstream: 127.0.0.1:8000 200] request_id=-
195.77.230.24 - - [29/Mar/2020:16:05:50 +0000] "GET /some-url HTTP/1.1" 200 1793 0.009 "https://example.com" "Mozilla/5.0 (X11; Fedora; Linux x86_64) AppleWebKit/537.36 (KHTML, like Gecko) Chrome/61.0.3163.100 Safari/537.36" [upstream: 127.0.0.1:8000 200] request_id=-
195.77.230.24 - - [29/Mar/2020:16:05:50 +0000] "GET /some-url HTTP/1.1" 200 1793 0.009 "https://example.com" "Mozilla/5.0 (X11; Fedora; Linux x86_64) AppleWebKit/537.36 (KHTML, like Gecko) Chrome/61.0.3163.100 Safari/537.36" [upstream: 127.0.0.1:8000 200] request_id=-
195.77.230.24 - - [29/Mar/2020:16:05:50 +0000] "GET /some-url HTTP/1.1" 200 1793 0.009 "https://example.com" "Mozilla/5.0 (X11; Fedora; Linux x86_64) AppleWebKit/537.36 (KHTML, like Gecko) Chrome/61.0.3163.100 Safari/537.36" [upstream: 127.0.0.1:8000 200] request_id=-
195.77.230.24 - - [29/Mar/2020:16:05:50 +0000] "GET /some-url HTTP/1.1" 200 1793 0.009 "https://example.com" "Mozilla/5.0 (X11; Fedora; Linux x86_64) AppleWebKit/537.36 (KHTML, like Gecko) Chrome/61.0.3163.100 Safari/537.36" [upstream: 127.0.0.1:8000 200] request_id=-
195.77.230.24 - - [29/Mar/2020:16:05:50 +0000] "GET /some-url HTTP/1.1" 200 1793 0.009 "https://example.com" "Mozilla/5.0 (X11; Fedora; Linux x86_64) AppleWebKit/537.36 (KHTML, like Gecko) Chrome/61.0.3163.100 Safari/537.36" [upstream: 127.0.0.1:8000 200] request_id=-
195.77.230.24 - - [29/Mar/2020:16:05:50 +0000] "GET /some-url HTTP/1.1" 200 1793 0.009 "https://example.com" "Mozilla/5.0 (X11; Fedora; Linux x86_64) AppleWebKit/537.36 (KHTML, like Gecko) Chrome/61.0.3163.100 Safari/537.36" [upstream: 127.0.0.1:8000 200] request_id=-
195.77.230.24 - - [29/Mar/2020:16:05:50 +0000] "GET /some-url HTTP/1.1" 200 1793 0.009 "https://example.com" "Mozilla/5.0 (X11; Fedora; Linux x86_64) AppleWebKit/537.36 (KHTML, like Gecko) Chrome/61.0.3163.100 Safari/537.36" [upstream: 127.0.0.1:8000 200] request_id=-
195.77.230.24 - - [29/Mar/2020:16:05:50 +0000] "GET /some-url HTTP/1.1" 200 1793 0.009 "https://example.com" "Mozilla/5.0 (X11; Fedora; Linux x86_64) AppleWebKit/537.36 (KHTML, like Gecko) Chrome/61.0.3163.100 Safari/537.36" [upstream: 127.0.0.1:8000 200] request_id=-
195.77.230.24 - - [29/Mar/2020:16:05:50 +0000] "GET /some-url HTTP/1.1" 200 1793 0.009 "https://example.com" "Mozilla/5.0 (X11; Fedora; Linux x86_64) AppleWebKit/537.36 (KHTML, like Gecko) Chrome/61.0.3163.100 Safari/537.36" [upstream: 127.0.0.1:8000 200] request_id=-
195.77.230.24 - - [29/Mar/2020:16:05:50 +0000] "GET /some-url HTTP/1.1" 200 1793 0.009 "https://example.com" "Mozilla/5.0 (X11; Fedora; Linux x86_64) AppleWebKit/537.36 (KHTML, like Gecko) Chrome/61.0.3163.100 Safari/537.36" [upstream: 127.0.0.1:8000 200] request_id=-
195.77.230.24 - - [29/Mar/2020:16:05:50 +0000] "GET /some-url HTTP/1.1" 200 1793 0.009 "https://example.com" "Mozilla/5.0 (X11; Fedora; Linux x86_64) AppleWebKit/537.36 (KHTML, like Gecko) Chrome/61.0.3163.100 Safari/537.36" [upstream: 127.0.0.1:8000 200] request_id=-
195.77.230.24 - - [29/Mar/2020:16:05:50 +0000] "GET /some-url HTTP/1.1" 200 1793 0.009 "https://example.com" "Mozilla/5.0 (X11; Fedora; Linux x86_64) AppleWebKit/537.36 (KHTML, like Gecko) Chrome/61.0.3163.100 Safari/537.36" [upstream: 127.0.0.1:8000 200] request_id=-
195.77.230.24 - - [29/Mar/2020:16:05:50 +0000] "GET /some-url HTTP/1.1" 200 1793 0.009 "https://example.com" "Mozilla/5.0 (X11; Fedora; Linux x86_64) AppleWebKit/537.36 (KHTML, like Gecko) Chrome/61.0.3163.100 Safari/537.36" [upstream: 127.0.0.1:8000 200] request_id=-
195.77.230.24 - - [29/Mar/2020:16:05:50 +0000] "GET /some-url HTTP/1.1" 200 1793 0.009 "https://example.com" "Mozilla/5.0 (X11; Fedora; Linux x86_64) AppleWebKit/537.36 (KHTML, like Gecko) Chrome/61.0.3163.100 Safari/537.36" [upstream: 127.0.0.1:8000 200] request_id=-
195.77.230.24 - - [29/Mar/2020:16:05:50 +0000] "GET /some-url HTTP/1.1" 200 1793 0.009 "https://example.com" "Mozilla/5.0 (X11; Fedora; Linux x86_64) AppleWebKit/537.36 (KHTML, like Gecko) Chrome/61.0.3163.100 Safari/537.36" [upstream: 127.0.0.1:8000 200] request_id=-
195.77.230.24 - - [29/Mar/2020:16:05:50 +0000] "GET /some-url HTTP/1.1" 200 1793 0.009 "https://example.com" "Mozilla/5.0 (X11; Fedora; Linux x86_64) AppleWebKit/537.36 (KHTML, like Gecko) Chrome/61.0.3163.100 Safari/537.36" [upstream: 127.0.0.1:8000 200] request_id=-
195.77.230.24 - - [29/Mar/2020:16:05:50 +0000] "GET /some-url HTTP/1.1" 200 1793 0.009 "https://example.com" "Mozilla/5.0 (X11; Fedora; Linux x86_64) AppleWebKit/537.36 (KHTML, like Gecko) Chrome/61.0.3163.100 Safari/537.36" [upstream: 127.0.0.1:8000 200] request_id=-
195.77.230.24 - - [29/Mar/2020:16:05:50 +0000] "GET /some-url HTTP/1.1" 200 1793 0.009 "https://example.com" "Mozilla/5.0 (X11; Fedora; Linux x86_64) AppleWebKit/537.36 (KHTML, like Gecko) Chrome/61.0.3163.100 Safari/537.36" [upstream: 127.0.0.1:8000 200] request_id=-
195.77.230.24 - - [29/Mar/2020:16:05:50 +0000] "GET /some-url HTTP/1.1" 200 1793 0.009 "https://example.com" "Mozilla/5.0 (X11; Fedora; Linux x86_64) AppleWebKit/537.36 (KHTML, like Gecko) Chrome/61.0.3163.100 Safari/537.36" [upstream: 127.0.0.1:8000 200] request_id=-
195.77.230.24 - - [29/Mar/2020:16:05:50 +0000] "GET /some-url HTTP/1.1" 200 1793 0.009 "https://example.com" "Mozilla/5.0 (X11; Fedora; Linux x86_64) AppleWebKit/537.36 (KHTML, like Gecko) Chrome/61.0.3163.100 Safari/537.36" [upstream: 127.0.0.1:8000 200] request_id=-
195.77.230.24 - - [29/Mar/2020:16:05:50 +0000] "GET /some-url HTTP/1.1" 200 1793 0.009 "https://example.com" "Mozilla/5.0 (X11; Fedora; Linux x86_64) AppleWebKit/537.36 (KHTML, like Gecko) Chrome/61.0.3163.100 Safari/537.36" [upstream: 127.0.0.1:8000 200] request_id=-
195.77.230.23 - - [29/Mar/2020:16:05:50 +0000] "GET /some-url HTTP/1.1" 200 1793 0.009 "https://example.com" "Mozilla/5.0 (X11; Fedora; Linux x86_64) AppleWebKit/537.36 (KHTML, like Gecko) Chrome/61.0.3163.100 Safari/537.36" [upstream: 127.0.0.1:8000 200] request_id=-
195.77.230.23 - - [29/Mar/2020:16:05:50 +0000] "GET /some-url HTTP/1.1" 200 1793 0.009 "https://example.com" "Mozilla/5.0 (X11; Fedora; Linux x86_64) AppleWebKit/537.36 (KHTML, like Gecko) Chrome/61.0.3163.100 Safari/537.36" [upstream: 127.0.0.1:8000 200] request_id=-
195.77.230.23 - - [29/Mar/2020:16:05:50 +0000] "GET /some-url HTTP/1.1" 200 1793 0.009 "https://example.com" "Mozilla/5.0 (X11; Fedora; Linux x86_64) AppleWebKit/537.36 (KHTML, like Gecko) Chrome/61.0.3163.100 Safari/537.36" [upstream: 127.0.0.1:8000 200] request_id=-
195.77.230.23 - - [29/Mar/2020:16:05:50 +0000] "GET /some-url HTTP/1.1" 200 1793 0.009 "https://example.com" "Mozilla/5.0 (X11; Fedora; Linux x86_64) AppleWebKit/537.36 (KHTML, like Gecko) Chrome/61.0.3163.100 Safari/537.36" [upstream: 127.0.0.1:8000 200] request_id=-
195.77.230.23 - - [29/Mar/2020:16:05:50 +0000] "GET /some-url HTTP/1.1" 200 1793 0.009 "https://example.com" "Mozilla/5.0 (X11; Fedora; Linux x86_64) AppleWebKit/537.36 (KHTML, like Gecko) Chrome/61.0.3163.100 Safari/537.36" [upstream: 127.0.0.1:8000 200] request_id=-
195.77.230.23 - - [29/Mar/2020:16:05:50 +0000] "GET /some-url HTTP/1.1" 200 1793 0.009 "https://example.com" "Mozilla/5.0 (X11; Fedora; Linux x86_64) AppleWebKit/537.36 (KHTML, like Gecko) Chrome/61.0.3163.100 Safari/537.36" [upstream: 127.0.0.1:8000 200] request_id=-
195.77.230.23 - - [29/Mar/2020:16:05:50 +0000] "GET /some-url HTTP/1.1" 200 1793 0.009 "https://example.com" "Mozilla/5.0 (X11; Fedora; Linux x86_64) AppleWebKit/537.36 (KHTML, like Gecko) Chrome/61.0.3163.100 Safari/537.36" [upstream: 127.0.0.1:8000 200] request_id=-
195.77.230.23 - - [29/Mar/2020:16:05:50 +0000] "GET /some-url HTTP/1.1" 200 1793 0.009 "https://example.com" "Mozilla/5.0 (X11; Fedora; Linux x86_64) AppleWebKit/537.36 (KHTML, like Gecko) Chrome/61.0.3163.100 Safari/537.36" [upstream: 127.0.0.1:8000 200] request_id=-
195.77.230.23 - - [29/Mar/2020:16:05:50 +0000] "GET /some-url HTTP/1.1" 200 1793 0.009 "https://example.com" "Mozilla/5.0 (X11; Fedora; Linux x86_64) AppleWebKit/537.36 (KHTML, like Gecko) Chrome/61.0.3163.100 Safari/537.36" [upstream: 127.0.0.1:8000 200] request_id=-
195.77.230.23 - - [29/Mar/2020:16:05:50 +0000] "GET /some-url HTTP/1.1" 200 1793 0.009 "https://example.com" "Mozilla/5.0 (X11; Fedora; Linux x86_64) AppleWebKit/537.36 (KHTML, like Gecko) Chrome/61.0.3163.100 Safari/537.36" [upstream: 127.0.0.1:8000 200] request_id=-
195.77.230.23 - - [29/Mar/2020:16:05:50 +0000] "GET /some-url HTTP/1.1" 200 1793 0.009 "https://example.com" "Mozilla/5.0 (X11; Fedora; Linux x86_64) AppleWebKit/537.36 (KHTML, like Gecko) Chrome/61.0.3163.100 Safari/537.36" [upstream: 127.0.0.1:8000 200] request_id=-
195.77.230.23 - - [29/Mar/2020:16:05:50 +0000] "GET /some-url HTTP/1.1" 200 1793 0.009 "https://example.com" "Mozilla/5.0 (X11; Fedora; Linux x86_64) AppleWebKit/537.36 (KHTML, like Gecko) Chrome/61.0.3163.100 Safari/537.36" [upstream: 127.0.0.1:8000 200] request_id=-
195.77.230.23 - - [29/Mar/2020:16:05:50 +0000] "GET /some-url HTTP/1.1" 200 1793 0.009 "https://example.com" "Mozilla/5.0 (X11; Fedora; Linux x86_64) AppleWebKit/537.36 (KHTML, like Gecko) Chrome/61.0.3163.100 Safari/537.36" [upstream: 127.0.0.1:8000 200] request_id=-
195.77.230.23 - - [29/Mar/2020:16:05:50 +0000] "GET /some-url HTTP/1.1" 200 1793 0.009 "https://example.com" "Mozilla/5.0 (X11; Fedora; Linux x86_64) AppleWebKit/537.36 (KHTML, like Gecko) Chrome/61.0.3163.100 Safari/537.36" [upstream: 127.0.0.1:8000 200] request_id=-
195.77.230.23 - - [29/Mar/2020:16:05:50 +0000] "GET /some-url HTTP/1.1" 200 1793 0.009 "https://example.com" "Mozilla/5.0 (X11; Fedora; Linux x86_64) AppleWebKit/537.36 (KHTML, like Gecko) Chrome/61.0.3163.100 Safari/537.36" [upstream: 127.0.0.1:8000 200] request_id=-
195.77.230.23 - - [29/Mar/2020:16:05:50 +0000] "GET /some-url HTTP/1.1" 200 1793 0.009 "https://example.com" "Mozilla/5.0 (X11; Fedora; Linux x86_64) AppleWebKit/537.36 (KHTML, like Gecko) Chrome/61.0.3163.100 Safari/537.36" [upstream: 127.0.0.1:8000 200] request_id=-
195.77.230.23 - - [29/Mar/2020:16:05:50 +0000] "GET /some-url HTTP/1.1" 200 1793 0.009 "https://example.com" "Mozilla/5.0 (X11; Fedora; Linux x86_64) AppleWebKit/537.36 (KHTML, like Gecko) Chrome/61.0.3163.100 Safari/537.36" [upstream: 127.0.0.1:8000 200] request_id=-
195.77.230.23 - - [29/Mar/2020:16:05:50 +0000] "GET /some-url HTTP/1.1" 200 1793 0.009 "https://example.com" "Mozilla/5.0 (X11; Fedora; Linux x86_64) AppleWebKit/537.36 (KHTML, like Gecko) Chrome/61.0.3163.100 Safari/537.36" [upstream: 127.0.0.1:8000 200] request_id=-
195.77.230.23 - - [29/Mar/2020:16:05:50 +0000] "GET /some-url HTTP/1.1" 200 1793 0.009 "https://example.com" "Mozilla/5.0 (X11; Fedora; Linux x86_64) AppleWebKit/537.36 (KHTML, like Gecko) Chrome/61.0.3163.100 Safari/537.36" [upstream: 127.0.0.1:8000 200] request_id=-
195.77.230.23 - - [29/Mar/2020:16:05:50 +0000] "GET /some-url HTTP/1.1" 200 1793 0.009 "https://example.com" "Mozilla/5.0 (X11; Fedora; Linux x86_64) AppleWebKit/537.36 (KHTML, like Gecko) Chrome/61.0.3163.100 Safari/537.36" [upstream: 127.0.0.1:8000 200] request_id=-
195.77.230.23 - - [29/Mar/2020:16:05:50 +0000] "GET /some-url HTTP/1.1" 200 1793 0.009 "https://example.com" "Mozilla/5.0 (X11; Fedora; Linux x86_64) AppleWebKit/537.36 (KHTML, like Gecko) Chrome/61.0.3163.100 Safari/537.36" [upstream: 127.0.0.1:8000 200] request_id=-
195.77.230.23 - - [29/Mar/2020:16:05:50 +0000] "GET /some-url HTTP/1.1" 200 1793 0.009 "https://example.com" "Mozilla/5.0 (X11; Fedora; Linux x86_64) AppleWebKit/537.36 (KHTML, like Gecko) Chrome/61.0.3163.100 Safari/537.36" [upstream: 127.0.0.1:8000 200] request_id=-
195.77.230.23 - - [29/Mar/2020:16:05:50 +0000] "GET /some-url HTTP/1.1" 200 1793 0.009 "https://example.com" "Mozilla/5.0 (X11; Fedora; Linux x86_64) AppleWebKit/537.36 (KHTML, like Gecko) Chrome/61.0.3163.100 Safari/537.36" [upstream: 127.0.0.1:8000 200] request_id=-
195.77.230.23 - - [29/Mar/2020:16:05:50 +0000] "GET /some-url HTTP/1.1" 200 1793 0.009 "https://example.com" "Mozilla/5.0 (X11; Fedora; Linux x86_64) AppleWebKit/537.36 (KHTML, like Gecko) Chrome/61.0.3163.100 Safari/537.36" [upstream: 127.0.0.1:8000 200] request_id=-
195.77.230.23 - - [29/Mar/2020:16:05:50 +0000] "GET /some-url HTTP/1.1" 200 1793 0.009 "https://example.com" "Mozilla/5.0 (X11; Fedora; Linux x86_64) AppleWebKit/537.36 (KHTML, like Gecko) Chrome/61.0.3163.100 Safari/537.36" [upstream: 127.0.0.1:8000 200] request_id=-
195.77.230.23 - - [29/Mar/2020:16:05:50 +0000] "GET /some-url HTTP/1.1" 200 1793 0.009 "https://example.com" "Mozilla/5.0 (X11; Fedora; Linux x86_64) AppleWebKit/537.36 (KHTML, like Gecko) Chrome/61.0.3163.100 Safari/537.36" [upstream: 127.0.0.1:8000 200] request_id=-
195.77.230.23 - - [29/Mar/2020:16:05:50 +0000] "GET /some-url HTTP/1.1" 200 1793 0.009 "https://example.com" "Mozilla/5.0 (X11; Fedora; Linux x86_64) AppleWebKit/537.36 (KHTML, like Gecko) Chrome/61.0.3163.100 Safari/537.36" [upstream: 127.0.0.1:8000 200] request_id=-
195.77.230.23 - - [29/Mar/2020:16:05:50 +0000] "GET /some-url HTTP/1.1" 200 1793 0.009 "https://example.com" "Mozilla/5.0 (X11; Fedora; Linux x86_64) AppleWebKit/537.36 (KHTML, like Gecko) Chrome/61.0.3163.100 Safari/537.36" [upstream: 127.0.0.1:8000 200] request_id=-
195.77.230.23 - - [29/Mar/2020:16:05:50 +0000] "GET /some-url HTTP/1.1" 200 1793 0.009 "https://example.com" "Mozilla/5.0 (X11; Fedora; Linux x86_64) AppleWebKit/537.36 (KHTML, like Gecko) Chrome/61.0.3163.100 Safari/537.36" [upstream: 127.0.0.1:8000 200] request_id=-
195.77.230.22 - - [29/Mar/2020:16:05:50 +0000] "GET /some-url HTTP/1.1" 200 1793 0.009 "https://example.com" "Mozilla/5.0 (X11; Fedora; Linux x86_64) AppleWebKit/537.36 (KHTML, like Gecko) Chrome/61.0.3163.100 Safari/537.36" [upstream: 127.0.0.1:8000 200] request_id=-
195.77.230.22 - - [29/Mar/2020:16:05:50 +0000] "GET /some-url HTTP/1.1" 200 1793 0.009 "https://example.com" "Mozilla/5.0 (X11; Fedora; Linux x86_64) AppleWebKit/537.36 (KHTML, like Gecko) Chrome/61.0.3163.100 Safari/537.36" [upstream: 127.0.0.1:8000 200] request_id=-
195.77.230.22 - - [29/Mar/2020:16:05:50 +0000] "GET /some-url HTTP/1.1" 200 1793 0.009 "https://example.com" "Mozilla/5.0 (X11; Fedora; Linux x86_64) AppleWebKit/537.36 (KHTML, like Gecko) Chrome/61.0.3163.100 Safari/537.36" [upstream: 127.0.0.1:8000 200] request_id=-
195.77.230.22 - - [29/Mar/2020:16:05:50 +0000] "GET /some-url HTTP/1.1" 200 1793 0.009 "https://example.com" "Mozilla/5.0 (X11; Fedora; Linux x86_64) AppleWebKit/537.36 (KHTML, like Gecko) Chrome/61.0.3163.100 Safari/537.36" [upstream: 127.0.0.1:8000 200] request_id=-
195.77.230.22 - - [29/Mar/2020:16:05:50 +0000] "GET /some-url HTTP/1.1" 200 1793 0.009 "https://example.com" "Mozilla/5.0 (X11; Fedora; Linux x86_64) AppleWebKit/537.36 (KHTML, like Gecko) Chrome/61.0.3163.100 Safari/537.36" [upstream: 127.0.0.1:8000 200] request_id=-
195.77.230.22 - - [29/Mar/2020:16:05:50 +0000] "GET /some-url HTTP/1.1" 200 1793 0.009 "https://example.com" "Mozilla/5.0 (X11; Fedora; Linux x86_64) AppleWebKit/537.36 (KHTML, like Gecko) Chrome/61.0.3163.100 Safari/537.36" [upstream: 127.0.0.1:8000 200] request_id=-
195.77.230.22 - - [29/Mar/2020:16:05:50 +0000] "GET /some-url HTTP/1.1" 200 1793 0.009 "https://example.com" "Mozilla/5.0 (X11; Fedora; Linux x86_64) AppleWebKit/537.36 (KHTML, like Gecko) Chrome/61.0.3163.100 Safari/537.36" [upstream: 127.0.0.1:8000 200] request_id=-
195.77.230.22 - - [29/Mar/2020:16:05:50 +0000] "GET /some-url HTTP/1.1" 200 1793 0.009 "https://example.com" "Mozilla/5.0 (X11; Fedora; Linux x86_64) AppleWebKit/537.36 (KHTML, like Gecko) Chrome/61.0.3163.100 Safari/537.36" [upstream: 127.0.0.1:8000 200] request_id=-
195.77.230.22 - - [29/Mar/2020:16:05:50 +0000] "GET /some-url HTTP/1.1" 200 1793 0.009 "https://example.com" "Mozilla/5.0 (X11; Fedora; Linux x86_64) AppleWebKit/537.36 (KHTML, like Gecko) Chrome/61.0.3163.100 Safari/537.36" [upstream: 127.0.0.1:8000 200] request_id=-
195.77.230.22 - - [29/Mar/2020:16:05:50 +0000] "GET /some-url HTTP/1.1" 200 1793 0.009 "https://example.com" "Mozilla/5.0 (X11; Fedora; Linux x86_64) AppleWebKit/537.36 (KHTML, like Gecko) Chrome/61.0.3163.100 Safari/537.36" [upstream: 127.0.0.1:8000 200] request_id=-
195.77.230.21 - - [29/Mar/2020:16:05:50 +0000] "GET /some-url HTTP/1.1" 200 1793 0.009 "https://example.com" "Mozilla/5.0 (X11; Fedora; Linux x86_64) AppleWebKit/537.36 (KHTML, like Gecko) Chrome/61.0.3163.100 Safari/537.36" [upstream: 127.0.0.1:8000 200] request_id=-
195.77.230.21 - - [29/Mar/2020:16:05:50 +0000] "GET /some-url HTTP/1.1" 200 1793 0.009 "https://example.com" "Mozilla/5.0 (X11; Fedora; Linux x86_64) AppleWebKit/537.36 (KHTML, like Gecko) Chrome/61.0.3163.100 Safari/537.36" [upstream: 127.0.0.1:8000 200] request_id=-
195.77.230.21 - - [29/Mar/2020:16:05:50 +0000] "GET /some-url HTTP/1.1" 200 1793 0.009 "https://example.com" "Mozilla/5.0 (X11; Fedora; Linux x86_64) AppleWebKit/537.36 (KHTML, like Gecko) Chrome/61.0.3163.100 Safari/537.36" [upstream: 127.0.0.1:8000 200] request_id=-
195.77.230.21 - - [29/Mar/2020:16:05:50 +0000] "GET /some-url HTTP/1.1" 200 1793 0.009 "https://example.com" "Mozilla/5.0 (X11; Fedora; Linux x86_64) AppleWebKit/537.36 (KHTML, like Gecko) Chrome/61.0.3163.100 Safari/537.36" [upstream: 127.0.0.1:8000 200] request_id=-
195.77.230.21 - - [29/Mar/2020:16:05:50 +0000] "GET /some-url HTTP/1.1" 200 1793 0.009 "https://example.com" "Mozilla/5.0 (X11; Fedora; Linux x86_64) AppleWebKit/537.36 (KHTML, like Gecko) Chrome/61.0.3163.100 Safari/537.36" [upstream: 127.0.0.1:8000 200] request_id=-
195.77.230.21 - - [29/Mar/2020:16:05:50 +0000] "GET /some-url HTTP/1.1" 200 1793 0.009 "https://example.com" "Mozilla/5.0 (X11; Fedora; Linux x86_64) AppleWebKit/537.36 (KHTML, like Gecko) Chrome/61.0.3163.100 Safari/537.36" [upstream: 127.0.0.1:8000 200] request_id=-
195.77.230.21 - - [29/Mar/2020:16:05:50 +0000] "GET /some-url HTTP/1.1" 200 1793 0.009 "https://example.com" "Mozilla/5.0 (X11; Fedora; Linux x86_64) AppleWebKit/537.36 (KHTML, like Gecko) Chrome/61.0.3163.100 Safari/537.36" [upstream: 127.0.0.1:8000 200] request_id=-
195.77.230.21 - - [29/Mar/2020:16:05:50 +0000] "GET /some-url HTTP/1.1" 200 1793 0.009 "https://example.com" "Mozilla/5.0 (X11; Fedora; Linux x86_64) AppleWebKit/537.36 (KHTML, like Gecko) Chrome/61.0.3163.100 Safari/537.36" [upstream: 127.0.0.1:8000 200] request_id=-
195.77.230.21 - - [29/Mar/2020:16:05:50 +0000] "GET /some-url HTTP/1.1" 200 1793 0.009 "https://example.com" "Mozilla/5.0 (X11; Fedora; Linux x86_64) AppleWebKit/537.36 (KHTML, like Gecko) Chrome/61.0.3163.100 Safari/537.36" [upstream: 127.0.0.1:8000 200] request_id=-
195.77.230.21 - - [29/Mar/2020:16:05:50 +0000] "GET /some-url HTTP/1.1" 200 1793 0.009 "https://example.com" "Mozilla/5.0 (X11; Fedora; Linux x86_64) AppleWebKit/537.36 (KHTML, like Gecko) Chrome/61.0.3163.100 Safari/537.36" [upstream: 127.0.0.1:8000 200] request_id=-
195.77.230.21 - - [29/Mar/2020:16:05:50 +0000] "GET /some-url HTTP/1.1" 200 1793 0.009 "https://example.com" "Mozilla/5.0 (X11; Fedora; Linux x86_64) AppleWebKit/537.36 (KHTML, like Gecko) Chrome/61.0.3163.100 Safari/537.36" [upstream: 127.0.0.1:8000 200] request_id=-
195.77.230.21 - - [29/Mar/2020:16:05:50 +0000] "GET /some-url HTTP/1.1" 200 1793 0.009 "https://example.com" "Mozilla/5.0 (X11; Fedora; Linux x86_64) AppleWebKit/537.36 (KHTML, like Gecko) Chrome/61.0.3163.100 Safari/537.36" [upstream: 127.0.0.1:8000 200] request_id=-
195.77.230.21 - - [29/Mar/2020:16:05:50 +0000] "GET /some-url HTTP/1.1" 200 1793 0.009 "https://example.com" "Mozilla/5.0 (X11; Fedora; Linux x86_64) AppleWebKit/537.36 (KHTML, like Gecko) Chrome/61.0.3163.100 Safari/537.36" [upstream: 127.0.0.1:8000 200] request_id=-
195.77.230.21 - - [29/Mar/2020:16:05:50 +0000] "GET /some-url HTTP/1.1" 200 1793 0.009 "https://example.com" "Mozilla/5.0 (X11; Fedora; Linux x86_64) AppleWebKit/537.36 (KHTML, like Gecko) Chrome/61.0.3163.100 Safari/537.36" [upstream: 127.0.0.1:8000 200] request_id=-
195.77.230.21 - - [29/Mar/2020:16:05:50 +0000] "GET /some-url HTTP/1.1" 200 1793 0.009 "https://example.com" "Mozilla/5.0 (X11; Fedora; Linux x86_64) AppleWebKit/537.36 (KHTML, like Gecko) Chrome/61.0.3163.100 Safari/537.36" [upstream: 127.0.0.1:8000 200] request_id=-
195.77.230.21 - - [29/Mar/2020:16:05:50 +0000] "GET /some-url HTTP/1.1" 200 1793 0.009 "https://example.com" "Mozilla/5.0 (X11; Fedora; Linux x86_64) AppleWebKit/537.36 (KHTML, like Gecko) Chrome/61.0.3163.100 Safari/537.36" [upstream: 127.0.0.1:8000 200] request_id=-
195.77.230.21 - - [29/Mar/2020:16:05:50 +0000] "GET /some-url HTTP/1.1" 200 1793 0.009 "https://example.com" "Mozilla/5.0 (X11; Fedora; Linux x86_64) AppleWebKit/537.36 (KHTML, like Gecko) Chrome/61.0.3163.100 Safari/537.36" [upstream: 127.0.0.1:8000 200] request_id=-
195.77.230.21 - - [29/Mar/2020:16:05:50 +0000] "GET /some-url HTTP/1.1" 200 1793 0.009 "https://example.com" "Mozilla/5.0 (X11; Fedora; Linux x86_64) AppleWebKit/537.36 (KHTML, like Gecko) Chrome/61.0.3163.100 Safari/537.36" [upstream: 127.0.0.1:8000 200] request_id=-
195.77.230.21 - - [29/Mar/2020:16:05:50 +0000] "GET /some-url HTTP/1.1" 200 1793 0.009 "https://example.com" "Mozilla/5.0 (X11; Fedora; Linux x86_64) AppleWebKit/537.36 (KHTML, like Gecko) Chrome/61.0.3163.100 Safari/537.36" [upstream: 127.0.0.1:8000 200] request_id=-
195.77.230.20 - - [29/Mar/2020:16:05:50 +0000] "GET /some-url HTTP/1.1" 200 1793 0.009 "https://example.com" "Mozilla/5.0 (X11; Fedora; Linux x86_64) AppleWebKit/537.36 (KHTML, like Gecko) Chrome/61.0.3163.100 Safari/537.36" [upstream: 127.0.0.1:8000 200] request_id=-
195.77.230.195 - - [29/Mar/2020:16:05:50 +0000] "GET /some-url HTTP/1.1" 200 1793 0.009 "https://example.com" "Mozilla/5.0 (X11; Fedora; Linux x86_64) AppleWebKit/537.36 (KHTML, like Gecko) Chrome/61.0.3163.100 Safari/537.36" [upstream: 127.0.0.1:8000 200] request_id=-
195.77.230.195 - - [29/Mar/2020:16:05:50 +0000] "GET /some-url HTTP/1.1" 200 1793 0.009 "https://example.com" "Mozilla/5.0 (X11; Fedora; Linux x86_64) AppleWebKit/537.36 (KHTML, like Gecko) Chrome/61.0.3163.100 Safari/537.36" [upstream: 127.0.0.1:8000 200] request_id=-
195.77.230.195 - - [29/Mar/2020:16:05:50 +0000] "GET /some-url HTTP/1.1" 200 1793 0.009 "https://example.com" "Mozilla/5.0 (X11; Fedora; Linux x86_64) AppleWebKit/537.36 (KHTML, like Gecko) Chrome/61.0.3163.100 Safari/537.36" [upstream: 127.0.0.1:8000 200] request_id=-
195.77.230.195 - - [29/Mar/2020:16:05:50 +0000] "GET /some-url HTTP/1.1" 200 1793 0.009 "https://example.com" "Mozilla/5.0 (X11; Fedora; Linux x86_64) AppleWebKit/537.36 (KHTML, like Gecko) Chrome/61.0.3163.100 Safari/537.36" [upstream: 127.0.0.1:8000 200] request_id=-
195.77.230.195 - - [29/Mar/2020:16:05:50 +0000] "GET /some-url HTTP/1.1" 200 1793 0.009 "https://example.com" "Mozilla/5.0 (X11; Fedora; Linux x86_64) AppleWebKit/537.36 (KHTML, like Gecko) Chrome/61.0.3163.100 Safari/537.36" [upstream: 127.0.0.1:8000 200] request_id=-
195.77.230.195 - - [29/Mar/2020:16:05:50 +0000] "GET /some-url HTTP/1.1" 200 1793 0.009 "https://example.com" "Mozilla/5.0 (X11; Fedora; Linux x86_64) AppleWebKit/537.36 (KHTML, like Gecko) Chrome/61.0.3163.100 Safari/537.36" [upstream: 127.0.0.1:8000 200] request_id=-
195.77.230.195 - - [29/Mar/2020:16:05:50 +0000] "GET /some-url HTTP/1.1" 200 1793 0.009 "https://example.com" "Mozilla/5.0 (X11; Fedora; Linux x86_64) AppleWebKit/537.36 (KHTML, like Gecko) Chrome/61.0.3163.100 Safari/537.36" [upstream: 127.0.0.1:8000 200] request_id=-
195.77.230.195 - - [29/Mar/2020:16:05:50 +0000] "GET /some-url HTTP/1.1" 200 1793 0.009 "https://example.com" "Mozilla/5.0 (X11; Fedora; Linux x86_64) AppleWebKit/537.36 (KHTML, like Gecko) Chrome/61.0.3163.100 Safari/537.36" [upstream: 127.0.0.1:8000 200] request_id=-
195.77.230.195 - - [29/Mar/2020:16:05:50 +0000] "GET /some-url HTTP/1.1" 200 1793 0.009 "https://example.com" "Mozilla/5.0 (X11; Fedora; Linux x86_64) AppleWebKit/537.36 (KHTML, like Gecko) Chrome/61.0.3163.100 Safari/537.36" [upstream: 127.0.0.1:8000 200] request_id=-
195.77.230.195 - - [29/Mar/2020:16:05:50 +0000] "GET /some-url HTTP/1.1" 200 1793 0.009 "https://example.com" "Mozilla/5.0 (X11; Fedora; Linux x86_64) AppleWebKit/537.36 (KHTML, like Gecko) Chrome/61.0.3163.100 Safari/537.36" [upstream: 127.0.0.1:8000 200] request_id=-
195.77.230.195 - - [29/Mar/2020:16:05:50 +0000] "GET /some-url HTTP/1.1" 200 1793 0.009 "https://example.com" "Mozilla/5.0 (X11; Fedora; Linux x86_64) AppleWebKit/537.36 (KHTML, like Gecko) Chrome/61.0.3163.100 Safari/537.36" [upstream: 127.0.0.1:8000 200] request_id=-
195.77.230.195 - - [29/Mar/2020:16:05:50 +0000] "GET /some-url HTTP/1.1" 200 1793 0.009 "https://example.com" "Mozilla/5.0 (X11; Fedora; Linux x86_64) AppleWebKit/537.36 (KHTML, like Gecko) Chrome/61.0.3163.100 Safari/537.36" [upstream: 127.0.0.1:8000 200] request_id=-
195.77.230.195 - - [29/Mar/2020:16:05:50 +0000] "GET /some-url HTTP/1.1" 200 1793 0.009 "https://example.com" "Mozilla/5.0 (X11; Fedora; Linux x86_64) AppleWebKit/537.36 (KHTML, like Gecko) Chrome/61.0.3163.100 Safari/537.36" [upstream: 127.0.0.1:8000 200] request_id=-
195.77.230.196 - - [29/Mar/2020:16:05:50 +0000] "GET /some-url HTTP/1.1" 200 1793 0.009 "https://example.com" "Mozilla/5.0 (X11; Fedora; Linux x86_64) AppleWebKit/537.36 (KHTML, like Gecko) Chrome/61.0.3163.100 Safari/537.36" [upstream: 127.0.0.1:8000 200] request_id=-
195.77.230.196 - - [29/Mar/2020:16:05:50 +0000] "GET /some-url HTTP/1.1" 200 1793 0.009 "https://example.com" "Mozilla/5.0 (X11; Fedora; Linux x86_64) AppleWebKit/537.36 (KHTML, like Gecko) Chrome/61.0.3163.100 Safari/537.36" [upstream: 127.0.0.1:8000 200] request_id=-
195.77.230.196 - - [29/Mar/2020:16:05:50 +0000] "GET /some-url HTTP/1.1" 200 1793 0.009 "https://example.com" "Mozilla/5.0 (X11; Fedora; Linux x86_64) AppleWebKit/537.36 (KHTML, like Gecko) Chrome/61.0.3163.100 Safari/537.36" [upstream: 127.0.0.1:8000 200] request_id=-
195.77.230.196 - - [29/Mar/2020:16:05:50 +0000] "GET /some-url HTTP/1.1" 200 1793 0.009 "https://example.com" "Mozilla/5.0 (X11; Fedora; Linux x86_64) AppleWebKit/537.36 (KHTML, like Gecko) Chrome/61.0.3163.100 Safari/537.36" [upstream: 127.0.0.1:8000 200] request_id=-
195.77.230.196 - - [29/Mar/2020:16:05:50 +0000] "GET /some-url HTTP/1.1" 200 1793 0.009 "https://example.com" "Mozilla/5.0 (X11; Fedora; Linux x86_64) AppleWebKit/537.36 (KHTML, like Gecko) Chrome/61.0.3163.100 Safari/537.36" [upstream: 127.0.0.1:8000 200] request_id=-
195.77.230.196 - - [29/Mar/2020:16:05:50 +0000] "GET /some-url HTTP/1.1" 200 1793 0.009 "https://example.com" "Mozilla/5.0 (X11; Fedora; Linux x86_64) AppleWebKit/537.36 (KHTML, like Gecko) Chrome/61.0.3163.100 Safari/537.36" [upstream: 127.0.0.1:8000 200] request_id=-
195.77.230.196 - - [29/Mar/2020:16:05:50 +0000] "GET /some-url HTTP/1.1" 200 1793 0.009 "https://example.com" "Mozilla/5.0 (X11; Fedora; Linux x86_64) AppleWebKit/537.36 (KHTML, like Gecko) Chrome/61.0.3163.100 Safari/537.36" [upstream: 127.0.0.1:8000 200] request_id=-
195.77.230.196 - - [29/Mar/2020:16:05:50 +0000] "GET /some-url HTTP/1.1" 200 1793 0.009 "https://example.com" "Mozilla/5.0 (X11; Fedora; Linux x86_64) AppleWebKit/537.36 (KHTML, like Gecko) Chrome/61.0.3163.100 Safari/537.36" [upstream: 127.0.0.1:8000 200] request_id=-
195.77.230.196 - - [29/Mar/2020:16:05:50 +0000] "GET /some-url HTTP/1.1" 200 1793 0.009 "https://example.com" "Mozilla/5.0 (X11; Fedora; Linux x86_64) AppleWebKit/537.36 (KHTML, like Gecko) Chrome/61.0.3163.100 Safari/537.36" [upstream: 127.0.0.1:8000 200] request_id=-
195.77.230.196 - - [29/Mar/2020:16:05:50 +0000] "GET /some-url HTTP/1.1" 200 1793 0.009 "https://example.com" "Mozilla/5.0 (X11; Fedora; Linux x86_64) AppleWebKit/537.36 (KHTML, like Gecko) Chrome/61.0.3163.100 Safari/537.36" [upstream: 127.0.0.1:8000 200] request_id=-
195.77.230.196 - - [29/Mar/2020:16:05:50 +0000] "GET /some-url HTTP/1.1" 200 1793 0.009 "https://example.com" "Mozilla/5.0 (X11; Fedora; Linux x86_64) AppleWebKit/537.36 (KHTML, like Gecko) Chrome/61.0.3163.100 Safari/537.36" [upstream: 127.0.0.1:8000 200] request_id=-
195.77.230.196 - - [29/Mar/2020:16:05:50 +0000] "GET /some-url HTTP/1.1" 200 1793 0.009 "https://example.com" "Mozilla/5.0 (X11; Fedora; Linux x86_64) AppleWebKit/537.36 (KHTML, like Gecko) Chrome/61.0.3163.100 Safari/537.36" [upstream: 127.0.0.1:8000 200] request_id=-
195.77.230.196 - - [29/Mar/2020:16:05:50 +0000] "GET /some-url HTTP/1.1" 200 1793 0.009 "https://example.com" "Mozilla/5.0 (X11; Fedora; Linux x86_64) AppleWebKit/537.36 (KHTML, like Gecko) Chrome/61.0.3163.100 Safari/537.36" [upstream: 127.0.0.1:8000 200] request_id=-
195.77.230.196 - - [29/Mar/2020:16:05:50 +0000] "GET /some-url HTTP/1.1" 200 1793 0.009 "https://example.com" "Mozilla/5.0 (X11; Fedora; Linux x86_64) AppleWebKit/537.36 (KHTML, like Gecko) Chrome/61.0.3163.100 Safari/537.36" [upstream: 127.0.0.1:8000 200] request_id=-
195.77.230.196 - - [29/Mar/2020:16:05:50 +0000] "GET /some-url HTTP/1.1" 200 1793 0.009 "https://example.com" "Mozilla/5.0 (X11; Fedora; Linux x86_64) AppleWebKit/537.36 (KHTML, like Gecko) Chrome/61.0.3163.100 Safari/537.36" [upstream: 127.0.0.1:8000 200] request_id=-
195.77.230.196 - - [29/Mar/2020:16:05:50 +0000] "GET /some-url HTTP/1.1" 200 1793 0.009 "https://example.com" "Mozilla/5.0 (X11; Fedora; Linux x86_64) AppleWebKit/537.36 (KHTML, like Gecko) Chrome/61.0.3163.100 Safari/537.36" [upstream: 127.0.0.1:8000 200] request_id=-
195.77.230.196 - - [29/Mar/2020:16:05:50 +0000] "GET /some-url HTTP/1.1" 200 1793 0.009 "https://example.com" "Mozilla/5.0 (X11; Fedora; Linux x86_64) AppleWebKit/537.36 (KHTML, like Gecko) Chrome/61.0.3163.100 Safari/537.36" [upstream: 127.0.0.1:8000 200] request_id=-
195.77.230.196 - - [29/Mar/2020:16:05:50 +0000] "GET /some-url HTTP/1.1" 200 1793 0.009 "https://example.com" "Mozilla/5.0 (X11; Fedora; Linux x86_64) AppleWebKit/537.36 (KHTML, like Gecko) Chrome/61.0.3163.100 Safari/537.36" [upstream: 127.0.0.1:8000 200] request_id=-
195.77.230.196 - - [29/Mar/2020:16:05:50 +0000] "GET /some-url HTTP/1.1" 200 1793 0.009 "https://example.com" "Mozilla/5.0 (X11; Fedora; Linux x86_64) AppleWebKit/537.36 (KHTML, like Gecko) Chrome/61.0.3163.100 Safari/537.36" [upstream: 127.0.0.1:8000 200] request_id=-
195.77.230.196 - - [29/Mar/2020:16:05:50 +0000] "GET /some-url HTTP/1.1" 200 1793 0.009 "https://example.com" "Mozilla/5.0 (X11; Fedora; Linux x86_64) AppleWebKit/537.36 (KHTML, like Gecko) Chrome/61.0.3163.100 Safari/537.36" [upstream: 127.0.0.1:8000 200] request_id=-
195.77.230.197 - - [29/Mar/2020:16:05:50 +0000] "GET /some-url HTTP/1.1" 200 1793 0.009 "https://example.com" "Mozilla/5.0 (X11; Fedora; Linux x86_64) AppleWebKit/537.36 (KHTML, like Gecko) Chrome/61.0.3163.100 Safari/537.36" [upstream: 127.0.0.1:8000 200] request_id=-
195.77.230.197 - - [29/Mar/2020:16:05:50 +0000] "GET /some-url HTTP/1.1" 200 1793 0.009 "https://example.com" "Mozilla/5.0 (X11; Fedora; Linux x86_64) AppleWebKit/537.36 (KHTML, like Gecko) Chrome/61.0.3163.100 Safari/537.36" [upstream: 127.0.0.1:8000 200] request_id=-
195.77.230.197 - - [29/Mar/2020:16:05:50 +0000] "GET /some-url HTTP/1.1" 200 1793 0.009 "https://example.com" "Mozilla/5.0 (X11; Fedora; Linux x86_64) AppleWebKit/537.36 (KHTML, like Gecko) Chrome/61.0.3163.100 Safari/537.36" [upstream: 127.0.0.1:8000 200] request_id=-
195.77.230.197 - - [29/Mar/2020:16:05:50 +0000] "GET /some-url HTTP/1.1" 200 1793 0.009 "https://example.com" "Mozilla/5.0 (X11; Fedora; Linux x86_64) AppleWebKit/537.36 (KHTML, like Gecko) Chrome/61.0.3163.100 Safari/537.36" [upstream: 127.0.0.1:8000 200] request_id=-
195.77.230.197 - - [29/Mar/2020:16:05:50 +0000] "GET /some-url HTTP/1.1" 200 1793 0.009 "https://example.com" "Mozilla/5.0 (X11; Fedora; Linux x86_64) AppleWebKit/537.36 (KHTML, like Gecko) Chrome/61.0.3163.100 Safari/537.36" [upstream: 127.0.0.1:8000 200] request_id=-
195.77.230.197 - - [29/Mar/2020:16:05:50 +0000] "GET /some-url HTTP/1.1" 200 1793 0.009 "https://example.com" "Mozilla/5.0 (X11; Fedora; Linux x86_64) AppleWebKit/537.36 (KHTML, like Gecko) Chrome/61.0.3163.100 Safari/537.36" [upstream: 127.0.0.1:8000 200] request_id=-
195.77.230.197 - - [29/Mar/2020:16:05:50 +0000] "GET /some-url HTTP/1.1" 200 1793 0.009 "https://example.com" "Mozilla/5.0 (X11; Fedora; Linux x86_64) AppleWebKit/537.36 (KHTML, like Gecko) Chrome/61.0.3163.100 Safari/537.36" [upstream: 127.0.0.1:8000 200] request_id=-
195.77.230.197 - - [29/Mar/2020:16:05:50 +0000] "GET /some-url HTTP/1.1" 200 1793 0.009 "https://example.com" "Mozilla/5.0 (X11; Fedora; Linux x86_64) AppleWebKit/537.36 (KHTML, like Gecko) Chrome/61.0.3163.100 Safari/537.36" [upstream: 127.0.0.1:8000 200] request_id=-
195.77.230.197 - - [29/Mar/2020:16:05:50 +0000] "GET /some-url HTTP/1.1" 200 1793 0.009 "https://example.com" "Mozilla/5.0 (X11; Fedora; Linux x86_64) AppleWebKit/537.36 (KHTML, like Gecko) Chrome/61.0.3163.100 Safari/537.36" [upstream: 127.0.0.1:8000 200] request_id=-
195.77.230.197 - - [29/Mar/2020:16:05:50 +0000] "GET /some-url HTTP/1.1" 200 1793 0.009 "https://example.com" "Mozilla/5.0 (X11; Fedora; Linux x86_64) AppleWebKit/537.36 (KHTML, like Gecko) Chrome/61.0.3163.100 Safari/537.36" [upstream: 127.0.0.1:8000 200] request_id=-
195.77.230.197 - - [29/Mar/2020:16:05:50 +0000] "GET /some-url HTTP/1.1" 200 1793 0.009 "https://example.com" "Mozilla/5.0 (X11; Fedora; Linux x86_64) AppleWebKit/537.36 (KHTML, like Gecko) Chrome/61.0.3163.100 Safari/537.36" [upstream: 127.0.0.1:8000 200] request_id=-
195.77.230.197 - - [29/Mar/2020:16:05:50 +0000] "GET /some-url HTTP/1.1" 200 1793 0.009 "https://example.com" "Mozilla/5.0 (X11; Fedora; Linux x86_64) AppleWebKit/537.36 (KHTML, like Gecko) Chrome/61.0.3163.100 Safari/537.36" [upstream: 127.0.0.1:8000 200] request_id=-
195.77.230.197 - - [29/Mar/2020:16:05:50 +0000] "GET /some-url HTTP/1.1" 200 1793 0.009 "https://example.com" "Mozilla/5.0 (X11; Fedora; Linux x86_64) AppleWebKit/537.36 (KHTML, like Gecko) Chrome/61.0.3163.100 Safari/537.36" [upstream: 127.0.0.1:8000 200] request_id=-
195.77.230.197 - - [29/Mar/2020:16:05:50 +0000] "GET /some-url HTTP/1.1" 200 1793 0.009 "https://example.com" "Mozilla/5.0 (X11; Fedora; Linux x86_64) AppleWebKit/537.36 (KHTML, like Gecko) Chrome/61.0.3163.100 Safari/537.36" [upstream: 127.0.0.1:8000 200] request_id=-
195.77.230.197 - - [29/Mar/2020:16:05:50 +0000] "GET /some-url HTTP/1.1" 200 1793 0.009 "https://example.com" "Mozilla/5.0 (X11; Fedora; Linux x86_64) AppleWebKit/537.36 (KHTML, like Gecko) Chrome/61.0.3163.100 Safari/537.36" [upstream: 127.0.0.1:8000 200] request_id=-
195.77.230.176 - - [29/Mar/2020:16:05:50 +0000] "GET /some-url HTTP/1.1" 200 1793 0.009 "https://example.com" "Mozilla/5.0 (X11; Fedora; Linux x86_64) AppleWebKit/537.36 (KHTML, like Gecko) Chrome/61.0.3163.100 Safari/537.36" [upstream: 127.0.0.1:8000 200] request_id=-
195.77.230.176 - - [29/Mar/2020:16:05:50 +0000] "GET /some-url HTTP/1.1" 200 1793 0.009 "https://example.com" "Mozilla/5.0 (X11; Fedora; Linux x86_64) AppleWebKit/537.36 (KHTML, like Gecko) Chrome/61.0.3163.100 Safari/537.36" [upstream: 127.0.0.1:8000 200] request_id=-
195.77.230.176 - - [29/Mar/2020:16:05:50 +0000] "GET /some-url HTTP/1.1" 200 1793 0.009 "https://example.com" "Mozilla/5.0 (X11; Fedora; Linux x86_64) AppleWebKit/537.36 (KHTML, like Gecko) Chrome/61.0.3163.100 Safari/537.36" [upstream: 127.0.0.1:8000 200] request_id=-
195.77.230.176 - - [29/Mar/2020:16:05:50 +0000] "GET /some-url HTTP/1.1" 200 1793 0.009 "https://example.com" "Mozilla/5.0 (X11; Fedora; Linux x86_64) AppleWebKit/537.36 (KHTML, like Gecko) Chrome/61.0.3163.100 Safari/537.36" [upstream: 127.0.0.1:8000 200] request_id=-
195.77.230.176 - - [29/Mar/2020:16:05:50 +0000] "GET /some-url HTTP/1.1" 200 1793 0.009 "https://example.com" "Mozilla/5.0 (X11; Fedora; Linux x86_64) AppleWebKit/537.36 (KHTML, like Gecko) Chrome/61.0.3163.100 Safari/537.36" [upstream: 127.0.0.1:8000 200] request_id=-
195.77.230.176 - - [29/Mar/2020:16:05:50 +0000] "GET /some-url HTTP/1.1" 200 1793 0.009 "https://example.com" "Mozilla/5.0 (X11; Fedora; Linux x86_64) AppleWebKit/537.36 (KHTML, like Gecko) Chrome/61.0.3163.100 Safari/537.36" [upstream: 127.0.0.1:8000 200] request_id=-
195.77.230.176 - - [29/Mar/2020:16:05:50 +0000] "GET /some-url HTTP/1.1" 200 1793 0.009 "https://example.com" "Mozilla/5.0 (X11; Fedora; Linux x86_64) AppleWebKit/537.36 (KHTML, like Gecko) Chrome/61.0.3163.100 Safari/537.36" [upstream: 127.0.0.1:8000 200] request_id=-
195.77.230.176 - - [29/Mar/2020:16:05:50 +0000] "GET /some-url HTTP/1.1" 200 1793 0.009 "https://example.com" "Mozilla/5.0 (X11; Fedora; Linux x86_64) AppleWebKit/537.36 (KHTML, like Gecko) Chrome/61.0.3163.100 Safari/537.36" [upstream: 127.0.0.1:8000 200] request_id=-
195.77.230.176 - - [29/Mar/2020:16:05:50 +0000] "GET /some-url HTTP/1.1" 200 1793 0.009 "https://example.com" "Mozilla/5.0 (X11; Fedora; Linux x86_64) AppleWebKit/537.36 (KHTML, like Gecko) Chrome/61.0.3163.100 Safari/537.36" [upstream: 127.0.0.1:8000 200] request_id=-
195.77.230.176 - - [29/Mar/2020:16:05:50 +0000] "GET /some-url HTTP/1.1" 200 1793 0.009 "https://example.com" "Mozilla/5.0 (X11; Fedora; Linux x86_64) AppleWebKit/537.36 (KHTML, like Gecko) Chrome/61.0.3163.100 Safari/537.36" [upstream: 127.0.0.1:8000 200] request_id=-
195.77.230.176 - - [29/Mar/2020:16:05:50 +0000] "GET /some-url HTTP/1.1" 200 1590 0.009 "https://example.com" "Mozilla/5.0 (X11; Fedora; Linux x86_64) AppleWebKit/537.36 (KHTML, like Gecko) Chrome/61.0.3163.100 Safari/537.36" [upstream: 127.0.0.1:8000 200] request_id=-
195.77.230.176 - - [29/Mar/2020:16:05:50 +0000] "GET /some-url HTTP/1.1" 200 1590 0.009 "https://example.com" "Mozilla/5.0 (X11; Fedora; Linux x86_64) AppleWebKit/537.36 (KHTML, like Gecko) Chrome/61.0.3163.100 Safari/537.36" [upstream: 127.0.0.1:8000 200] request_id=-
195.77.230.176 - - [29/Mar/2020:16:05:50 +0000] "GET /some-url HTTP/1.1" 200 1590 0.009 "https://example.com" "Mozilla/5.0 (X11; Fedora; Linux x86_64) AppleWebKit/537.36 (KHTML, like Gecko) Chrome/61.0.3163.100 Safari/537.36" [upstream: 127.0.0.1:8000 200] request_id=-
195.77.230.176 - - [29/Mar/2020:16:05:50 +0000] "GET /some-url HTTP/1.1" 200 1862 0.009 "https://example.com" "Mozilla/5.0 (X11; Fedora; Linux x86_64) AppleWebKit/537.36 (KHTML, like Gecko) Chrome/61.0.3163.100 Safari/537.36" [upstream: 127.0.0.1:8000 200] request_id=-
195.77.230.176 - - [29/Mar/2020:16:05:50 +0000] "GET /some-url HTTP/1.1" 200 1862 0.009 "https://example.com" "Mozilla/5.0 (X11; Fedora; Linux x86_64) AppleWebKit/537.36 (KHTML, like Gecko) Chrome/61.0.3163.100 Safari/537.36" [upstream: 127.0.0.1:8000 200] request_id=-
195.77.230.176 - - [29/Mar/2020:16:05:50 +0000] "GET /some-url HTTP/1.1" 200 1810 0.009 "https://example.com" "Mozilla/5.0 (X11; Fedora; Linux x86_64) AppleWebKit/537.36 (KHTML, like Gecko) Chrome/61.0.3163.100 Safari/537.36" [upstream: 127.0.0.1:8000 200] request_id=-
195.77.230.176 - - [29/Mar/2020:16:05:50 +0000] "GET /some-url HTTP/1.1" 200 1810 0.009 "https://example.com" "Mozilla/5.0 (X11; Fedora; Linux x86_64) AppleWebKit/537.36 (KHTML, like Gecko) Chrome/61.0.3163.100 Safari/537.36" [upstream: 127.0.0.1:8000 200] request_id=-
195.77.230.176 - - [29/Mar/2020:16:05:50 +0000] "GET /some-url HTTP/1.1" 200 1810 0.009 "https://example.com" "Mozilla/5.0 (X11; Fedora; Linux x86_64) AppleWebKit/537.36 (KHTML, like Gecko) Chrome/61.0.3163.100 Safari/537.36" [upstream: 127.0.0.1:8000 200] request_id=-
195.77.230.176 - - [29/Mar/2020:16:05:50 +0000] "GET /some-url HTTP/1.1" 200 1793 0.009 "https://example.com" "Mozilla/5.0 (X11; Fedora; Linux x86_64) AppleWebKit/537.36 (KHTML, like Gecko) Chrome/61.0.3163.100 Safari/537.36" [upstream: 127.0.0.1:8000 200] request_id=-
195.77.230.176 - - [29/Mar/2020:16:05:50 +0000] "GET /some-url HTTP/1.1" 200 1793 0.009 "https://example.com" "Mozilla/5.0 (X11; Fedora; Linux x86_64) AppleWebKit/537.36 (KHTML, like Gecko) Chrome/61.0.3163.100 Safari/537.36" [upstream: 127.0.0.1:8000 200] request_id=-
195.77.230.176 - - [29/Mar/2020:16:05:50 +0000] "GET /some-url HTTP/1.1" 200 1793 0.009 "https://example.com" "Mozilla/5.0 (X11; Fedora; Linux x86_64) AppleWebKit/537.36 (KHTML, like Gecko) Chrome/61.0.3163.100 Safari/537.36" [upstream: 127.0.0.1:8000 200] request_id=-
195.77.230.179 - - [29/Mar/2020:16:05:50 +0000] "GET /some-url HTTP/1.1" 200 1793 0.009 "https://example.com" "Mozilla/5.0 (X11; Fedora; Linux x86_64) AppleWebKit/537.36 (KHTML, like Gecko) Chrome/61.0.3163.100 Safari/537.36" [upstream: 127.0.0.1:8000 200] request_id=-
195.77.230.179 - - [29/Mar/2020:16:05:50 +0000] "GET /some-url HTTP/1.1" 200 1793 0.009 "https://example.com" "Mozilla/5.0 (X11; Fedora; Linux x86_64) AppleWebKit/537.36 (KHTML, like Gecko) Chrome/61.0.3163.100 Safari/537.36" [upstream: 127.0.0.1:8000 200] request_id=-
195.77.230.179 - - [29/Mar/2020:16:05:50 +0000] "GET /some-url HTTP/1.1" 200 1793 0.009 "https://example.com" "Mozilla/5.0 (X11; Fedora; Linux x86_64) AppleWebKit/537.36 (KHTML, like Gecko) Chrome/61.0.3163.100 Safari/537.36" [upstream: 127.0.0.1:8000 200] request_id=-
195.77.230.179 - - [29/Mar/2020:16:05:50 +0000] "GET /some-url HTTP/1.1" 200 1793 0.009 "https://example.com" "Mozilla/5.0 (X11; Fedora; Linux x86_64) AppleWebKit/537.36 (KHTML, like Gecko) Chrome/61.0.3163.100 Safari/537.36" [upstream: 127.0.0.1:8000 200] request_id=-
195.77.230.179 - - [29/Mar/2020:16:05:50 +0000] "GET /some-url HTTP/1.1" 200 1793 0.009 "https://example.com" "Mozilla/5.0 (X11; Fedora; Linux x86_64) AppleWebKit/537.36 (KHTML, like Gecko) Chrome/61.0.3163.100 Safari/537.36" [upstream: 127.0.0.1:8000 200] request_id=-
195.77.230.179 - - [29/Mar/2020:16:05:50 +0000] "GET /some-url HTTP/1.1" 200 1793 0.009 "https://example.com" "Mozilla/5.0 (X11; Fedora; Linux x86_64) AppleWebKit/537.36 (KHTML, like Gecko) Chrome/61.0.3163.100 Safari/537.36" [upstream: 127.0.0.1:8000 200] request_id=-
195.77.230.179 - - [29/Mar/2020:16:05:50 +0000] "GET /some-url HTTP/1.1" 200 1793 0.009 "https://example.com" "Mozilla/5.0 (X11; Fedora; Linux x86_64) AppleWebKit/537.36 (KHTML, like Gecko) Chrome/61.0.3163.100 Safari/537.36" [upstream: 127.0.0.1:8000 200] request_id=-
195.77.230.179 - - [29/Mar/2020:16:05:50 +0000] "GET /some-url HTTP/1.1" 200 1793 0.009 "https://example.com" "Mozilla/5.0 (X11; Fedora; Linux x86_64) AppleWebKit/537.36 (KHTML, like Gecko) Chrome/61.0.3163.100 Safari/537.36" [upstream: 127.0.0.1:8000 200] request_id=-
195.77.230.179 - - [29/Mar/2020:16:05:50 +0000] "GET /some-url HTTP/1.1" 200 1793 0.009 "https://example.com" "Mozilla/5.0 (X11; Fedora; Linux x86_64) AppleWebKit/537.36 (KHTML, like Gecko) Chrome/61.0.3163.100 Safari/537.36" [upstream: 127.0.0.1:8000 200] request_id=-
195.77.230.179 - - [29/Mar/2020:16:05:50 +0000] "GET /some-url HTTP/1.1" 200 1793 0.009 "https://example.com" "Mozilla/5.0 (X11; Fedora; Linux x86_64) AppleWebKit/537.36 (KHTML, like Gecko) Chrome/61.0.3163.100 Safari/537.36" [upstream: 127.0.0.1:8000 200] request_id=-
195.77.230.179 - - [29/Mar/2020:16:05:50 +0000] "GET /some-url HTTP/1.1" 200 1793 0.009 "https://example.com" "Mozilla/5.0 (X11; Fedora; Linux x86_64) AppleWebKit/537.36 (KHTML, like Gecko) Chrome/61.0.3163.100 Safari/537.36" [upstream: 127.0.0.1:8000 200] request_id=-
195.77.230.179 - - [29/Mar/2020:16:05:50 +0000] "GET /some-url HTTP/1.1" 200 1793 0.009 "https://example.com" "Mozilla/5.0 (X11; Fedora; Linux x86_64) AppleWebKit/537.36 (KHTML, like Gecko) Chrome/61.0.3163.100 Safari/537.36" [upstream: 127.0.0.1:8000 200] request_id=-
195.77.230.179 - - [29/Mar/2020:16:05:50 +0000] "GET /some-url HTTP/1.1" 200 1793 0.009 "https://example.com" "Mozilla/5.0 (X11; Fedora; Linux x86_64) AppleWebKit/537.36 (KHTML, like Gecko) Chrome/61.0.3163.100 Safari/537.36" [upstream: 127.0.0.1:8000 200] request_id=-
195.77.230.179 - - [29/Mar/2020:16:05:50 +0000] "GET /some-url HTTP/1.1" 200 1793 0.009 "https://example.com" "Mozilla/5.0 (X11; Fedora; Linux x86_64) AppleWebKit/537.36 (KHTML, like Gecko) Chrome/61.0.3163.100 Safari/537.36" [upstream: 127.0.0.1:8000 200] request_id=-
195.77.230.179 - - [29/Mar/2020:16:05:50 +0000] "GET /some-url HTTP/1.1" 200 1793 0.009 "https://example.com" "Mozilla/5.0 (X11; Fedora; Linux x86_64) AppleWebKit/537.36 (KHTML, like Gecko) Chrome/61.0.3163.100 Safari/537.36" [upstream: 127.0.0.1:8000 200] request_id=-
195.77.230.179 - - [29/Mar/2020:16:05:50 +0000] "GET /some-url HTTP/1.1" 200 1793 0.009 "https://example.com" "Mozilla/5.0 (X11; Fedora; Linux x86_64) AppleWebKit/537.36 (KHTML, like Gecko) Chrome/61.0.3163.100 Safari/537.36" [upstream: 127.0.0.1:8000 200] request_id=-
195.77.230.179 - - [29/Mar/2020:16:05:50 +0000] "GET /some-url HTTP/1.1" 200 1793 0.009 "https://example.com" "Mozilla/5.0 (X11; Fedora; Linux x86_64) AppleWebKit/537.36 (KHTML, like Gecko) Chrome/61.0.3163.100 Safari/537.36" [upstream: 127.0.0.1:8000 200] request_id=-
195.77.230.166 - - [29/Mar/2020:16:05:50 +0000] "GET /some-url HTTP/1.1" 200 1793 0.009 "https://example.com" "Mozilla/5.0 (X11; Fedora; Linux x86_64) AppleWebKit/537.36 (KHTML, like Gecko) Chrome/61.0.3163.100 Safari/537.36" [upstream: 127.0.0.1:8000 200] request_id=-
195.77.230.166 - - [29/Mar/2020:16:05:50 +0000] "GET /some-url HTTP/1.1" 200 1793 0.009 "https://example.com" "Mozilla/5.0 (X11; Fedora; Linux x86_64) AppleWebKit/537.36 (KHTML, like Gecko) Chrome/61.0.3163.100 Safari/537.36" [upstream: 127.0.0.1:8000 200] request_id=-
195.77.230.166 - - [29/Mar/2020:16:05:50 +0000] "GET /some-url HTTP/1.1" 200 1793 0.009 "https://example.com" "Mozilla/5.0 (X11; Fedora; Linux x86_64) AppleWebKit/537.36 (KHTML, like Gecko) Chrome/61.0.3163.100 Safari/537.36" [upstream: 127.0.0.1:8000 200] request_id=-
195.77.230.166 - - [29/Mar/2020:16:05:50 +0000] "GET /some-url HTTP/1.1" 200 1793 0.009 "https://example.com" "Mozilla/5.0 (X11; Fedora; Linux x86_64) AppleWebKit/537.36 (KHTML, like Gecko) Chrome/61.0.3163.100 Safari/537.36" [upstream: 127.0.0.1:8000 200] request_id=-
195.77.230.166 - - [29/Mar/2020:16:05:50 +0000] "GET /some-url HTTP/1.1" 200 1793 0.009 "https://example.com" "Mozilla/5.0 (X11; Fedora; Linux x86_64) AppleWebKit/537.36 (KHTML, like Gecko) Chrome/61.0.3163.100 Safari/537.36" [upstream: 127.0.0.1:8000 200] request_id=-
195.77.230.166 - - [29/Mar/2020:16:05:50 +0000] "GET /some-url HTTP/1.1" 200 1793 0.009 "https://example.com" "Mozilla/5.0 (X11; Fedora; Linux x86_64) AppleWebKit/537.36 (KHTML, like Gecko) Chrome/61.0.3163.100 Safari/537.36" [upstream: 127.0.0.1:8000 200] request_id=-
195.77.230.166 - - [29/Mar/2020:16:05:50 +0000] "GET /some-url HTTP/1.1" 200 1793 0.009 "https://example.com" "Mozilla/5.0 (X11; Fedora; Linux x86_64) AppleWebKit/537.36 (KHTML, like Gecko) Chrome/61.0.3163.100 Safari/537.36" [upstream: 127.0.0.1:8000 200] request_id=-
195.77.230.166 - - [29/Mar/2020:16:05:50 +0000] "GET /some-url HTTP/1.1" 200 1793 0.009 "https://example.com" "Mozilla/5.0 (X11; Fedora; Linux x86_64) AppleWebKit/537.36 (KHTML, like Gecko) Chrome/61.0.3163.100 Safari/537.36" [upstream: 127.0.0.1:8000 200] request_id=-
195.77.230.166 - - [29/Mar/2020:16:05:50 +0000] "GET /some-url HTTP/1.1" 200 1793 0.009 "https://example.com" "Mozilla/5.0 (X11; Fedora; Linux x86_64) AppleWebKit/537.36 (KHTML, like Gecko) Chrome/61.0.3163.100 Safari/537.36" [upstream: 127.0.0.1:8000 200] request_id=-
195.77.230.166 - - [29/Mar/2020:16:05:50 +0000] "GET /some-url HTTP/1.1" 200 1793 0.009 "https://example.com" "Mozilla/5.0 (X11; Fedora; Linux x86_64) AppleWebKit/537.36 (KHTML, like Gecko) Chrome/61.0.3163.100 Safari/537.36" [upstream: 127.0.0.1:8000 200] request_id=-
195.77.230.166 - - [29/Mar/2020:16:05:50 +0000] "GET /some-url HTTP/1.1" 200 1793 0.009 "https://example.com" "Mozilla/5.0 (X11; Fedora; Linux x86_64) AppleWebKit/537.36 (KHTML, like Gecko) Chrome/61.0.3163.100 Safari/537.36" [upstream: 127.0.0.1:8000 200] request_id=-
195.77.230.166 - - [29/Mar/2020:16:05:50 +0000] "GET /some-url HTTP/1.1" 200 1793 0.009 "https://example.com" "Mozilla/5.0 (X11; Fedora; Linux x86_64) AppleWebKit/537.36 (KHTML, like Gecko) Chrome/61.0.3163.100 Safari/537.36" [upstream: 127.0.0.1:8000 200] request_id=-
195.77.230.166 - - [29/Mar/2020:16:05:50 +0000] "GET /some-url HTTP/1.1" 200 1793 0.009 "https://example.com" "Mozilla/5.0 (X11; Fedora; Linux x86_64) AppleWebKit/537.36 (KHTML, like Gecko) Chrome/61.0.3163.100 Safari/537.36" [upstream: 127.0.0.1:8000 200] request_id=-
195.77.230.166 - - [29/Mar/2020:16:05:50 +0000] "GET /some-url HTTP/1.1" 200 1793 0.009 "https://example.com" "Mozilla/5.0 (X11; Fedora; Linux x86_64) AppleWebKit/537.36 (KHTML, like Gecko) Chrome/61.0.3163.100 Safari/537.36" [upstream: 127.0.0.1:8000 200] request_id=-
195.77.230.166 - - [29/Mar/2020:16:05:50 +0000] "GET /some-url HTTP/1.1" 200 1793 0.009 "https://example.com" "Mozilla/5.0 (X11; Fedora; Linux x86_64) AppleWebKit/537.36 (KHTML, like Gecko) Chrome/61.0.3163.100 Safari/537.36" [upstream: 127.0.0.1:8000 200] request_id=-
195.77.230.166 - - [29/Mar/2020:16:05:50 +0000] "GET /some-url HTTP/1.1" 200 1793 0.009 "https://example.com" "Mozilla/5.0 (X11; Fedora; Linux x86_64) AppleWebKit/537.36 (KHTML, like Gecko) Chrome/61.0.3163.100 Safari/537.36" [upstream: 127.0.0.1:8000 200] request_id=-
195.77.230.166 - - [29/Mar/2020:16:05:50 +0000] "GET /some-url HTTP/1.1" 200 1793 0.009 "https://example.com" "Mozilla/5.0 (X11; Fedora; Linux x86_64) AppleWebKit/537.36 (KHTML, like Gecko) Chrome/61.0.3163.100 Safari/537.36" [upstream: 127.0.0.1:8000 200] request_id=-
195.77.230.166 - - [29/Mar/2020:16:05:50 +0000] "GET /some-url HTTP/1.1" 200 1793 0.009 "https://example.com" "Mozilla/5.0 (X11; Fedora; Linux x86_64) AppleWebKit/537.36 (KHTML, like Gecko) Chrome/61.0.3163.100 Safari/537.36" [upstream: 127.0.0.1:8000 200] request_id=-
195.77.230.166 - - [29/Mar/2020:16:05:50 +0000] "GET /some-url HTTP/1.1" 200 1793 0.009 "https://example.com" "Mozilla/5.0 (X11; Fedora; Linux x86_64) AppleWebKit/537.36 (KHTML, like Gecko) Chrome/61.0.3163.100 Safari/537.36" [upstream: 127.0.0.1:8000 200] request_id=-
195.77.230.166 - - [29/Mar/2020:16:05:50 +0000] "GET /some-url HTTP/1.1" 200 1793 0.009 "https://example.com" "Mozilla/5.0 (X11; Fedora; Linux x86_64) AppleWebKit/537.36 (KHTML, like Gecko) Chrome/61.0.3163.100 Safari/537.36" [upstream: 127.0.0.1:8000 200] request_id=-
195.77.230.166 - - [29/Mar/2020:16:05:50 +0000] "GET /some-url HTTP/1.1" 200 1793 0.009 "https://example.com" "Mozilla/5.0 (X11; Fedora; Linux x86_64) AppleWebKit/537.36 (KHTML, like Gecko) Chrome/61.0.3163.100 Safari/537.36" [upstream: 127.0.0.1:8000 200] request_id=-
195.77.230.165 - - [29/Mar/2020:16:05:50 +0000] "GET /some-url HTTP/1.1" 200 1793 0.009 "https://example.com" "Mozilla/5.0 (X11; Fedora; Linux x86_64) AppleWebKit/537.36 (KHTML, like Gecko) Chrome/61.0.3163.100 Safari/537.36" [upstream: 127.0.0.1:8000 200] request_id=-
195.77.230.165 - - [29/Mar/2020:16:05:50 +0000] "GET /some-url HTTP/1.1" 200 1793 0.009 "https://example.com" "Mozilla/5.0 (X11; Fedora; Linux x86_64) AppleWebKit/537.36 (KHTML, like Gecko) Chrome/61.0.3163.100 Safari/537.36" [upstream: 127.0.0.1:8000 200] request_id=-
195.77.230.165 - - [29/Mar/2020:16:05:50 +0000] "GET /some-url HTTP/1.1" 200 1793 0.009 "https://example.com" "Mozilla/5.0 (X11; Fedora; Linux x86_64) AppleWebKit/537.36 (KHTML, like Gecko) Chrome/61.0.3163.100 Safari/537.36" [upstream: 127.0.0.1:8000 200] request_id=-
195.77.230.165 - - [29/Mar/2020:16:05:50 +0000] "GET /some-url HTTP/1.1" 200 1793 0.009 "https://example.com" "Mozilla/5.0 (X11; Fedora; Linux x86_64) AppleWebKit/537.36 (KHTML, like Gecko) Chrome/61.0.3163.100 Safari/537.36" [upstream: 127.0.0.1:8000 200] request_id=-
195.77.230.165 - - [29/Mar/2020:16:05:50 +0000] "GET /some-url HTTP/1.1" 200 1793 0.009 "https://example.com" "Mozilla/5.0 (X11; Fedora; Linux x86_64) AppleWebKit/537.36 (KHTML, like Gecko) Chrome/61.0.3163.100 Safari/537.36" [upstream: 127.0.0.1:8000 200] request_id=-
195.77.230.165 - - [29/Mar/2020:16:05:50 +0000] "GET /some-url HTTP/1.1" 200 1793 0.009 "https://example.com" "Mozilla/5.0 (X11; Fedora; Linux x86_64) AppleWebKit/537.36 (KHTML, like Gecko) Chrome/61.0.3163.100 Safari/537.36" [upstream: 127.0.0.1:8000 200] request_id=-
195.77.230.165 - - [29/Mar/2020:16:05:50 +0000] "GET /some-url HTTP/1.1" 200 1793 0.009 "https://example.com" "Mozilla/5.0 (X11; Fedora; Linux x86_64) AppleWebKit/537.36 (KHTML, like Gecko) Chrome/61.0.3163.100 Safari/537.36" [upstream: 127.0.0.1:8000 200] request_id=-
195.77.230.165 - - [29/Mar/2020:16:05:50 +0000] "GET /some-url HTTP/1.1" 200 1793 0.009 "https://example.com" "Mozilla/5.0 (X11; Fedora; Linux x86_64) AppleWebKit/537.36 (KHTML, like Gecko) Chrome/61.0.3163.100 Safari/537.36" [upstream: 127.0.0.1:8000 200] request_id=-
195.77.230.165 - - [29/Mar/2020:16:05:50 +0000] "GET /some-url HTTP/1.1" 200 1793 0.009 "https://example.com" "Mozilla/5.0 (X11; Fedora; Linux x86_64) AppleWebKit/537.36 (KHTML, like Gecko) Chrome/61.0.3163.100 Safari/537.36" [upstream: 127.0.0.1:8000 200] request_id=-
195.77.230.165 - - [29/Mar/2020:16:05:50 +0000] "GET /some-url HTTP/1.1" 200 1793 0.009 "https://example.com" "Mozilla/5.0 (X11; Fedora; Linux x86_64) AppleWebKit/537.36 (KHTML, like Gecko) Chrome/61.0.3163.100 Safari/537.36" [upstream: 127.0.0.1:8000 200] request_id=-
195.77.230.165 - - [29/Mar/2020:16:05:50 +0000] "GET /some-url HTTP/1.1" 200 1793 0.009 "https://example.com" "Mozilla/5.0 (X11; Fedora; Linux x86_64) AppleWebKit/537.36 (KHTML, like Gecko) Chrome/61.0.3163.100 Safari/537.36" [upstream: 127.0.0.1:8000 200] request_id=-
195.77.230.165 - - [29/Mar/2020:16:05:50 +0000] "GET /some-url HTTP/1.1" 200 1793 0.009 "https://example.com" "Mozilla/5.0 (X11; Fedora; Linux x86_64) AppleWebKit/537.36 (KHTML, like Gecko) Chrome/61.0.3163.100 Safari/537.36" [upstream: 127.0.0.1:8000 200] request_id=-
195.77.230.165 - - [29/Mar/2020:16:05:50 +0000] "GET /some-url HTTP/1.1" 200 1793 0.009 "https://example.com" "Mozilla/5.0 (X11; Fedora; Linux x86_64) AppleWebKit/537.36 (KHTML, like Gecko) Chrome/61.0.3163.100 Safari/537.36" [upstream: 127.0.0.1:8000 200] request_id=-
195.77.230.165 - - [29/Mar/2020:16:05:50 +0000] "GET /some-url HTTP/1.1" 200 1793 0.009 "https://example.com" "Mozilla/5.0 (X11; Fedora; Linux x86_64) AppleWebKit/537.36 (KHTML, like Gecko) Chrome/61.0.3163.100 Safari/537.36" [upstream: 127.0.0.1:8000 200] request_id=-
195.77.230.165 - - [29/Mar/2020:16:05:50 +0000] "GET /some-url HTTP/1.1" 200 1793 0.009 "https://example.com" "Mozilla/5.0 (X11; Fedora; Linux x86_64) AppleWebKit/537.36 (KHTML, like Gecko) Chrome/61.0.3163.100 Safari/537.36" [upstream: 127.0.0.1:8000 200] request_id=-
195.77.230.165 - - [29/Mar/2020:16:05:50 +0000] "GET /some-url HTTP/1.1" 200 1793 0.009 "https://example.com" "Mozilla/5.0 (X11; Fedora; Linux x86_64) AppleWebKit/537.36 (KHTML, like Gecko) Chrome/61.0.3163.100 Safari/537.36" [upstream: 127.0.0.1:8000 200] request_id=-
195.77.230.165 - - [29/Mar/2020:16:05:50 +0000] "GET /some-url HTTP/1.1" 200 1793 0.009 "https://example.com" "Mozilla/5.0 (X11; Fedora; Linux x86_64) AppleWebKit/537.36 (KHTML, like Gecko) Chrome/61.0.3163.100 Safari/537.36" [upstream: 127.0.0.1:8000 200] request_id=-
195.77.230.165 - - [29/Mar/2020:16:05:50 +0000] "GET /some-url HTTP/1.1" 200 1793 0.009 "https://example.com" "Mozilla/5.0 (X11; Fedora; Linux x86_64) AppleWebKit/537.36 (KHTML, like Gecko) Chrome/61.0.3163.100 Safari/537.36" [upstream: 127.0.0.1:8000 200] request_id=-
195.77.230.188 - - [29/Mar/2020:16:05:50 +0000] "GET /some-url HTTP/1.1" 200 1793 0.009 "https://example.com" "Mozilla/5.0 (X11; Fedora; Linux x86_64) AppleWebKit/537.36 (KHTML, like Gecko) Chrome/61.0.3163.100 Safari/537.36" [upstream: 127.0.0.1:8000 200] request_id=-
